=== REFERENCE A: every zone, annual summary of ventilation-related series ===
zone          airT_mean     izamIn    izamOut       vent      infil   infVentG    airMovG    AHUGain
Studio 1_0       15.682    -1.0000    -1.0000     0.0000     0.0151   -190.743   -208.805      0.000
Corridor_1       15.248    -1.0000    -1.0000     0.0000     0.0738   -406.700      0.000      0.000
Bathroom_2       17.958    -1.0000    -1.0000     0.0000     0.0050    -40.602    -22.294      0.000
Bedroom 2_3      14.416    -1.0000    -1.0000     0.0000     0.0212    -99.882   -340.818      0.000
Kitchen_4        15.353    -1.0000    -1.0000     0.0000     0.0151   -117.274    -72.320      0.000
Ensuite_5        17.474    -1.0000    -1.0000     0.0000     0.0060    -45.762    -20.774      0.000
Bedroom 2_6      14.377    -1.0000    -1.0000     0.0000     0.0212    -96.995   -337.823      0.000
Kitchen_7        15.497    -1.0000    -1.0000     0.0000     0.0151   -123.655    -86.356      0.000
Ensuite_8        17.989    -1.0000    -1.0000     0.0000     0.0060    -48.913    -24.413      0.000
MVHR-01           9.998    -1.0000    -1.0000     0.0000     0.0000      0.072      0.000      0.000
MVHR-02           9.999    -1.0000    -1.0000     0.0000     0.0000      0.128      0.000      0.000
MVHR-03           9.999    -1.0000    -1.0000     0.0000     0.0000      0.128      0.000      0.000

=== CANDIDATE B bridge TSD: every zone ===
zone          airT_mean     izamIn    izamOut       vent      infil   infVentG    airMovG    AHUGain
Studio 1_0       15.973    -1.0000    -1.0000     0.0000     0.0151   -117.355      0.000      0.000
Corridor_1       15.490    -1.0000    -1.0000     0.0000     0.0738   -414.873      0.000      0.000
Bathroom_2       18.490    -1.0000    -1.0000     0.0000     0.0050    -43.314      0.000      0.000
Bedroom 2_3      14.939    -1.0000    -1.0000     0.0000     0.0212   -105.063      0.000      0.000
Kitchen_4        16.358    -1.0000    -1.0000     0.0000     0.0151   -135.517      0.000      0.000
Ensuite_5        17.378    -1.0000    -1.0000     0.0000     0.0060    -45.172      0.000      0.000
Bedroom 2_6      14.879    -1.0000    -1.0000     0.0000     0.0212   -102.235      0.000      0.000
Kitchen_7        16.367    -1.0000    -1.0000     0.0000     0.0151   -134.936      0.000      0.000
Ensuite_8        17.446    -1.0000    -1.0000     0.0000     0.0060    -45.588      0.000      0.000

=== CANDIDATE B no-IZAM SOURCE TSD (free-running, ventilation not modelled in TBD) ===
zone          airT_mean     izamIn    izamOut       vent      infil   infVentG    airMovG    AHUGain
Studio 1_0       17.614    -1.0000    -1.0000     0.0000     0.0151   -320.648      0.000      0.000
Corridor_1       16.480    -1.0000    -1.0000     0.0000     0.0738   -519.610      0.000      0.000
Bathroom_2       19.817    -1.0000    -1.0000     0.0000     0.0050    -50.088      0.000      0.000
Bedroom 2_3      17.049    -1.0000    -1.0000     0.0000     0.0212   -221.793      0.000      0.000
Kitchen_4        17.067    -1.0000    -1.0000     0.0000     0.0151   -179.372      0.000      0.000
Ensuite_5        19.240    -1.0000    -1.0000     0.0000     0.0060    -56.570      0.000      0.000
Bedroom 2_6      16.979    -1.0000    -1.0000     0.0000     0.0212   -214.593      0.000      0.000
Kitchen_7        17.157    -1.0000    -1.0000     0.0000     0.0151   -185.736      0.000      0.000
Ensuite_8        19.608    -1.0000    -1.0000     0.0000     0.0060    -58.826      0.000      0.000

=== MVHR zones in Reference A: temperature vs outdoor ===
MVHR-01  mean=9.998 min=-2.232 max=24.959 | mean(T-ODB)=-0.002  corr(T,ODB)=0.9889  hours T>ODB+0.5: 3278  T<ODB-0.5: 2701
MVHR-02  mean=9.999 min=-3.931 max=27.438 | mean(T-ODB)=-0.002  corr(T,ODB)=0.9959  hours T>ODB+0.5: 2358  T<ODB-0.5: 2004
MVHR-03  mean=9.999 min=-3.931 max=27.438 | mean(T-ODB)=-0.002  corr(T,ODB)=0.9959  hours T>ODB+0.5: 2358  T<ODB-0.5: 2004
outdoor  mean=10.000 min=-5.900 max=30.600

=== Sample: hour 2968 and 5491, all A zones ===
hour 1843  ODB=12.80
   A Studio 1_0 air= 15.208 mrt= 13.976 res= 14.592 izamIn=  -1.000 izamOut=  -1.000 infVentG=   -36.86 airMovG=  -107.57
   A Corridor_1 air= 12.819 mrt= 12.063 res= 12.441 izamIn=  -1.000 izamOut=  -1.000 infVentG=    -1.40 airMovG=     0.00
   A Bathroom_2 air= 17.301 mrt= 14.879 res= 16.090 izamIn=  -1.000 izamOut=  -1.000 infVentG=   -22.96 airMovG=   -20.50
   A Bedroom 2_3 air= 13.129 mrt= 12.486 res= 12.808 izamIn=  -1.000 izamOut=  -1.000 infVentG=    -7.05 airMovG=   -40.31
   A Kitchen_4  air= 13.852 mrt= 12.980 res= 13.416 izamIn=  -1.000 izamOut=  -1.000 infVentG=   -16.10 airMovG=   -55.73
   A Ensuite_5  air= 16.347 mrt= 14.126 res= 15.237 izamIn=  -1.000 izamOut=  -1.000 infVentG=   -21.72 airMovG=   -24.45
   A Bedroom 2_6 air= 13.040 mrt= 12.372 res= 12.706 izamIn=  -1.000 izamOut=  -1.000 infVentG=    -5.15 airMovG=   -33.45
   A Kitchen_7  air= 13.972 mrt= 13.146 res= 13.559 izamIn=  -1.000 izamOut=  -1.000 infVentG=   -17.94 airMovG=   -71.88
   A Ensuite_8  air= 16.760 mrt= 14.562 res= 15.661 izamIn=  -1.000 izamOut=  -1.000 infVentG=   -24.25 airMovG=   -27.31
   A MVHR-01    air= 12.280 mrt= 11.797 res= 12.038 izamIn=  -1.000 izamOut=  -1.000 infVentG=    19.11 airMovG=     0.00
   A MVHR-02    air= 12.607 mrt= 12.204 res= 12.405 izamIn=  -1.000 izamOut=  -1.000 infVentG=    14.91 airMovG=     0.00
   A MVHR-03    air= 12.607 mrt= 12.204 res= 12.405 izamIn=  -1.000 izamOut=  -1.000 infVentG=    14.91 airMovG=     0.00
