weather ODB max|diff| A vs Bsrc = 0.000000000
weather ODB max|diff| A vs Bbridge = 0.000000000
  globalRadiation: A-Bbridge max|diff| = 0.000000000
  diffuseRadiation: A-Bbridge max|diff| = 0.000000000
  windSpeed: A-Bbridge max|diff| = 0.000000000
  externalHumidity: A-Bbridge max|diff| = 0.000000000
rows 70080 finite 70080

=== POOLED (8 bound rooms, 70080 h) ===
A_res vs B_res                   bias=+0.3726 RMSE=0.8335 MAE=0.6889 max=2.9086 sd=0.7456
A_air vs B_air(achieved)         bias=+0.3853 RMSE=0.9840 MAE=0.8010 max=4.1304 sd=0.9054
A_mrt vs B_mrt                   bias=+0.3599 RMSE=0.7101 MAE=0.6037 max=1.8805 sd=0.6121
A: max|res-(air+mrt)/2| = 0.000001  mean=0.000000
B: max|res-(air+mrt)/2| = 0.000001  mean=0.000000
S: max|res-(air+mrt)/2| = 0.000001  mean=0.000000

=== PER-ROOM ===
room          bias_res  rmse_res  max_res    hr |  bias_air  rmse_air  max_air |  bias_mrt  rmse_mrt  max_mrt
Bathroom_2     +0.4949    0.8175   2.4544  1843 |   +0.5316    0.9793   3.0282 |   +0.4583    0.6906   1.8805
Studio 1_0     +0.2845    0.6725   1.5437  6211 |   +0.2917    0.8026   2.2332 |   +0.2774    0.5754   1.1324
Bedroom 2_3    +0.4874    0.7129   2.3516  2968 |   +0.5224    0.7798   3.0744 |   +0.4523    0.6561   1.6288
Ensuite_5      +0.0478    0.8278   2.6335  4819 |   -0.0964    0.9866   3.8395 |   +0.1919    0.7179   1.5326
Kitchen_4      +0.8288    1.0689   2.4591  2968 |   +1.0047    1.2617   3.0939 |   +0.6530    0.8869   1.8243
Bedroom 2_6    +0.4659    0.6940   2.4927  2968 |   +0.5018    0.7544   3.2362 |   +0.4299    0.6444   1.7493
Ensuite_8      -0.3347    0.8496   2.9086  5491 |   -0.5430    1.0699   4.1304 |   -0.1264    0.6762   1.7909
Kitchen_7      +0.7065    0.9476   2.3737  2968 |   +0.8700    1.1207   3.1672 |   +0.5430    0.7877   1.7092

=== >26C hours (ResultantTemperature, strict >) ===
Bathroom_2   A=  4 B= 16
Studio 1_0   A= 13 B= 12
Bedroom 2_3  A=  3 B=  3
Ensuite_5    A=  0 B=  0
Kitchen_4    A=  4 B=  4
Bedroom 2_6  A=  2 B=  3
Ensuite_8    A=  0 B=  0
Kitchen_7    A=  4 B=  4
