=== ANALYSIS 9: 5491 vs 5299 ===
Ensuite_8 top-8 |B-A| resultant hours (0-based index into the 8760 series):
   hour 5491  A_res= 23.074  B_res= 20.165  delta=-2.9086  ODB= 16.50
   hour 5299  A_res= 23.339  B_res= 20.431  delta=-2.9083  ODB= 17.00
   hour 4819  A_res= 24.030  B_res= 21.127  delta=-2.9034  ODB= 17.60
   hour 5371  A_res= 22.914  B_res= 20.018  delta=-2.8961  ODB= 15.80
   hour 4867  A_res= 23.839  B_res= 20.958  delta=-2.8811  ODB= 17.70
   hour 5179  A_res= 23.596  B_res= 20.732  delta=-2.8636  ODB= 17.80
   hour 4891  A_res= 23.604  B_res= 20.741  delta=-2.8628  ODB= 17.50
   hour 5347  A_res= 22.991  B_res= 20.143  delta=-2.8478  ODB= 16.50
  value AT hour 5299: A=23.3392 B=20.4310 delta=-2.9083
  value AT hour 5491: A=23.0739 B=20.1653 delta=-2.9086
  pooled argmax over all 8 rooms: room=Ensuite_8 hour=5491 delta=-2.9086
  hour index conventions: 0-based h=5491 -> day 229 (1-based), hour-of-day 19; 1-based h=5491 -> day 229 hour 18
  1-based-to-0-based candidates near 5299: |delta| at 5298=2.5237 5299=2.9083 5300=2.3822
  argmax hour per channel (Ensuite_8): air=4819 mrt=5371 res=5491
  Bathroom_2   argmax_res hour=1843 (2.4544) | rank of hour 5299 = 2893, of 5491 = 3048
  Studio 1_0   argmax_res hour=6211 (1.5437) | rank of hour 5299 = 4912, of 5491 = 4155
  Bedroom 2_3  argmax_res hour=2968 (2.3516) | rank of hour 5299 = 6121, of 5491 = 5763
  Ensuite_5    argmax_res hour=4819 (2.6335) | rank of hour 5299 = 2, of 5491 = 3
  Kitchen_4    argmax_res hour=2968 (2.4591) | rank of hour 5299 = 8510, of 5491 = 8374
  Bedroom 2_6  argmax_res hour=2968 (2.4927) | rank of hour 5299 = 5923, of 5491 = 5577
  Ensuite_8    argmax_res hour=5491 (2.9086) | rank of hour 5299 = 2, of 5491 = 1
  Kitchen_7    argmax_res hour=2968 (2.3737) | rank of hour 5299 = 8519, of 5491 = 7873

=== ANALYSIS 4: CRITICAL HOURS ===
--- hour 1843 (day 77, hour-of-day 19, Mar) ODB=12.80  glob=0  MVHR01=12.28 MVHR02/03=12.61
    room           A_air   B_air   d_air   A_res   B_res   d_res    B_in    A_in   B_out   flow
    Bathroom_2    17.301  20.329  +3.028  16.090  18.544  +2.454  29.746  15.208       -      8
    Studio 1_0    15.208  14.904  -0.304  14.592  14.775  +0.183  12.800  12.280       -     30
    Bedroom 2_3   13.129  14.064  +0.934  12.808  13.820  +1.013  12.800  12.607       -     63
    Ensuite_5     16.347  16.456  +0.109  15.237  15.689  +0.452  16.123  13.852       -      8
    Kitchen_4     13.852  16.123  +2.272  13.416  15.344  +1.928  16.374  13.129       -     63
    Bedroom 2_6   13.040  13.904  +0.864  12.706  13.655  +0.949  12.800  12.607       -     63
    Ensuite_8     16.760  16.461  -0.299  15.661  15.758  +0.097  16.122  13.972       -      8
    Kitchen_7     13.972  16.123  +2.151  13.559  15.366  +1.807  16.374  13.040       -     63
--- hour 2968 (day 124, hour-of-day 16, May) ODB=21.10  glob=347  MVHR01=17.43 MVHR02/03=19.05
    room           A_air   B_air   d_air   A_res   B_res   d_res    B_in    A_in   B_out   flow
    Bathroom_2    19.874  21.539  +1.665  19.173  20.582  +1.409  23.545  21.062       -      8
    Studio 1_0    21.062  21.104  +0.041  20.812  21.049  +0.237  21.100  17.428       -     30
    Bedroom 2_3   17.737  20.811  +3.074  17.373  19.725  +2.352  21.100  19.054       -     63
    Ensuite_5     18.478  20.389  +1.911  17.841  19.524  +1.683  21.600  17.804       -      8
    Kitchen_4     17.804  20.898  +3.094  17.642  20.101  +2.459  20.810  17.737       -     63
    Bedroom 2_6   17.540  20.777  +3.236  17.148  19.641  +2.493  21.100  19.054       -     63
    Ensuite_8     18.744  20.259  +1.515  18.120  19.430  +1.309  21.566  17.857       -      8
    Kitchen_7     17.857  20.895  +3.038  17.725  20.098  +2.374  20.776  17.540       -     63
--- hour 4819 (day 201, hour-of-day 19, Jul) ODB=17.60  glob=32  MVHR01=16.77 MVHR02/03=17.34
    room           A_air   B_air   d_air   A_res   B_res   d_res    B_in    A_in   B_out   flow
    Bathroom_2    25.300  26.478  +1.178  24.179  24.980  +0.801  34.830  19.197       -      8
    Studio 1_0    19.197  18.700  -0.497  20.341  20.003  -0.338  17.600  16.768       -     30
    Bedroom 2_3   19.687  19.362  -0.326  20.231  20.003  -0.227  17.600  17.337       -     63
    Ensuite_5     24.695  20.855  -3.840  23.650  21.017  -2.633  20.108  19.909       -      8
    Kitchen_4     19.909  20.109  +0.200  20.482  20.531  +0.049  21.234  19.687       -     63
    Bedroom 2_6   19.670  19.336  -0.334  20.196  19.921  -0.275  17.600  17.337       -     63
    Ensuite_8     25.063  20.932  -4.130  24.030  21.127  -2.903  20.119  19.933       -      8
    Kitchen_7     19.933  20.120  +0.188  20.540  20.563  +0.023  21.234  19.670       -     63
--- hour 5299 (day 221, hour-of-day 19, Aug) ODB=17.00  glob=9  MVHR01=16.51 MVHR02/03=16.91
    room           A_air   B_air   d_air   A_res   B_res   d_res    B_in    A_in   B_out   flow
    Bathroom_2    24.717  25.897  +1.180  23.575  24.372  +0.797  34.195  19.141       -      8
    Studio 1_0    19.141  18.419  -0.721  20.073  19.562  -0.512  17.000  16.512       -     30
    Bedroom 2_3   19.255  18.794  -0.461  19.679  19.350  -0.329  17.000  16.908       -     63
    Ensuite_5     24.012  20.259  -3.753  22.957  20.351  -2.606  19.596  19.424       -      8
    Kitchen_4     19.424  19.597  +0.173  19.912  19.928  +0.015  20.626  19.255       -     63
    Bedroom 2_6   19.242  18.768  -0.474  19.643  19.262  -0.381  17.000  16.908       -     63
    Ensuite_8     24.381  20.281  -4.100  23.339  20.431  -2.908  19.603  19.444       -      8
    Kitchen_7     19.444  19.604  +0.160  19.977  19.965  -0.012  20.626  19.242       -     63
--- hour 5491 (day 229, hour-of-day 19, Aug) ODB=16.50  glob=3  MVHR01=15.78 MVHR02/03=16.25
    room           A_air   B_air   d_air   A_res   B_res   d_res    B_in    A_in   B_out   flow
    Bathroom_2    24.260  25.428  +1.168  23.136  23.916  +0.780  33.665  19.129       -      8
    Studio 1_0    19.129  18.197  -0.932  19.737  19.104  -0.633  16.500  15.783       -     30
    Bedroom 2_3   19.135  18.541  -0.594  19.498  19.084  -0.414  16.500  16.249       -     63
    Ensuite_5     23.743  20.009  -3.734  22.700  20.096  -2.605  19.358  19.234       -      8
    Kitchen_4     19.234  19.359  +0.125  19.674  19.651  -0.023  20.120  19.135       -     63
    Bedroom 2_6   19.130  18.525  -0.605  19.480  19.015  -0.464  16.500  16.249       -     63
    Ensuite_8     24.106  20.021  -4.084  23.074  20.165  -2.909  19.359  19.244       -      8
    Kitchen_7     19.244  19.360  +0.116  19.722  19.675  -0.047  20.120  19.130       -     63
--- hour 6211 (day 259, hour-of-day 19, Sep) ODB=10.50  glob=0  MVHR01=10.65 MVHR02/03=10.63
    room           A_air   B_air   d_air   A_res   B_res   d_res    B_in    A_in   B_out   flow
    Bathroom_2    22.526  23.265  +0.739  21.424  21.739  +0.315  27.310  19.011       -      8
    Studio 1_0    19.011  16.778  -2.233  18.834  17.291  -1.544  10.500  10.649       -     30
    Bedroom 2_3   16.725  16.697  -0.028  17.174  17.072  -0.102  10.500  10.630       -     63
    Ensuite_5     21.992  21.864  -0.128  20.987  20.739  -0.249  21.761  18.695       -      8
    Kitchen_4     18.695  17.705  -0.990  18.564  17.919  -0.645  16.697  16.725       -     63
    Bedroom 2_6   16.709  16.684  -0.025  17.158  17.055  -0.103  10.500  10.630       -     63
    Ensuite_8     22.569  21.863  -0.706  21.577  20.835  -0.742  21.748  18.877       -      8
    Kitchen_7     18.877  17.678  -1.198  18.773  17.949  -0.825  16.684  16.709       -     63

=== ANALYSIS 8: MONTHLY ===
room             Jan     Feb     Mar     Apr     May     Jun     Jul     Aug     Sep     Oct     Nov     Dec   (bias of B-A resultant)
Bathroom_2    +0.762  +0.830  +1.168  +0.797  +0.469  +0.026  -0.071  +0.057  -0.181  +0.128  +0.943  +1.031
Studio 1_0    +0.752  +0.792  +0.965  +0.524  -0.097  -0.326  -0.227  -0.188  -0.449  +0.005  +0.852  +0.844
Bedroom 2_3   +0.789  +0.830  +1.040  +0.883  +0.683  -0.097  -0.178  -0.175  -0.136  +0.398  +0.920  +0.911
Ensuite_5     +0.496  +0.610  +0.922  +0.686  +0.361  -0.791  -1.032  -1.118  -0.828  -0.106  +0.701  +0.714
Kitchen_4     +1.261  +1.330  +1.557  +1.338  +0.972  +0.037  -0.034  -0.027  +0.004  +0.646  +1.428  +1.467
Bedroom 2_6   +0.730  +0.779  +0.987  +0.876  +0.769  -0.092  -0.201  -0.209  -0.149  +0.386  +0.871  +0.862
Ensuite_8     +0.065  +0.191  +0.514  +0.283  -0.007  -1.100  -1.309  -1.405  -1.190  -0.550  +0.239  +0.289
Kitchen_7     +1.095  +1.173  +1.393  +1.197  +0.873  -0.027  -0.079  -0.068  -0.094  +0.486  +1.246  +1.310
POOLED        +0.744  +0.817  +1.068  +0.823  +0.503  -0.296  -0.392  -0.392  -0.378  +0.174  +0.900  +0.929
pooled RMSE    0.849   0.904   1.136   0.924   0.731   0.605   0.691   0.722   0.644   0.567   0.995   1.017

pooled bias day (07-22) = +0.3582  RMSE=0.8547
pooled bias night(23-06) = +0.4016  RMSE=0.7893
pooled ODB>=20      n=  3480 bias=-0.0476 RMSE=0.4904 max=2.4927
pooled 10<=ODB<20   n= 31648 bias=+0.0007 RMSE=0.7772 max=2.9086
pooled ODB<10       n= 34952 bias=+0.7512 RMSE=0.9067 max=2.3443

correlation of pooled d_res with:
   ODB                       r=-0.5033
   A room resultant          r=-0.7350
   B room resultant          r=-0.6267
   (T_MVHRzone - ODB) in A   r=0.2675
   global radiation          r=-0.1510
