=== ANALYSIS 7: ventilation-equivalence checks (native results) ===
B0 bridge TBD airMovementGain (inter-zone air movement) per room:
   Bathroom_2   min=0.000000000 max=0.000000000  (Reference A: min=-63.56 max=47.07)
   Studio 1_0   min=0.000000000 max=0.000000000  (Reference A: min=-414.73 max=-4.13)
   Bedroom 2_3  min=0.000000000 max=0.000000000  (Reference A: min=-811.89 max=101.62)
   Ensuite_5    min=0.000000000 max=0.000000000  (Reference A: min=-49.16 max=44.60)
   Kitchen_4    min=0.000000000 max=0.000000000  (Reference A: min=-177.40 max=16.35)
   Bedroom 2_6  min=0.000000000 max=0.000000000  (Reference A: min=-812.51 max=116.75)
   Ensuite_8    min=0.000000000 max=0.000000000  (Reference A: min=-52.07 max=45.25)
   Kitchen_7    min=0.000000000 max=0.000000000  (Reference A: min=-195.57 max=2.71)
B0 no-IZAM SOURCE TBD airMovementGain: max over all rooms = 0.000000000

infiltration (ach) A vs B per room, and ventilation array:
   Bathroom_2   A_inf=0.005042 B_inf=0.005042 S_inf=0.005042  max|A-B|=0.000000000   A_vent max=0.000000 B_vent max=0.000000
   Studio 1_0   A_inf=0.015125 B_inf=0.015125 S_inf=0.015125  max|A-B|=0.000000000   A_vent max=0.000000 B_vent max=0.000000
   Bedroom 2_3  A_inf=0.021175 B_inf=0.021175 S_inf=0.021175  max|A-B|=0.000000000   A_vent max=0.000000 B_vent max=0.000000
   Ensuite_5    A_inf=0.006050 B_inf=0.006050 S_inf=0.006050  max|A-B|=0.000000000   A_vent max=0.000000 B_vent max=0.000000
   Kitchen_4    A_inf=0.015125 B_inf=0.015125 S_inf=0.015125  max|A-B|=0.000000000   A_vent max=0.000000 B_vent max=0.000000
   Bedroom 2_6  A_inf=0.021175 B_inf=0.021175 S_inf=0.021175  max|A-B|=0.000000000   A_vent max=0.000000 B_vent max=0.000000
   Ensuite_8    A_inf=0.006050 B_inf=0.006050 S_inf=0.006050  max|A-B|=0.000000000   A_vent max=0.000000 B_vent max=0.000000
   Kitchen_7    A_inf=0.015125 B_inf=0.015125 S_inf=0.015125  max|A-B|=0.000000000   A_vent max=0.000000 B_vent max=0.000000

AHUGain (would be non-zero if the TBD itself carried an AHU/mech-vent gain):
   Bathroom_2   A max|AHUGain|=0.000000  B max|AHUGain|=0.000000  S max|AHUGain|=0.000000
   Studio 1_0   A max|AHUGain|=0.000000  B max|AHUGain|=0.000000  S max|AHUGain|=0.000000
   Bedroom 2_3  A max|AHUGain|=0.000000  B max|AHUGain|=0.000000  S max|AHUGain|=0.000000
   Ensuite_5    A max|AHUGain|=0.000000  B max|AHUGain|=0.000000  S max|AHUGain|=0.000000
   Kitchen_4    A max|AHUGain|=0.000000  B max|AHUGain|=0.000000  S max|AHUGain|=0.000000
   Bedroom 2_6  A max|AHUGain|=0.000000  B max|AHUGain|=0.000000  S max|AHUGain|=0.000000
   Ensuite_8    A max|AHUGain|=0.000000  B max|AHUGain|=0.000000  S max|AHUGain|=0.000000
   Kitchen_7    A max|AHUGain|=0.000000  B max|AHUGain|=0.000000  S max|AHUGain|=0.000000

=== duct flows: every leg constant at its design value, and per-system supply == extract ===
   all 43 duct flow series constant across 8760 h: True
   MVHR-01  fresh air in = 30.0 l/s ; exhaust out = 30.0 l/s ; balanced = True
   MVHR-02  fresh air in = 63.0 l/s ; exhaust out = 63.0 l/s ; balanced = True
   MVHR-03  fresh air in = 63.0 l/s ; exhaust out = 63.0 l/s ; balanced = True

=== gains identity: are the internal gains identical between A and B0 building models? ===
   Bathroom_2   max|A-B| occupantSensible=0.000000 equipmentSensible=0.000000 solar=0.0000
   Studio 1_0   max|A-B| occupantSensible=0.000000 equipmentSensible=0.000000 solar=0.0000
   Bedroom 2_3  max|A-B| occupantSensible=0.000000 equipmentSensible=0.000000 solar=0.0000
   Ensuite_5    max|A-B| occupantSensible=0.000000 equipmentSensible=0.000000 solar=0.0000
   Kitchen_4    max|A-B| occupantSensible=0.000000 equipmentSensible=0.000000 solar=0.0000
   Bedroom 2_6  max|A-B| occupantSensible=0.000000 equipmentSensible=0.000000 solar=0.0000
   Ensuite_8    max|A-B| occupantSensible=0.000000 equipmentSensible=0.000000 solar=0.0000
   Kitchen_7    max|A-B| occupantSensible=0.000000 equipmentSensible=0.000000 solar=0.0000

=== 5491 vs 5299 exact ===
   hour 5491 : A=23.073898000 B=20.165325000 |B-A|=2.908573000
   hour 5299 : A=23.339245000 B=20.430975000 |B-A|=2.908270000
   hour 4819 : A=24.030121000 B=21.126686000 |B-A|=2.903435000
   |delta(5491)| - |delta(5299)| = 0.000303000 K
   both round to 2.909 K
