=== ANALYSIS 2: TIME SHIFT ===

--- A_air vs B_zone(achieved air) --- (pooled over 8 rooms; B(t+k) against A(t))
   k      bias      RMSE       MAE       max      corr
  -3   +0.3855    1.2531    1.0123    6.5709  0.961033
  -2   +0.3855    1.1475    0.9318    5.9788  0.969876
  -1   +0.3855    1.0407    0.8487    5.5039  0.978022
  +0   +0.3853    0.9840    0.8010    4.1304  0.982017
  +1   +0.3850    1.0795    0.8720    5.5310  0.975126
  +2   +0.3849    1.2079    0.9565    5.9725  0.964871
  +3   +0.3847    1.3193    1.0407    6.6466  0.955039
  per-room RMSE by shift:
  room             k=-3     k=-2     k=-1     k=+0     k=+1     k=+2     k=+3   best
  Bathroom_2     1.4742   1.3234   1.1210   0.9793   1.1562   1.3705   1.5195   +0
  Studio 1_0     1.1022   0.9727   0.8603   0.8026   0.8966   1.0402   1.1991   +0
  Bedroom 2_3    1.0760   0.9355   0.8243   0.7798   0.8602   0.9955   1.1508   +0
  Ensuite_5      1.2214   1.1427   1.0399   0.9866   1.1271   1.2676   1.3328   +0
  Kitchen_4      1.4392   1.3625   1.2962   1.2617   1.3003   1.3724   1.4595   +0
  Bedroom 2_6    1.0581   0.9149   0.8008   0.7544   0.8364   0.9743   1.1319   +0
  Ensuite_8      1.2700   1.2032   1.1146   1.0699   1.1960   1.3216   1.3771   +0
  Kitchen_7      1.3118   1.2306   1.1591   1.1207   1.1623   1.2389   1.3303   +0

--- A_res vs B_res --- (pooled over 8 rooms; B(t+k) against A(t))
   k      bias      RMSE       MAE       max      corr
  -3   +0.3729    1.0514    0.8621    5.0062  0.973725
  -2   +0.3729    0.9600    0.7925    4.0299  0.980568
  -1   +0.3728    0.8756    0.7254    3.7404  0.986335
  +0   +0.3726    0.8335    0.6889    2.9086  0.989002
  +1   +0.3724    0.9006    0.7396    3.7188  0.984657
  +2   +0.3723    1.0003    0.8054    4.0931  0.977590
  +3   +0.3722    1.0977    0.8754    5.1540  0.969972
  per-room RMSE by shift:
  room             k=-3     k=-2     k=-1     k=+0     k=+1     k=+2     k=+3   best
  Bathroom_2     1.1450   1.0334   0.9004   0.8175   0.9221   1.0634   1.1735   +0
  Studio 1_0     0.9932   0.8539   0.7333   0.6725   0.7710   0.9201   1.0830   +0
  Bedroom 2_3    0.9546   0.8422   0.7524   0.7129   0.7696   0.8720   0.9931   +0
  Ensuite_5      0.9820   0.9234   0.8572   0.8278   0.9104   1.0023   1.0566   +0
  Kitchen_4      1.2439   1.1663   1.1015   1.0689   1.1073   1.1785   1.2648   +0
  Bedroom 2_6    0.9390   0.8256   0.7345   0.6940   0.7514   0.8548   0.9768   +0
  Ensuite_8      0.9818   0.9322   0.8748   0.8496   0.9251   1.0074   1.0533   +0
  Kitchen_7      1.1307   1.0506   0.9827   0.9476   0.9880   1.0619   1.1505   +0

=== bias-removed (dynamic) residual ===
A_air vs B_zone      RMSE=0.9840  bias=+0.3853  RMSE after removing pooled bias=0.9054  after per-room bias=0.7733
A_res vs B_res       RMSE=0.8335  bias=+0.3726  RMSE after removing pooled bias=0.7456  after per-room bias=0.6593
A_mrt vs B_mrt       RMSE=0.7101  bias=+0.3599  RMSE after removing pooled bias=0.6121  after per-room bias=0.5682
