=== free-running no-IZAM SOURCE offset (the temperature the zone loads were evaluated at) ===
room           S-B mean   S-A mean   B-A mean corr(S-B, B-A)
Bathroom_2        1.328      1.859      0.532    -0.4359
Studio 1_0        1.641      1.932      0.292     0.4832
Bedroom 2_3       2.110      2.632      0.522     0.4367
Ensuite_5         1.862      1.765     -0.096    -0.5231
Kitchen_4         0.709      1.714      1.005     0.5694
Bedroom 2_6       2.100      2.601      0.502     0.3971
Ensuite_8         2.162      1.619     -0.543    -0.5610
Kitchen_7         0.790      1.660      0.870     0.5790

monthly: pooled (S-B) vs pooled (B-A) air
month          Jan     Feb     Mar     Apr     May     Jun     Jul     Aug     Sep     Oct     Nov     Dec
S-B          1.883   1.940   1.858   1.811   1.503   1.150   1.020   0.936   1.345   1.738   1.988   1.912
B-A          0.846   0.859   1.124   0.861   0.499  -0.350  -0.453  -0.442  -0.417   0.194   0.961   0.972
monthly correlation of the two series across the 12 months: r=0.9319

=== ANALYSIS 8b: BATHROOM_2 - the 12 extra >26 C hours ===
A>26: 4 hours [np.int64(4651), np.int64(4747), np.int64(5106), np.int64(5107)]
B>26: 16 hours [np.int64(4339), np.int64(4578), np.int64(4579), np.int64(4602), np.int64(4603), np.int64(4626), np.int64(4627), np.int64(4650), np.int64(4651), np.int64(4674), np.int64(4675), np.int64(4746), np.int64(4747), np.int64(4748), np.int64(5106), np.int64(5107)]
B-only hours: 12
  hour   mon    A_res    B_res    delta   A_over   B_over  B_inlet A_inlet(Studio)      ODB
  4339   Jun   25.045   26.120   +1.075   -0.955    0.120   41.292   24.046    23.70
  4578   Jul   25.609   26.297   +0.688   -0.391    0.297   41.514   25.995    25.80
  4579   Jul   25.523   26.407   +0.884   -0.477    0.407   40.445   23.532    22.90
  4602   Jul   25.571   26.421   +0.850   -0.429    0.421   40.974   24.010    23.40
  4603   Jul   25.547   26.514   +0.967   -0.453    0.514   39.279   22.270    21.80
  4626   Jul   25.673   26.479   +0.806   -0.327    0.479   42.245   25.226    24.60
  4627   Jul   25.889   26.784   +0.895   -0.111    0.784   39.954   24.957    24.40
  4650   Jul   25.994   26.850   +0.856   -0.006    0.850   42.139   24.642    24.50
  4674   Jul   25.727   26.568   +0.841   -0.273    0.568   39.597   22.567    22.10
  4675   Jul   25.859   26.801   +0.942   -0.141    0.801   39.279   22.863    21.80
  4746   Jul   25.916   26.276   +0.360   -0.084    0.276   31.595   26.026    26.00
  4748   Jul   25.376   26.076   +0.699   -0.624    0.076   34.386   23.377    23.10
B-only hours: B margin over 26 C: mean=0.466 max=0.850 min=0.076
B-only hours: A already at    : mean=25.644 max=25.994
hours where A>26 and B<=26   : 0
Bathroom_2 hours within 0.5 K below 26 in A: 10 ; in B: 15

=== top-10 |B-A| resultant hours per room ===
Bathroom_2  1843(+2.45) 1819(+2.42) 8659(+2.37) 1842(+2.36) 1818(+2.35) 1747(+2.34) 8683(+2.33) 1867(+2.28) 1723(+2.28) 1844(+2.28)
Studio 1_0  6211(-1.54) 6667(-1.49) 6595(-1.47) 6691(-1.45) 6259(-1.44) 3955(-1.44) 6139(-1.42) 6739(-1.41) 6210(-1.40) 6163(-1.40)
Bedroom 2_3 2968(+2.35) 2967(+2.10) 2969(+1.72) 2970(+1.57) 5116(-1.54) 2966(+1.53) 2965(+1.50) 1816(+1.42) 1815(+1.41) 1741(+1.41)
Ensuite_5   4819(-2.63) 5299(-2.61) 5491(-2.60) 5659(-2.60) 5371(-2.58) 5179(-2.58) 4867(-2.57) 4891(-2.56) 4723(-2.55) 4771(-2.55)
Kitchen_4   2968(+2.46) 2967(+2.12) 5116(-2.06) 8662(+2.05) 8110(+1.98) 8660(+1.98) 2874(+1.96) 8659(+1.95) 8661(+1.94) 2875(+1.93)
Bedroom 2_6 2968(+2.49) 2967(+2.22) 2969(+1.85) 2970(+1.69) 2966(+1.62) 5116(-1.60) 2965(+1.57) 3544(+1.42) 1839(+1.39) 1816(+1.37)
Ensuite_8   5491(-2.91) 5299(-2.91) 4819(-2.90) 5371(-2.90) 4867(-2.88) 5179(-2.86) 4891(-2.86) 5347(-2.85) 5659(-2.85) 5227(-2.84)
Kitchen_7   2968(+2.37) 5116(-2.15) 2967(+2.04) 8662(+1.92) 8660(+1.84) 8110(+1.83) 8661(+1.81) 1843(+1.81) 5117(-1.81) 8659(+1.80)

=== hour 2968: is it the annual extremum of (ODB - T_MVHRzone) in warm conditions? ===
MVHR-01  largest (ODB - T_unit): 5104(6.32) 5105(5.96) 3614(5.81) 3613(5.72) 5103(5.71) 4740(5.62) 3612(5.48) 3615(5.46) 4669(5.40) 5106(5.34)
   rank of hour 2968 = 163 of 8760, value 3.672 ; max 6.321 at hour 5104
MVHR-02  largest (ODB - T_unit): 5104(3.71) 3612(3.54) 3613(3.52) 3614(3.45) 5725(3.38) 5103(3.38) 5105(3.35) 4740(3.34) 4570(3.21) 4669(3.19)
   rank of hour 2968 = 199 of 8760, value 2.046 ; max 3.711 at hour 5104
hour 2968 pooled |d_res| rank among all 8760 hours (mean over 8 rooms):
   mean|d_res| at 2968 = 1.7895 ; rank 1 of 8760 ; max 1.7895 at hour 2968
   ODB at 2968 = 21.10 ; 2968 is the 290th warmest hour of the year
