=== CONTROL RERUN vs FROZEN B0 (bridge TSD achieved air) ===
room            max|diff|   mean|diff|         rmse
Bathroom_2       0.001001     0.000862     0.000868
Studio 1_0       0.001001     0.000854     0.000866
Bedroom 2_3      0.001001     0.000842     0.000848
Ensuite_5        0.001001     0.000853     0.000863
Kitchen_4        0.000999     0.000925     0.000928
Bedroom 2_6      0.001001     0.000840     0.000846
Ensuite_8        0.001000     0.000821     0.000831
Kitchen_7        0.001001     0.000932     0.000935

=== EXPERIMENT: DisplacementVent -1 (frozen) vs 0, both against Reference A air ===
room          bias_DV1  rmse_DV1   max_DV1 |  bias_DV0  rmse_DV0   max_DV0 |    A_mean
Bathroom_2     +0.5317    0.9789    3.0275 |   +1.4975    1.7245    2.8633 |    17.958
Studio 1_0     +0.2925    0.8029    2.2326 |   +0.5345    0.8559    1.8175 |    15.682
Bedroom 2_3    +0.5231    0.7803    3.0737 |   +0.5511    0.7881    3.0746 |    14.416
Ensuite_5      -0.0958    0.9864    3.8394 |   +1.5046    1.7163    2.7324 |    17.474
Kitchen_4      +1.0040    1.2610    3.0930 |   +1.0574    1.3085    3.1147 |    15.353
Bedroom 2_6    +0.5026    0.7549    3.2354 |   +0.5314    0.7635    3.2364 |    14.377
Ensuite_8      -0.5423    1.0695    4.1303 |   +1.2853    1.4876    2.3373 |    17.989
Kitchen_7      +0.8694    1.1200    3.1672 |   +0.9228    1.1650    3.1348 |    15.497
POOLED         +0.3856    0.9838    4.1303 |   +0.9856    1.2815    3.2364

=== REFERENCE A MVHR DUMMY ZONE vs OUTDOOR (this is A supply air) ===
unit          bias      rmse       max       p05       p95
MVHR-01    -0.0020    1.4681    6.3206   -2.7091   +2.2076
MVHR-02    -0.0017    0.8475    3.7112   -1.5671   +1.2491
MVHR-03    -0.0017    0.8475    3.7112   -1.5671   +1.2491

monthly mean (T_MVHR - ODB):
unit        Jan    Feb    Mar    Apr    May    Jun    Jul    Aug    Sep    Oct    Nov    Dec
MVHR-01  +1.023 +1.015 +0.675 +0.190 -0.432 -0.911 -1.181 -1.245 -0.595 -0.032 +0.597 +0.947
MVHR-02  +0.539 +0.537 +0.354 +0.098 -0.232 -0.484 -0.625 -0.658 -0.315 -0.015 +0.317 +0.501
MVHR-03  +0.539 +0.537 +0.354 +0.098 -0.232 -0.484 -0.625 -0.658 -0.315 -0.015 +0.317 +0.501
