=== ANALYSIS 6: B0 ACTUAL SUPPLY-AIR CONDITION (native duct results, plant-room SimulateEx) ===
MVHR-01  fresh-air duct: max|T-ODB| = 0.000000000 K   mean=10.000183  (n=8760)
MVHR-02  fresh-air duct: max|T-ODB| = 0.000000000 K   mean=10.000183  (n=8760)
MVHR-03  fresh-air duct: max|T-ODB| = 0.000000000 K   mean=10.000183  (n=8760)

=== ANALYSIS 7: air entering and leaving each B0 room vs Reference A equivalent ===
room          flow | B_in_mean A_in_mean | B_out_mean    B_zone |    A_zone  in_delta
Bathroom_2       8 |    18.225    15.682 |    30.752    18.490 |    17.958    +2.544
Studio 1_0      30 |    10.000    10.000 |    18.225    15.973 |    15.682    +0.000
Bedroom 2_3     63 |    10.000    10.000 |    15.110    14.939 |    14.416    +0.000
Ensuite_5        8 |    16.681    15.353 |    35.880    17.378 |    17.474    +1.327
Kitchen_4       63 |    15.110    14.416 |    16.681    16.358 |    15.353    +0.693
Bedroom 2_6     63 |    10.000    10.000 |    15.051    14.879 |    14.377    +0.000
Ensuite_8        8 |    16.682    15.497 |    36.028    17.446 |    17.989    +1.186
Kitchen_7       63 |    15.051    14.377 |    16.682    16.367 |    15.497    +0.674

  (A supply source = MVHR dummy zone, not ODB; recomputed:)
room         |    B_in_mean    A_in_mean        delta
Bathroom_2   |       18.225       15.682       +2.544
Studio 1_0   |       10.000        9.998       +0.002
Bedroom 2_3  |       10.000        9.999       +0.002
Ensuite_5    |       16.681       15.353       +1.327
Kitchen_4    |       15.110       14.416       +0.693
Bedroom 2_6  |       10.000        9.999       +0.002
Ensuite_8    |       16.682       15.497       +1.186
Kitchen_7    |       15.051       14.377       +0.674

=== ANALYSIS 5: sensible ventilation power delivered to each room (rho*cp=1200 J/m3K) ===
room         A_Qvent_mean_W B_Qvent_mean_W        delta_W
Bathroom_2           -21.85          -2.54          19.32
Studio 1_0          -204.60        -215.03         -10.43
Bedroom 2_3         -333.98        -373.35         -39.37
Ensuite_5            -20.36          -6.70          13.67
Kitchen_4            -70.85         -94.39         -23.54
Bedroom 2_6         -331.05        -368.86         -37.81
Ensuite_8            -23.93          -7.33          16.59
Kitchen_7            -84.60         -99.43         -14.83
  cross-check against native A airMovementGain (which for supply rooms includes the supply IZAM):
   Bathroom_2   hand=   -21.85 native=   -22.29  corr=0.99979  implied rho*cp=1224.2
   Studio 1_0   hand=  -204.60 native=  -208.81  corr=0.99995  implied rho*cp=1224.6
   Bedroom 2_3  hand=  -333.98 native=  -340.82  corr=1.00000  implied rho*cp=1224.6
   Ensuite_5    hand=   -20.36 native=   -20.77  corr=0.99999  implied rho*cp=1224.3
   Kitchen_4    hand=   -70.85 native=   -72.32  corr=0.99998  implied rho*cp=1224.9
   Bedroom 2_6  hand=  -331.05 native=  -337.82  corr=1.00000  implied rho*cp=1224.6
   Ensuite_8    hand=   -23.93 native=   -24.41  corr=0.99999  implied rho*cp=1224.3
   Kitchen_7    hand=   -84.60 native=   -86.36  corr=0.99999  implied rho*cp=1224.9
