PHASE C - the no-IZAM thermal source
  model    C:\TasOut\pr2r\src\prepared.sam  sha256 5D4756F45956D5F91D01B1EA55CCC3D516762D54756231F8884F928F3332CE18
  weather  C:\Users\Public\Documents\Tas Data\Databases\CIBSE Weather 2021.twd  sha256 20D3DBE3E7DAFD1497A52FB2BFC86EE5B1C9B7A4CC2ECF653C7A56021D85B14C
  period   days 1..365 (full year)

gbXML written: 303285 bytes
weather years read: 31
weather used: Leeds_TRY

== PRODUCTION Create.NoIzamThermalSource ==
  note: Building elements: 0 opening(s) requested an availability schedule, 0 of those read a schedule back off the TBD profile.
  note: Aperture definitions: 40 aperture part(s) considered; 40 rebound onto a shared definition, 0 already on one. 40 aperture building element(s) and 0 per-aperture construction(s) removed afterwards.
  note: Aperture definitions: 40 definition(s) already in the TBD are named after a physical aperture and so were not reused as shared definitions; definition-named ones were created instead.
  note: Aperture definitions: 1 aperture construction(s) are referenced by nothing but name no physical aperture, so they were KEPT as library definitions: Windows: SIM_EXT_GLZ -frame.
  note: Aperture types: 20 TBD apertures seen, 20 updated, 0 opening(s) requested an availability schedule, 0 of those read a schedule back off the TBD profile.
  note: Removing IZAMs: none remain.
  note: Removing Mechanical Ventilation Gains: ticV zeroed on 30 internal condition(s): Studio 1_0, Studio 1_0 - HDD, Corridor_1, Corridor_1 - HDD, Bathroom_2, Bathroom_2 - HDD, Bedroom 2_3, Bedroom 2_3 - HDD, Kitchen_4, Kitchen_4 - HDD, Ensuite_5, Ensuite_5 - HDD, Bedroom 2_6, Bedroom 2_6 - HDD, Kitchen_7, Kitchen_7 - HDD, Ensuite_8, Ensuite_8 - HDD, Studio, 1 Bed Apt. Living Room/Kitchen, 1 Bed Apt. Living Room, 1 Bed Apt. Kitchen, 2 Bed Apt. Living Room/Kitchen, 2 Bed Apt. Living Room, 2 Bed Apt. Kitchen, 3 Bed Apt. Living Room/Kitchen, 3 Bed Apt. Living Room, 3 Bed Apt. Kitchen, Double Bedroom, Single Bedroom. Infiltration (ticI) and natural ventilation (aperture types and opening schedules) are untouched - they are separate carriers.
  note: 9 room(s) carry a TAS zone identity.
  evidence: The TAS call returned without throwing.
  evidence: Output produced by this run: 4586194 bytes, written 2026-09-10T14:53:14.0230169Z.
  TBD  C:\TasOut\pr2r\c1\src.tbd
  TSD  C:\TasOut\pr2r\c1\src.tsd
  room identities: 9
  IsComplete: True

== provenance ==
  src.tbd  sha256 A01CFBB6B8CD9EB6F7B103696A1DE2A1697C4396708C70561D45C0A18D3C9654  401350 bytes
  src.tsd  sha256 7239B8D139F7703F6EDDA4B13EDD9D86FACBB039E470EA243A61C44BDE5A5277  4586194 bytes

ITEM  1  PASS  the thermal source carries no IZAM
            IZAM count 0 on C:\TasOut\pr2r\c1\src.tbd.

ITEM  2  PASS  the mechanical ventilation gain (ticV) is zero on every internal condition
            30 internal condition(s), 0 with a non-zero ticV.

ITEM  3  PASS  the infiltration term (ticI) is untouched and non-zero where the model states one
            ticI present on 30 of 30 internal condition(s), non-zero on 9.

================================ PHASE C SUMMARY ================================
ITEM  1  PASS  the thermal source carries no IZAM
            IZAM count 0 on C:\TasOut\pr2r\c1\src.tbd.
ITEM  2  PASS  the mechanical ventilation gain (ticV) is zero on every internal condition
            30 internal condition(s), 0 with a non-zero ticV.
ITEM  3  PASS  the infiltration term (ticI) is untouched and non-zero where the model states one
            ticI present on 30 of 30 internal condition(s), non-zero on 9.
