route-source C:\TasOut\po2\f2.sam mode=full
design: 9 spaces available
design: 4 inherited ventilation object(s) cleared
  AHU One: supply-only Ensuite_5, both Kitchen_7, hall Bedroom 2_6, extract Corridor_1
  AHU Two: supply-only Studio 1_0, both Ensuite_8, hall Kitchen_4, extract Bathroom_2 / Bedroom 2_3
design: 9 room(s), 2 supply-only, 3 extract-only, 2 both, 2 transfer-only; 4 supply / 5 extract / 7 transfer leg(s)
design model saved: C:\TasOut\acc\acc-design.sam
gbXML written: 303256 bytes

== PRODUCTION Create.NoIzamThermalSource ==
  note: Building elements: 0 opening(s) requested an availability schedule, 0 of those read a schedule back off the TBD profile.
  note: Aperture definitions: 40 aperture part(s) considered; 40 rebound onto a shared definition, 0 already on one. 40 aperture building element(s) and 0 per-aperture construction(s) removed afterwards.
  note: Aperture definitions: 40 definition(s) already in the TBD are named after a physical aperture and so were not reused as shared definitions; definition-named ones were created instead.
  note: Aperture definitions: 1 aperture construction(s) are referenced by nothing but name no physical aperture, so they were KEPT as library definitions: Windows: SIM_EXT_GLZ -frame.
  note: Aperture types: 20 TBD apertures seen, 20 updated, 0 opening(s) requested an availability schedule, 0 of those read a schedule back off the TBD profile.
  note: Removing IZAMs: none remain.
  note: Removing Mechanical Ventilation Gains: ticV zeroed on 36 internal condition(s): Studio 1_0, Studio 1_0 - HDD, Corridor_1, Corridor_1 - HDD, Bathroom_2, Bathroom_2 - HDD, Bedroom 2_3, Bedroom 2_3 - HDD, Kitchen_4, Kitchen_4 - HDD, Ensuite_5, Ensuite_5 - HDD, Bedroom 2_6, Bedroom 2_6 - HDD, Kitchen_7, Kitchen_7 - HDD, Ensuite_8, Ensuite_8 - HDD, Studio, 1 Bed Apt. Living Room/Kitchen, 1 Bed Apt. Living Room, 1 Bed Apt. Kitchen, 2 Bed Apt. Living Room/Kitchen, 2 Bed Apt. Living Room, 2 Bed Apt. Kitchen, 3 Bed Apt. Living Room/Kitchen, 3 Bed Apt. Living Room, 3 Bed Apt. Kitchen, Double Bedroom, Single Bedroom, TM59_Bathroom/internal corridors, TM59_Communal Corridor (including pipework gains), TM59_Stairs, TM59_Cupboard/riser/lift/void, TM59_Cupboard with HIU, TM59_Riser Communal pipework. Infiltration (ticI) and natural ventilation (aperture types and opening schedules) are untouched - they are separate carriers.
  note: 9 room(s) carry a TAS zone identity.
  evidence: The TAS call returned without throwing.
  evidence: Output produced by this run: 4767078 bytes, written 2026-09-10T06:51:06.5728953Z.
  TBD C:\TasOut\acc\acc.tbd  TSD C:\TasOut\acc\acc.tsd
  room identities: 9
  IsComplete: True

ITEM  1  PASS  the thermal source carries no IZAM
            IZAM count 0 on C:\TasOut\acc\acc.tbd.

ITEM  2  PASS  the mechanical ventilation gain is zero on every internal condition
            36 internal condition(s), 0 with a non-zero ticV.

ITEM  3  PASS  the infiltration term is untouched
            ticI present on 36 of 36 internal condition(s).

================================ ACCEPTANCE SUMMARY ================================
ITEM  1  PASS  the thermal source carries no IZAM
            IZAM count 0 on C:\TasOut\acc\acc.tbd.
ITEM  2  PASS  the mechanical ventilation gain is zero on every internal condition
            36 internal condition(s), 0 with a non-zero ticV.
ITEM  3  PASS  the infiltration term is untouched
            ticI present on 36 of 36 internal condition(s).
