route-convert C:\TasOut\rev3b hours 0..8759
diagnostic variant: balanced MVHR from supply 44 / extract 34 l/s
design read back: 9 room(s), 2 unit(s), 4 supply / 5 extract / 7 transfer leg(s)
room identities read back: 9
thermal source IsComplete: True

== PRODUCTION SAM_Systems Create.MechanicalVentilation ==
  note: Air handling unit 'AHU Two' materialised as one air system serving 5 space(s).
  note: Air handling unit 'AHU One' materialised as one air system serving 4 space(s).
  note: 2 air system(s), 9 room(s) and 27 lineage binding(s) materialised and reconciled against the design.

== PRODUCTION Create.SystemVentilationRoute ==
  note: 12 duty-carrying damper(s) materialised - one per extract and transfer leg. Supply duties ride on the room's own zone and no damper was invented for them.
  note: Room 'Studio 1_0' native zone flags 1: displacement ventilation on - inherited from the template prototype, not decided by this route. The building model's own ventilation and interzone flow are suppressed because the graph states both explicitly.
  note: Room 'Ensuite_8' native zone flags 1: displacement ventilation on - inherited from the template prototype, not decided by this route. The building model's own ventilation and interzone flow are suppressed because the graph states both explicitly.
  note: Room 'Kitchen_4' native zone flags 1: displacement ventilation on - inherited from the template prototype, not decided by this route. The building model's own ventilation and interzone flow are suppressed because the graph states both explicitly.
  note: Room 'Bathroom_2' native zone flags 1: displacement ventilation on - inherited from the template prototype, not decided by this route. The building model's own ventilation and interzone flow are suppressed because the graph states both explicitly.
  note: Room 'Bedroom 2_3' native zone flags 1: displacement ventilation on - inherited from the template prototype, not decided by this route. The building model's own ventilation and interzone flow are suppressed because the graph states both explicitly.
  note: Fan {44E97C8D-E2C1-45A2-A64E-DBD60E69136F} derives its duty from the attached zones (tpdFlowRateAllAttachedZonesFlowRate), adds no heat to the air stream (HeatGainFactor 0) and runs continuously - its only operation carrier is a tpdScheduleFunction schedule.
  note: Fan {CA00A725-4BA5-46D4-B080-2BF2F8E4FE9F} derives its duty from the attached zones (tpdFlowRateAllAttachedZonesFlowRate), adds no heat to the air stream (HeatGainFactor 0) and runs continuously - its only operation carrier is a tpdScheduleFunction schedule.
  note: Room 'Ensuite_5' native zone flags 1: displacement ventilation on - inherited from the template prototype, not decided by this route. The building model's own ventilation and interzone flow are suppressed because the graph states both explicitly.
  note: Room 'Kitchen_7' native zone flags 1: displacement ventilation on - inherited from the template prototype, not decided by this route. The building model's own ventilation and interzone flow are suppressed because the graph states both explicitly.
  note: Room 'Bedroom 2_6' native zone flags 1: displacement ventilation on - inherited from the template prototype, not decided by this route. The building model's own ventilation and interzone flow are suppressed because the graph states both explicitly.
  note: Room 'Corridor_1' native zone flags 1: displacement ventilation on - inherited from the template prototype, not decided by this route. The building model's own ventilation and interzone flow are suppressed because the graph states both explicitly.
  note: Fan {3596392F-4B30-4E3A-9A94-2B07F62F4479} derives its duty from the attached zones (tpdFlowRateAllAttachedZonesFlowRate), adds no heat to the air stream (HeatGainFactor 0) and runs continuously - its only operation carrier is a tpdScheduleFunction schedule.
  note: Fan {F2D8851E-824B-4429-AA6E-75F3448EDAB3} derives its duty from the attached zones (tpdFlowRateAllAttachedZonesFlowRate), adds no heat to the air stream (HeatGainFactor 0) and runs continuously - its only operation carrier is a tpdScheduleFunction schedule.
  note: Conversion reconciled against the source graph: 2 air system(s), 9 room(s), 4 supply / 5 extract / 7 transfer leg(s), every design flow matched on its native carrier.
  note: In-place document state captured before the run: 51404 bytes, written 2026-09-10T11:23:07.5432450Z.
  refusal: TAS reported a failure: "Sizing Flow Failed".
  IsComplete: False
  NativeDiagnostic: [Sizing Flow Failed]  kind=KnownFailure
REFUSED: the route did not complete.

================================ ACCEPTANCE SUMMARY ================================
