route-convert C:\TasOut\rev4 hours 0..8759
diagnostic variant: balanced MVHR from supply 44 / extract 34 l/s
diagnostic variant: transfer duties changed to exact per-zone continuity
design read back: 9 room(s), 2 unit(s), 4 supply / 5 extract / 7 transfer leg(s)
room identities read back: 9
thermal source IsComplete: True

== PRODUCTION SAM_Systems Create.MechanicalVentilation ==
  note: Air handling unit 'AHU Two' materialised as one air system serving 5 space(s).
  note: Air handling unit 'AHU One' materialised as one air system serving 4 space(s).
  note: 2 air system(s), 9 room(s) and 27 lineage binding(s) materialised and reconciled against the design.

== PRODUCTION Create.SystemVentilationRoute ==
  note: 12 duty-carrying damper(s) materialised - one per extract and transfer leg. Supply duties ride on the room's own zone and no damper was invented for them.
  note: Fan {2E71087C-410F-4AC6-A7A6-900B0549B13D} derives its duty from the attached zones (tpdFlowRateAllAttachedZonesFlowRate), adds no heat to the air stream (HeatGainFactor 0) and runs continuously - its only operation carrier is a tpdScheduleFunction schedule.
  note: Fan {C3C301ED-C8D5-4FB8-BEFD-E92204FE7812} derives its duty from the attached zones (tpdFlowRateAllAttachedZonesFlowRate), adds no heat to the air stream (HeatGainFactor 0) and runs continuously - its only operation carrier is a tpdScheduleFunction schedule.
  note: Air system 'AHU Two': 5 native zone(s). Displacement ventilation on 5 of them - inherited from the template prototype, not decided by this route. The building model's own ventilation flow is off on 5 of 5 and its interzone flow off on 5 of 5, because the graph states every supply, extract and transfer leg explicitly.
  note: Fan {41AABB74-6A73-4D0F-9047-873E8798D5E6} derives its duty from the attached zones (tpdFlowRateAllAttachedZonesFlowRate), adds no heat to the air stream (HeatGainFactor 0) and runs continuously - its only operation carrier is a tpdScheduleFunction schedule.
  note: Fan {75538818-84D4-42C8-8A43-5B1EA102FEE4} derives its duty from the attached zones (tpdFlowRateAllAttachedZonesFlowRate), adds no heat to the air stream (HeatGainFactor 0) and runs continuously - its only operation carrier is a tpdScheduleFunction schedule.
  note: Air system 'AHU One': 4 native zone(s). Displacement ventilation on 4 of them - inherited from the template prototype, not decided by this route. The building model's own ventilation flow is off on 4 of 4 and its interzone flow off on 4 of 4, because the graph states every supply, extract and transfer leg explicitly.
  note: Conversion reconciled against the source graph: 2 air system(s), 9 room(s), 4 supply / 5 extract / 7 transfer leg(s), every design flow matched on its native carrier.
  note: In-place document state captured before the run: 51318 bytes, written 2026-09-10T11:31:03.3765885Z.
  note: 2 air system(s) simulated.
  note: An air system answered: "Done".
  note: An air system answered: "Done".
  note: TAS reported success: "Done". Positive evidence, but not the gate - the results reconciliation still decides.
  note: The in-place document was written by this run. NECESSARY BUT NOT SUFFICIENT: Save() writes whether or not results were produced, so success still depends on reading the results back and reconciling them.
  note: Zone temperature complete for 9 of 9 room(s), 8760 finite value(s) each over hours 0..8759, each read off the native zone and zone load its own binding names.
  IsComplete: True
  NativeDiagnostic: [Done]  kind=KnownSuccess

ITEM  4  PASS  separate analytical air handling units remain separate TAS systems
            2 analytical unit(s), 2 native TAS system(s), 2 distinct system(s) named by the room bindings.

ITEM  5  PASS  every intended room belongs to the correct TAS system
            9 room(s) bound, 9 materialised by PR1; 0 native zone(s) missing, 0 in the wrong system.

ITEM  6  PASS  supply / extract / both / transfer-only topology is correct
            found/designed - legs: 4/4 supply, 5/5 extract, 7/7 transfer. rooms: 2/2 supply-only, 3/3 extract-only, 2/2 both, 2/2 transfer-only.

ITEM  7  PASS  supply DesignFlowRate is preserved, absolutely, on the room's own zone
            4 supply room(s) checked against the native zone, 0 mismatch(es). 

ITEM  8  PASS  extract DesignFlowRate is preserved on its own in-line damper
            5 extract leg(s) checked against the native damper, 0 mismatch(es). 

ITEM  9  PASS  transfer DesignFlowRate is preserved on its own in-line damper
            7 transfer leg(s) checked against the native damper, 0 mismatch(es). 

ITEM 10  PASS  no duplicated ventilation: the building's own vent and interzone flows are off
            9 native zone(s), 0 still modelling their own ventilation (bit 4) or interzone flow (bit 2). Flags seen: Flags=1.

ITEM 11  PASS  fan duty is derived from the attached zones, never authored
            fan {C3C301ED-C8D5-4FB8-BEFD-E92204FE7812} DesignFlowType=tpdFlowRateAllAttachedZonesFlowRate value=44; fan {2E71087C-410F-4AC6-A7A6-900B0549B13D} DesignFlowType=tpdFlowRateAllAttachedZonesFlowRate value=44; fan {41AABB74-6A73-4D0F-9047-873E8798D5E6} DesignFlowType=tpdFlowRateAllAttachedZonesFlowRate value=44; fan {75538818-84D4-42C8-8A43-5B1EA102FEE4} DesignFlowType=tpdFlowRateAllAttachedZonesFlowRate value=44

ITEM 12  PASS  every room returns a complete finite ZoneTemperature series for the requested period
            9 of 9 room(s) complete over hours 0..8759 (8760 values each).

ITEM 15  PASS  the native SystemZone / ZoneLoad identity chain holds end to end
            9/9 zone guids round-trip, 9/9 zone loads resolve to the bound load, all identities distinct: True.

ITEM 13  PASS  the route's values agree with TAS's own, read independently
            9 of 9 room(s) agreed value for value over 8760 hour(s), each read after a raw late-bound simulate of its own air system. 

ITEM 14  PASS  duplicate display names do not alter identity
            23 native zone(s) and damper(s) renamed to one shared string; results still validate: True; 9 of 9 room(s) returned identical values.

================================ ACCEPTANCE SUMMARY ================================
ITEM  4  PASS  separate analytical air handling units remain separate TAS systems
            2 analytical unit(s), 2 native TAS system(s), 2 distinct system(s) named by the room bindings.
ITEM  5  PASS  every intended room belongs to the correct TAS system
            9 room(s) bound, 9 materialised by PR1; 0 native zone(s) missing, 0 in the wrong system.
ITEM  6  PASS  supply / extract / both / transfer-only topology is correct
            found/designed - legs: 4/4 supply, 5/5 extract, 7/7 transfer. rooms: 2/2 supply-only, 3/3 extract-only, 2/2 both, 2/2 transfer-only.
ITEM  7  PASS  supply DesignFlowRate is preserved, absolutely, on the room's own zone
            4 supply room(s) checked against the native zone, 0 mismatch(es). 
ITEM  8  PASS  extract DesignFlowRate is preserved on its own in-line damper
            5 extract leg(s) checked against the native damper, 0 mismatch(es). 
ITEM  9  PASS  transfer DesignFlowRate is preserved on its own in-line damper
            7 transfer leg(s) checked against the native damper, 0 mismatch(es). 
ITEM 10  PASS  no duplicated ventilation: the building's own vent and interzone flows are off
            9 native zone(s), 0 still modelling their own ventilation (bit 4) or interzone flow (bit 2). Flags seen: Flags=1.
ITEM 11  PASS  fan duty is derived from the attached zones, never authored
            fan {C3C301ED-C8D5-4FB8-BEFD-E92204FE7812} DesignFlowType=tpdFlowRateAllAttachedZonesFlowRate value=44; fan {2E71087C-410F-4AC6-A7A6-900B0549B13D} DesignFlowType=tpdFlowRateAllAttachedZonesFlowRate value=44; fan {41AABB74-6A73-4D0F-9047-873E8798D5E6} DesignFlowType=tpdFlowRateAllAttachedZonesFlowRate value=44; fan {75538818-84D4-42C8-8A43-5B1EA102FEE4} DesignFlowType=tpdFlowRateAllAttachedZonesFlowRate value=44
ITEM 12  PASS  every room returns a complete finite ZoneTemperature series for the requested period
            9 of 9 room(s) complete over hours 0..8759 (8760 values each).
ITEM 15  PASS  the native SystemZone / ZoneLoad identity chain holds end to end
            9/9 zone guids round-trip, 9/9 zone loads resolve to the bound load, all identities distinct: True.
ITEM 13  PASS  the route's values agree with TAS's own, read independently
            9 of 9 room(s) agreed value for value over 8760 hour(s), each read after a raw late-bound simulate of its own air system. 
ITEM 14  PASS  duplicate display names do not alter identity
            23 native zone(s) and damper(s) renamed to one shared string; results still validate: True; 9 of 9 room(s) returned identical values.
