prove C:\TasOut\ref\mv2.tpd  ach=8  hours 0..23
StartHour=1 EndHour=8760
TSDDataCount=1 PlantRoomCount=1
PlantRoom[1] plantComponents=19 systems=1
zones found: 2

== binding zone loads explicitly (AddZoneLoad), since the name match found none ==
  TSD zone loads available: 2
  zone[1] bound -> load "Cell 1" guid "{37FA3D5C-27E0-41D5-8825-366F8DBD66AD}" volume 200
  zone[2] bound -> load "Cell 2" guid "{211ECCA2-5F2C-4260-8B3C-4A14F19362C2}" volume 200

== BEFORE: set every zone FlowRate to TAS's own 8 ACH rule ==
  zone "{FA608415-135F-4C20-82A2-A7BEDDA7F676}" load="Cell 1" volume=200
      Method=2 SizeValue1=8 Type=2 (Value before sizing = 0)
  zone "{747C4A87-FDC4-48BC-9EFD-7BE409EA49EF}" load="Cell 2" volume=200
      Method=2 SizeValue1=8 Type=2 (Value before sizing = 0)

== SIMULATE - and record EXACTLY what it returns ==
Simulate RETURN: isNull=False isEmpty=False length=18 value=[Sizing Flow Failed]

== AFTER: what did TAS compute? ==
  zone[1] volume=200 sized=444.44444444444446 Type=3
      candidates  m3/s=0.44444  l/s=444.44444  m3/h=1600.00000   -> MATCHES l/s
  zone[2] volume=200 sized=444.44444444444446 Type=3
      candidates  m3/s=0.44444  l/s=444.44444  m3/h=1600.00000   -> MATCHES l/s

TAS produced sized values - the unit verdict above is measured.
