route-convert C:\TasOut\rev3c hours 0..8759
diagnostic variant: transfer duties changed to exact per-zone continuity
design read back: 9 room(s), 2 unit(s), 4 supply / 5 extract / 7 transfer leg(s)
room identities read back: 9
thermal source IsComplete: True

== PRODUCTION SAM_Systems Create.MechanicalVentilation ==
  note: Air handling unit 'AHU Two' materialised as one air system serving 5 space(s).
  note: Air handling unit 'AHU One' materialised as one air system serving 4 space(s).
  note: 2 air system(s), 9 room(s) and 27 lineage binding(s) materialised and reconciled against the design.

== PRODUCTION Create.SystemVentilationRoute ==
  note: 12 duty-carrying damper(s) materialised - one per extract and transfer leg. Supply duties ride on the room's own zone and no damper was invented for them.
  note: Room 'Studio 1_0' native zone flags 1: displacement ventilation on - inherited from the template prototype, not decided by this route. The building model's own ventilation and interzone flow are suppressed because the graph states both explicitly.
  note: Room 'Ensuite_8' native zone flags 1: displacement ventilation on - inherited from the template prototype, not decided by this route. The building model's own ventilation and interzone flow are suppressed because the graph states both explicitly.
  note: Room 'Kitchen_4' native zone flags 1: displacement ventilation on - inherited from the template prototype, not decided by this route. The building model's own ventilation and interzone flow are suppressed because the graph states both explicitly.
  note: Room 'Bathroom_2' native zone flags 1: displacement ventilation on - inherited from the template prototype, not decided by this route. The building model's own ventilation and interzone flow are suppressed because the graph states both explicitly.
  note: Room 'Bedroom 2_3' native zone flags 1: displacement ventilation on - inherited from the template prototype, not decided by this route. The building model's own ventilation and interzone flow are suppressed because the graph states both explicitly.
  note: Fan {CD33710E-088E-45EC-AAE4-361DE977E1C3} derives its duty from the attached zones (tpdFlowRateAllAttachedZonesFlowRate), adds no heat to the air stream (HeatGainFactor 0) and runs continuously - its only operation carrier is a tpdScheduleFunction schedule.
  note: Fan {D46D46BE-3DFD-42B0-B6AC-7954904B581C} derives its duty from the attached zones (tpdFlowRateAllAttachedZonesFlowRate), adds no heat to the air stream (HeatGainFactor 0) and runs continuously - its only operation carrier is a tpdScheduleFunction schedule.
  note: Room 'Ensuite_5' native zone flags 1: displacement ventilation on - inherited from the template prototype, not decided by this route. The building model's own ventilation and interzone flow are suppressed because the graph states both explicitly.
  note: Room 'Kitchen_7' native zone flags 1: displacement ventilation on - inherited from the template prototype, not decided by this route. The building model's own ventilation and interzone flow are suppressed because the graph states both explicitly.
  note: Room 'Bedroom 2_6' native zone flags 1: displacement ventilation on - inherited from the template prototype, not decided by this route. The building model's own ventilation and interzone flow are suppressed because the graph states both explicitly.
  note: Room 'Corridor_1' native zone flags 1: displacement ventilation on - inherited from the template prototype, not decided by this route. The building model's own ventilation and interzone flow are suppressed because the graph states both explicitly.
  note: Fan {61CA5368-C065-4E7D-985A-E3E3DE1CD737} derives its duty from the attached zones (tpdFlowRateAllAttachedZonesFlowRate), adds no heat to the air stream (HeatGainFactor 0) and runs continuously - its only operation carrier is a tpdScheduleFunction schedule.
  note: Fan {7BEF7810-AA0B-47E6-94E5-AFA582603C66} derives its duty from the attached zones (tpdFlowRateAllAttachedZonesFlowRate), adds no heat to the air stream (HeatGainFactor 0) and runs continuously - its only operation carrier is a tpdScheduleFunction schedule.
  note: Conversion reconciled against the source graph: 2 air system(s), 9 room(s), 4 supply / 5 extract / 7 transfer leg(s), every design flow matched on its native carrier.
  note: In-place document state captured before the run: 51396 bytes, written 2026-09-10T11:23:24.1303854Z.
  refusal: TAS reported a failure: "Sizing Flow Failed".
  IsComplete: False
  NativeDiagnostic: [Sizing Flow Failed]  kind=KnownFailure
REFUSED: the route did not complete.

================================ ACCEPTANCE SUMMARY ================================
