clean C:\TasOut\po2\f2seed.tbd

---- BEFORE (as read by this process) ----
  IZAM[0] name=INHERITED_IZAM_1 fromOutside=0
  IZAM[1] name=INHERITED_IZAM_2 fromOutside=0
  IZAM[2] name=INHERITED_IZAM_3 fromOutside=0
  IZAM COUNT = 3
  IC[0] name=Studio 1_0 ticV(v=5 f=1 sb=2.5 sched=False EFFECTIVE=5) ticI(v=0 f=0.15000000596046448)
  IC[1] name=Studio 1_0 - HDD ticV(v=5 f=1 sb=2.5 sched=False EFFECTIVE=5) ticI(v=0.15000000596046448 f=1)
  IC[2] name=Corridor_1 ticV(v=5 f=1 sb=2.5 sched=False EFFECTIVE=5) ticI(v=0 f=0.15000000596046448)
  IC[3] name=Corridor_1 - HDD ticV(v=5 f=1 sb=2.5 sched=False EFFECTIVE=5) ticI(v=0.15000000596046448 f=1)
  IC[4] name=Bathroom_2 ticV(v=5 f=1 sb=2.5 sched=False EFFECTIVE=5) ticI(v=0 f=0.15000000596046448)
  IC[5] name=Bathroom_2 - HDD ticV(v=5 f=1 sb=2.5 sched=False EFFECTIVE=5) ticI(v=0.15000000596046448 f=1)
  IC[6] name=Bedroom 2_3 ticV(v=5 f=1 sb=2.5 sched=False EFFECTIVE=5) ticI(v=0 f=0.15000000596046448)
  IC[7] name=Bedroom 2_3 - HDD ticV(v=5 f=1 sb=2.5 sched=False EFFECTIVE=5) ticI(v=0.15000000596046448 f=1)
  IC[8] name=Kitchen_4 ticV(v=5 f=1 sb=2.5 sched=False EFFECTIVE=5) ticI(v=0 f=0.15000000596046448)
  IC[9] name=Kitchen_4 - HDD ticV(v=5 f=1 sb=2.5 sched=False EFFECTIVE=5) ticI(v=0.15000000596046448 f=1)
  IC[10] name=Ensuite_5 ticV(v=5 f=1 sb=2.5 sched=False EFFECTIVE=5) ticI(v=0 f=0.15000000596046448)
  IC[11] name=Ensuite_5 - HDD ticV(v=5 f=1 sb=2.5 sched=False EFFECTIVE=5) ticI(v=0.15000000596046448 f=1)
  IC[12] name=Bedroom 2_6 ticV(v=5 f=1 sb=2.5 sched=False EFFECTIVE=5) ticI(v=0 f=0.15000000596046448)
  IC[13] name=Bedroom 2_6 - HDD ticV(v=5 f=1 sb=2.5 sched=False EFFECTIVE=5) ticI(v=0.15000000596046448 f=1)
  IC[14] name=Kitchen_7 ticV(v=5 f=1 sb=2.5 sched=False EFFECTIVE=5) ticI(v=0 f=0.15000000596046448)
  IC[15] name=Kitchen_7 - HDD ticV(v=5 f=1 sb=2.5 sched=False EFFECTIVE=5) ticI(v=0.15000000596046448 f=1)
  IC[16] name=Ensuite_8 ticV(v=5 f=1 sb=2.5 sched=False EFFECTIVE=5) ticI(v=0 f=0.15000000596046448)
  IC[17] name=Ensuite_8 - HDD ticV(v=5 f=1 sb=2.5 sched=False EFFECTIVE=5) ticI(v=0.15000000596046448 f=1)
  IC[18] name=Studio ticV(v=5 f=1 sb=2.5 sched=False EFFECTIVE=5) ticI(v=0 f=0.15000000596046448)
  IC[19] name=1 Bed Apt. Living Room/Kitchen ticV(v=5 f=1 sb=2.5 sched=False EFFECTIVE=5) ticI(v=0 f=0.15000000596046448)
  IC[20] name=1 Bed Apt. Living Room ticV(v=5 f=1 sb=2.5 sched=False EFFECTIVE=5) ticI(v=0 f=0.15000000596046448)
  IC[21] name=1 Bed Apt. Kitchen ticV(v=5 f=1 sb=2.5 sched=False EFFECTIVE=5) ticI(v=0 f=0.15000000596046448)
  IC[22] name=2 Bed Apt. Living Room/Kitchen ticV(v=5 f=1 sb=2.5 sched=False EFFECTIVE=5) ticI(v=0 f=0.15000000596046448)
  IC[23] name=2 Bed Apt. Living Room ticV(v=5 f=1 sb=2.5 sched=False EFFECTIVE=5) ticI(v=0 f=0.15000000596046448)
  IC[24] name=2 Bed Apt. Kitchen ticV(v=5 f=1 sb=2.5 sched=False EFFECTIVE=5) ticI(v=0 f=0.15000000596046448)
  IC[25] name=3 Bed Apt. Living Room/Kitchen ticV(v=5 f=1 sb=2.5 sched=False EFFECTIVE=5) ticI(v=0 f=0.15000000596046448)
  IC[26] name=3 Bed Apt. Living Room ticV(v=5 f=1 sb=2.5 sched=False EFFECTIVE=5) ticI(v=0 f=0.15000000596046448)
  IC[27] name=3 Bed Apt. Kitchen ticV(v=5 f=1 sb=2.5 sched=False EFFECTIVE=5) ticI(v=0 f=0.15000000596046448)
  IC[28] name=Double Bedroom ticV(v=5 f=1 sb=2.5 sched=False EFFECTIVE=5) ticI(v=0 f=0.15000000596046448)
  IC[29] name=Single Bedroom ticV(v=5 f=1 sb=2.5 sched=False EFFECTIVE=5) ticI(v=0 f=0.15000000596046448)
  IC[30] name=TM59_Bathroom/internal corridors ticV(v=5 f=1 sb=2.5 sched=False EFFECTIVE=5) ticI(v=0 f=0.15000000596046448)
  IC[31] name=TM59_Communal Corridor (including pipework gains) ticV(v=5 f=1 sb=2.5 sched=False EFFECTIVE=5) ticI(v=0 f=0.15000000596046448)
  IC[32] name=TM59_Stairs ticV(v=5 f=1 sb=2.5 sched=False EFFECTIVE=5) ticI(v=0 f=0.15000000596046448)
  IC[33] name=TM59_Cupboard/riser/lift/void ticV(v=5 f=1 sb=2.5 sched=False EFFECTIVE=5) ticI(v=0 f=0.15000000596046448)
  IC[34] name=TM59_Cupboard with HIU ticV(v=5 f=1 sb=2.5 sched=False EFFECTIVE=5) ticI(v=0 f=0.15000000596046448)
  IC[35] name=TM59_Riser Communal pipework ticV(v=5 f=1 sb=2.5 sched=False EFFECTIVE=5) ticI(v=0 f=0.15000000596046448)
  IC COUNT = 36
  ticV EFFECTIVE NON-ZERO COUNT = 36
  ticV EFFECTIVE SUM = 180
  APERTURETYPE[0] name=Opening Cd0.411 F1 Cd=0.41059074 sheltered=0 profile(v=1 f=1 sched=<none>)
  APERTURETYPE[1] name=Opening Cd0.477 F1 Cd=0.477327 sheltered=0 profile(v=1 f=1 sched=<none>)
  APERTURETYPE COUNT = 2

== PRODUCTION CLEANUP ==
  Modify.RemoveIZAMs returned True
  Modify.RemoveVentilationGains touched 36 internal condition(s)

---- AFTER (post-cleanup) ----
  IZAM COUNT = 0
  IC[0] name=Studio 1_0 ticV(v=0 f=0 sb=0 sched=False EFFECTIVE=0) ticI(v=0 f=0.15000000596046448)
  IC[1] name=Studio 1_0 - HDD ticV(v=0 f=0 sb=0 sched=False EFFECTIVE=0) ticI(v=0.15000000596046448 f=1)
  IC[2] name=Corridor_1 ticV(v=0 f=0 sb=0 sched=False EFFECTIVE=0) ticI(v=0 f=0.15000000596046448)
  IC[3] name=Corridor_1 - HDD ticV(v=0 f=0 sb=0 sched=False EFFECTIVE=0) ticI(v=0.15000000596046448 f=1)
  IC[4] name=Bathroom_2 ticV(v=0 f=0 sb=0 sched=False EFFECTIVE=0) ticI(v=0 f=0.15000000596046448)
  IC[5] name=Bathroom_2 - HDD ticV(v=0 f=0 sb=0 sched=False EFFECTIVE=0) ticI(v=0.15000000596046448 f=1)
  IC[6] name=Bedroom 2_3 ticV(v=0 f=0 sb=0 sched=False EFFECTIVE=0) ticI(v=0 f=0.15000000596046448)
  IC[7] name=Bedroom 2_3 - HDD ticV(v=0 f=0 sb=0 sched=False EFFECTIVE=0) ticI(v=0.15000000596046448 f=1)
  IC[8] name=Kitchen_4 ticV(v=0 f=0 sb=0 sched=False EFFECTIVE=0) ticI(v=0 f=0.15000000596046448)
  IC[9] name=Kitchen_4 - HDD ticV(v=0 f=0 sb=0 sched=False EFFECTIVE=0) ticI(v=0.15000000596046448 f=1)
  IC[10] name=Ensuite_5 ticV(v=0 f=0 sb=0 sched=False EFFECTIVE=0) ticI(v=0 f=0.15000000596046448)
  IC[11] name=Ensuite_5 - HDD ticV(v=0 f=0 sb=0 sched=False EFFECTIVE=0) ticI(v=0.15000000596046448 f=1)
  IC[12] name=Bedroom 2_6 ticV(v=0 f=0 sb=0 sched=False EFFECTIVE=0) ticI(v=0 f=0.15000000596046448)
  IC[13] name=Bedroom 2_6 - HDD ticV(v=0 f=0 sb=0 sched=False EFFECTIVE=0) ticI(v=0.15000000596046448 f=1)
  IC[14] name=Kitchen_7 ticV(v=0 f=0 sb=0 sched=False EFFECTIVE=0) ticI(v=0 f=0.15000000596046448)
  IC[15] name=Kitchen_7 - HDD ticV(v=0 f=0 sb=0 sched=False EFFECTIVE=0) ticI(v=0.15000000596046448 f=1)
  IC[16] name=Ensuite_8 ticV(v=0 f=0 sb=0 sched=False EFFECTIVE=0) ticI(v=0 f=0.15000000596046448)
  IC[17] name=Ensuite_8 - HDD ticV(v=0 f=0 sb=0 sched=False EFFECTIVE=0) ticI(v=0.15000000596046448 f=1)
  IC[18] name=Studio ticV(v=0 f=0 sb=0 sched=False EFFECTIVE=0) ticI(v=0 f=0.15000000596046448)
  IC[19] name=1 Bed Apt. Living Room/Kitchen ticV(v=0 f=0 sb=0 sched=False EFFECTIVE=0) ticI(v=0 f=0.15000000596046448)
  IC[20] name=1 Bed Apt. Living Room ticV(v=0 f=0 sb=0 sched=False EFFECTIVE=0) ticI(v=0 f=0.15000000596046448)
  IC[21] name=1 Bed Apt. Kitchen ticV(v=0 f=0 sb=0 sched=False EFFECTIVE=0) ticI(v=0 f=0.15000000596046448)
  IC[22] name=2 Bed Apt. Living Room/Kitchen ticV(v=0 f=0 sb=0 sched=False EFFECTIVE=0) ticI(v=0 f=0.15000000596046448)
  IC[23] name=2 Bed Apt. Living Room ticV(v=0 f=0 sb=0 sched=False EFFECTIVE=0) ticI(v=0 f=0.15000000596046448)
  IC[24] name=2 Bed Apt. Kitchen ticV(v=0 f=0 sb=0 sched=False EFFECTIVE=0) ticI(v=0 f=0.15000000596046448)
  IC[25] name=3 Bed Apt. Living Room/Kitchen ticV(v=0 f=0 sb=0 sched=False EFFECTIVE=0) ticI(v=0 f=0.15000000596046448)
  IC[26] name=3 Bed Apt. Living Room ticV(v=0 f=0 sb=0 sched=False EFFECTIVE=0) ticI(v=0 f=0.15000000596046448)
  IC[27] name=3 Bed Apt. Kitchen ticV(v=0 f=0 sb=0 sched=False EFFECTIVE=0) ticI(v=0 f=0.15000000596046448)
  IC[28] name=Double Bedroom ticV(v=0 f=0 sb=0 sched=False EFFECTIVE=0) ticI(v=0 f=0.15000000596046448)
  IC[29] name=Single Bedroom ticV(v=0 f=0 sb=0 sched=False EFFECTIVE=0) ticI(v=0 f=0.15000000596046448)
  IC[30] name=TM59_Bathroom/internal corridors ticV(v=0 f=0 sb=0 sched=False EFFECTIVE=0) ticI(v=0 f=0.15000000596046448)
  IC[31] name=TM59_Communal Corridor (including pipework gains) ticV(v=0 f=0 sb=0 sched=False EFFECTIVE=0) ticI(v=0 f=0.15000000596046448)
  IC[32] name=TM59_Stairs ticV(v=0 f=0 sb=0 sched=False EFFECTIVE=0) ticI(v=0 f=0.15000000596046448)
  IC[33] name=TM59_Cupboard/riser/lift/void ticV(v=0 f=0 sb=0 sched=False EFFECTIVE=0) ticI(v=0 f=0.15000000596046448)
  IC[34] name=TM59_Cupboard with HIU ticV(v=0 f=0 sb=0 sched=False EFFECTIVE=0) ticI(v=0 f=0.15000000596046448)
  IC[35] name=TM59_Riser Communal pipework ticV(v=0 f=0 sb=0 sched=False EFFECTIVE=0) ticI(v=0 f=0.15000000596046448)
  IC COUNT = 36
  ticV EFFECTIVE NON-ZERO COUNT = 0
  ticV EFFECTIVE SUM = 0
  APERTURETYPE[0] name=Opening Cd0.411 F1 Cd=0.41059074 sheltered=0 profile(v=1 f=1 sched=<none>)
  APERTURETYPE[1] name=Opening Cd0.477 F1 Cd=0.477327 sheltered=0 profile(v=1 f=1 sched=<none>)
  APERTURETYPE COUNT = 2

saved 412037 bytes
