PHASE D - the PR2 explicit Systems / TPD route
  design    C:\TasOut\pr2r\a2\prepared.sam  sha256 5D4756F45956D5F91D01B1EA55CCC3D516762D54756231F8884F928F3332CE18
  src.tbd   sha256 A01CFBB6B8CD9EB6F7B103696A1DE2A1697C4396708C70561D45C0A18D3C9654
  src.tsd   sha256 7239B8D139F7703F6EDDA4B13EDD9D86FACBB039E470EA243A61C44BDE5A5277
  hours     0..8759

== the system scope handed to PR1 ==
  3 ventilation system(s) taken out of scope: they carry no design ventilation terminal.
    out of scope: ventilation system 'NV 1' of type 'NV' carries 0 design terminal(s) and names unit '<none>'.
    out of scope: ventilation system 'UV 1' of type 'UV' carries 0 design terminal(s) and names unit '<none>'.
    out of scope: ventilation system 'MV 1' of type 'MV' carries 0 design terminal(s) and names unit 'AHU1'.
  the intent table is BYTE-IDENTICAL before and after the scoping step.

== the design under test, as the production route states it ==
  8 room(s) across 3 air handling unit(s)
  2 supply room(s), 5 extract room(s), 1 both, 0 transfer-only
  3 supply leg(s), 6 extract leg(s), 5 transfer leg(s)
    MVHR 1     Bathroom_2     supply       0 l/s  extract       8 l/s
    MVHR 1     Studio 1_0     supply      30 l/s  extract      22 l/s
    MVHR 2     Bedroom 2_3    supply      63 l/s  extract       0 l/s
    MVHR 2     Ensuite_5      supply       0 l/s  extract       8 l/s
    MVHR 2     Kitchen_4      supply       0 l/s  extract      55 l/s
    MVHR 3     Bedroom 2_6    supply      63 l/s  extract       0 l/s
    MVHR 3     Ensuite_8      supply       0 l/s  extract       8 l/s
    MVHR 3     Kitchen_7      supply       0 l/s  extract      55 l/s
    transfer  Bedroom 2_3    -> Kitchen_4           63 l/s
    transfer  Bedroom 2_6    -> Kitchen_7           63 l/s
    transfer  Kitchen_4      -> Ensuite_5            8 l/s
    transfer  Kitchen_7      -> Ensuite_8            8 l/s
    transfer  Studio 1_0     -> Bathroom_2           8 l/s

room identities read back from Phase C: 9
thermal source IsComplete: True

== PRODUCTION SAM_Systems Create.MechanicalVentilation ==
  PR1 settings: operating schedule "Part O continuous operation", 8760 hourly values, all 1.0
  scope: 8 space(s) carry a design ventilation terminal.
  scope: 8 space(s) in scope after closing over the design's own transfer legs: Bathroom_2, Bedroom 2_3, Bedroom 2_6, Ensuite_5, Ensuite_8, Kitchen_4, Kitchen_7, Studio 1_0.
  note: Air handling unit 'MVHR-03' materialised as one air system serving 3 space(s).
  note: Air handling unit 'MVHR-02' materialised as one air system serving 3 space(s).
  note: Air handling unit 'MVHR-01' materialised as one air system serving 2 space(s).
  note: 3 air system(s), 8 room(s) and 25 lineage binding(s) materialised and reconciled against the design.

== PRODUCTION Create.SystemVentilationRoute ==
  note: 11 duty-carrying damper(s) materialised - one per extract and transfer leg. Supply duties ride on the room's own zone and no damper was invented for them.
  note: Air system 3c46fcf9-7ecc-865e-9035-6b3de141472a: 7 room(s) and duty-carrying damper(s) drawn one room per row, transfer dampers beneath each room and extract dampers beside it; the trunk is left where the template draws it. Presentation only - no duct, duty, guid or schedule is changed.
  note: Fan {023F020A-95C7-45A8-885F-21B4D8EBA2B0} derives its duty from the attached zones (tpdFlowRateAllAttachedZonesFlowRate), adds no heat to the air stream (HeatGainFactor 0) and runs continuously at factor 1.0 - its operation carrier is the yearly schedule "Part O continuous operation", operable in 8760 of 8760 hours.
  note: Fan {F981EA33-FF9F-45E3-AF84-E627C6223199} derives its duty from the attached zones (tpdFlowRateAllAttachedZonesFlowRate), adds no heat to the air stream (HeatGainFactor 0) and runs continuously at factor 1.0 - its operation carrier is the yearly schedule "Part O continuous operation", operable in 8760 of 8760 hours.
  note: Air system 'MVHR-03': 3 native zone(s). Displacement ventilation on 3 of them - inherited from the template prototype, not decided by this route. The building model's own ventilation flow is off on 3 of 3 and its interzone flow off on 3 of 3, because the graph states every supply, extract and transfer leg explicitly.
  note: Air system 46589d5c-8387-82f1-8ab6-910e1fb53b75: 7 room(s) and duty-carrying damper(s) drawn one room per row, transfer dampers beneath each room and extract dampers beside it; the trunk is left where the template draws it. Presentation only - no duct, duty, guid or schedule is changed.
  note: Fan {926E722C-E3BE-42AE-BCF4-85D3C1F504DE} derives its duty from the attached zones (tpdFlowRateAllAttachedZonesFlowRate), adds no heat to the air stream (HeatGainFactor 0) and runs continuously at factor 1.0 - its operation carrier is the yearly schedule "Part O continuous operation", operable in 8760 of 8760 hours.
  note: Fan {AA8EB9A2-B07A-4670-9804-457EA8FB04B5} derives its duty from the attached zones (tpdFlowRateAllAttachedZonesFlowRate), adds no heat to the air stream (HeatGainFactor 0) and runs continuously at factor 1.0 - its operation carrier is the yearly schedule "Part O continuous operation", operable in 8760 of 8760 hours.
  note: Air system 'MVHR-02': 3 native zone(s). Displacement ventilation on 3 of them - inherited from the template prototype, not decided by this route. The building model's own ventilation flow is off on 3 of 3 and its interzone flow off on 3 of 3, because the graph states every supply, extract and transfer leg explicitly.
  note: Air system d18f66d8-1f45-8bee-a8ef-f3b76d75d8dc: 5 room(s) and duty-carrying damper(s) drawn one room per row, transfer dampers beneath each room and extract dampers beside it; the trunk is left where the template draws it. Presentation only - no duct, duty, guid or schedule is changed.
  note: Fan {A9571ACC-CD8D-4071-86B3-EED1F1BA7A46} derives its duty from the attached zones (tpdFlowRateAllAttachedZonesFlowRate), adds no heat to the air stream (HeatGainFactor 0) and runs continuously at factor 1.0 - its operation carrier is the yearly schedule "Part O continuous operation", operable in 8760 of 8760 hours.
  note: Fan {CBCED0B3-A6A4-4EBE-921F-3EBF47DEAE16} derives its duty from the attached zones (tpdFlowRateAllAttachedZonesFlowRate), adds no heat to the air stream (HeatGainFactor 0) and runs continuously at factor 1.0 - its operation carrier is the yearly schedule "Part O continuous operation", operable in 8760 of 8760 hours.
  note: Air system 'MVHR-01': 2 native zone(s). Displacement ventilation on 2 of them - inherited from the template prototype, not decided by this route. The building model's own ventilation flow is off on 2 of 2 and its interzone flow off on 2 of 2, because the graph states every supply, extract and transfer leg explicitly.
  note: Conversion reconciled against the source graph: 3 air system(s), 8 room(s), 3 supply / 6 extract / 5 transfer leg(s), every design flow matched on its native carrier.
  note: In-place document state captured before the run: 52804 bytes, written 2026-09-10T15:07:57.4879280Z.
  note: 3 air system(s) simulated.
  note: An air system answered: "Done".
  note: An air system answered: "Done".
  note: An air system answered: "Done".
  note: TAS reported success: "Done". Positive evidence, but not the gate - the results reconciliation still decides.
  note: The in-place document was written by this run. NECESSARY BUT NOT SUFFICIENT: Save() writes whether or not results were produced, so success still depends on reading the results back and reconciling them.
  note: Zone temperature complete for 8 of 8 room(s), 8760 finite value(s) each over hours 0..8759, each read off the native zone and zone load its own binding names.
  IsComplete: True
  NativeDiagnostic: [Done]  kind=KnownSuccess

the route's claim written: claim-rooms.tsv (8 room(s)), claim-legs.tsv (14 leg(s))

air handling units: 3 materialised by PR1, 4 present on the model.

ITEM  4  PASS  separate analytical air handling units remain separate TAS systems
            3 analytical unit(s), 3 native TAS system(s), 3 distinct system(s) named by the room bindings.

ITEM  5  PASS  every intended room belongs to the correct TAS system
            8 room(s) bound, 8 materialised by PR1; 0 native zone(s) missing, 0 in the wrong system.

ITEM  6  PASS  supply / extract / both / transfer-only topology is correct
            found/designed - legs: 3/3 supply, 6/6 extract, 5/5 transfer. rooms: 2/2 supply-only, 5/5 extract-only, 1/1 both, 0/0 transfer-only.

ITEM  7  PASS  supply DesignFlowRate is preserved, absolutely, on the room's own zone
            3 supply room(s) checked against the native zone, 0 mismatch(es). 

ITEM  8  PASS  extract DesignFlowRate is preserved on its own in-line damper
            6 extract leg(s) checked against the native damper, 0 mismatch(es). 

ITEM  9  PASS  transfer DesignFlowRate is preserved on its own in-line damper
            5 transfer leg(s) checked against the native damper, 0 mismatch(es). 

ITEM 10  PASS  no duplicated ventilation: the building's own vent and interzone flows are off
            8 native zone(s), 0 still modelling their own ventilation (bit 4) or interzone flow (bit 2). Flags seen: Flags=1.

ITEM 11  PASS  fan duty is derived from the attached zones, never authored
            fan {023F020A-95C7-45A8-885F-21B4D8EBA2B0} DesignFlowType=tpdFlowRateAllAttachedZonesFlowRate value=63; fan {F981EA33-FF9F-45E3-AF84-E627C6223199} DesignFlowType=tpdFlowRateAllAttachedZonesFlowRate value=63; fan {AA8EB9A2-B07A-4670-9804-457EA8FB04B5} DesignFlowType=tpdFlowRateAllAttachedZonesFlowRate value=63; fan {926E722C-E3BE-42AE-BCF4-85D3C1F504DE} DesignFlowType=tpdFlowRateAllAttachedZonesFlowRate value=63; fan {CBCED0B3-A6A4-4EBE-921F-3EBF47DEAE16} DesignFlowType=tpdFlowRateAllAttachedZonesFlowRate value=30; fan {A9571ACC-CD8D-4071-86B3-EED1F1BA7A46} DesignFlowType=tpdFlowRateAllAttachedZonesFlowRate value=30

ITEM 12  PASS  every room returns a complete finite ZoneTemperature series for the requested period
            8 of 8 room(s) complete over hours 0..8759 (8760 values each).

ITEM 15  PASS  the native SystemZone / ZoneLoad identity chain holds end to end
            8/8 zone guids round-trip, 8/8 zone loads resolve to the bound load, all identities distinct: True.

ITEM 13  PASS  the route's values agree with TAS's own, read independently
            8 of 8 room(s) agreed value for value over 8760 hour(s), each read after a raw late-bound simulate of its own air system. 

ITEM 14  PASS  duplicate display names do not alter identity
            22 native zone(s) and damper(s) renamed to one shared string; results still validate: True; 8 of 8 room(s) returned identical values.

== provenance, after the run ==
  src.tbd  sha256 A01CFBB6B8CD9EB6F7B103696A1DE2A1697C4396708C70561D45C0A18D3C9654  UNCHANGED
  src.tsd  sha256 7239B8D139F7703F6EDDA4B13EDD9D86FACBB039E470EA243A61C44BDE5A5277  UNCHANGED
  acc.tpd  sha256 553C9E1C364E6F528417247DCE0FE1D31B8884939EDA8A5217B46BDBF5B755FE  114892 bytes

================================ ACCEPTANCE SUMMARY ================================
ITEM  4  PASS  separate analytical air handling units remain separate TAS systems
            3 analytical unit(s), 3 native TAS system(s), 3 distinct system(s) named by the room bindings.
ITEM  5  PASS  every intended room belongs to the correct TAS system
            8 room(s) bound, 8 materialised by PR1; 0 native zone(s) missing, 0 in the wrong system.
ITEM  6  PASS  supply / extract / both / transfer-only topology is correct
            found/designed - legs: 3/3 supply, 6/6 extract, 5/5 transfer. rooms: 2/2 supply-only, 5/5 extract-only, 1/1 both, 0/0 transfer-only.
ITEM  7  PASS  supply DesignFlowRate is preserved, absolutely, on the room's own zone
            3 supply room(s) checked against the native zone, 0 mismatch(es). 
ITEM  8  PASS  extract DesignFlowRate is preserved on its own in-line damper
            6 extract leg(s) checked against the native damper, 0 mismatch(es). 
ITEM  9  PASS  transfer DesignFlowRate is preserved on its own in-line damper
            5 transfer leg(s) checked against the native damper, 0 mismatch(es). 
ITEM 10  PASS  no duplicated ventilation: the building's own vent and interzone flows are off
            8 native zone(s), 0 still modelling their own ventilation (bit 4) or interzone flow (bit 2). Flags seen: Flags=1.
ITEM 11  PASS  fan duty is derived from the attached zones, never authored
            fan {023F020A-95C7-45A8-885F-21B4D8EBA2B0} DesignFlowType=tpdFlowRateAllAttachedZonesFlowRate value=63; fan {F981EA33-FF9F-45E3-AF84-E627C6223199} DesignFlowType=tpdFlowRateAllAttachedZonesFlowRate value=63; fan {AA8EB9A2-B07A-4670-9804-457EA8FB04B5} DesignFlowType=tpdFlowRateAllAttachedZonesFlowRate value=63; fan {926E722C-E3BE-42AE-BCF4-85D3C1F504DE} DesignFlowType=tpdFlowRateAllAttachedZonesFlowRate value=63; fan {CBCED0B3-A6A4-4EBE-921F-3EBF47DEAE16} DesignFlowType=tpdFlowRateAllAttachedZonesFlowRate value=30; fan {A9571ACC-CD8D-4071-86B3-EED1F1BA7A46} DesignFlowType=tpdFlowRateAllAttachedZonesFlowRate value=30
ITEM 12  PASS  every room returns a complete finite ZoneTemperature series for the requested period
            8 of 8 room(s) complete over hours 0..8759 (8760 values each).
ITEM 15  PASS  the native SystemZone / ZoneLoad identity chain holds end to end
            8/8 zone guids round-trip, 8/8 zone loads resolve to the bound load, all identities distinct: True.
ITEM 13  PASS  the route's values agree with TAS's own, read independently
            8 of 8 room(s) agreed value for value over 8760 hour(s), each read after a raw late-bound simulate of its own air system. 
ITEM 14  PASS  duplicate display names do not alter identity
            22 native zone(s) and damper(s) renamed to one shared string; results still validate: True; 8 of 8 room(s) returned identical values.
