GROUPEXP C:/TasOut/rev/g_try.tpd
before: 45 edge(s), 23 duty-carrier(s)
  AddGroup zone {3D07F7C4-3443-4C9B-A89E-F45804C59791} + 2 member(s) -> {8518CC8F-7CC3-4C66-97D9-1CB4BED2DE88}   [SystemComponent[] + null ACCEPTED]
        multiplicity=1 components=4 baseComponents=2 ducts=3 baseDucts=3 inPorts=1 outPorts=1
  AddGroup zone {2519D576-B5DB-4229-8C6D-F4A2AA5D8D84} + 1 member(s) -> {BA75048C-22D3-411D-8BB3-910034C126F9}   [SystemComponent[] + null ACCEPTED]
        multiplicity=1 components=3 baseComponents=1 ducts=2 baseDucts=2 inPorts=1 outPorts=1
  AddGroup zone {91FAE488-F32C-4676-8EA7-63E8529C6690} + 1 member(s) -> {C3B9C3C4-BED3-4451-9221-8EF6CE59D72C}   [SystemComponent[] + null ACCEPTED]
        multiplicity=1 components=3 baseComponents=1 ducts=2 baseDucts=2 inPorts=1 outPorts=1
  AddGroup zone {1CCF5999-5F44-4E84-8E5E-6EC37DB3F43E} + 2 member(s) -> {E561FC0F-6D1B-4CC3-90AC-3A71B6248E80}   [SystemComponent[] + null ACCEPTED]
        multiplicity=1 components=4 baseComponents=2 ducts=3 baseDucts=3 inPorts=1 outPorts=1
  AddGroup zone {E5CCC38E-871B-498A-86E1-4B69C98A0335} + 2 member(s) -> {F25020C4-50DE-4063-89AB-258CE875AA94}   [SystemComponent[] + null ACCEPTED]
        multiplicity=1 components=4 baseComponents=2 ducts=3 baseDucts=3 inPorts=1 outPorts=1
  AddGroup zone {BEC71C3A-A66D-4C68-9A31-B346284B331B} + 2 member(s) -> {70522397-4FB6-4082-A492-E0E04A2E9FCF}   [SystemComponent[] + null ACCEPTED]
        multiplicity=1 components=4 baseComponents=2 ducts=3 baseDucts=3 inPorts=1 outPorts=1
  AddGroup zone {174735C2-3BBB-4F29-935C-6C60A5E506FF} + 1 member(s) -> {2C722F34-8EEF-43C0-B586-9917D9445AD5}   [SystemComponent[] + null ACCEPTED]
        multiplicity=1 components=3 baseComponents=1 ducts=2 baseDucts=2 inPorts=1 outPorts=1
  AddGroup zone {6B12A1CF-4629-4ECD-BFF5-3558C8EB5EB2} + 2 member(s) -> {87EEE79B-46AA-4524-BF95-3B46A12FC9EE}   [SystemComponent[] + null ACCEPTED]
        multiplicity=1 components=4 baseComponents=2 ducts=3 baseDucts=3 inPorts=1 outPorts=1
  AddGroup zone {717C0F26-EF43-4C6E-8346-74BF0E70D1DA} + 2 member(s) -> {5260E0EE-71F7-497B-A533-CD741597ABD7}   [SystemComponent[] + null ACCEPTED]
        multiplicity=1 components=4 baseComponents=2 ducts=3 baseDucts=3 inPorts=1 outPorts=1
groups created: 9
after : 63 edge(s), 23 duty-carrier(s)
  EDGE REMOVED  {0049AB22-5409-4FA0-8C7F-3418FC23A67B}:1 -> {5FBBD4C7-C719-4249-9888-7057FE721DC8}:1
  EDGE REMOVED  {04662152-C8D2-42ED-852C-8BF8762EA82B}:1 -> {717C0F26-EF43-4C6E-8346-74BF0E70D1DA}:1
  EDGE REMOVED  {130E30F1-EDAF-492E-BE02-FBD75DB56146}:1 -> {6B12A1CF-4629-4ECD-BFF5-3558C8EB5EB2}:1
  EDGE REMOVED  {174735C2-3BBB-4F29-935C-6C60A5E506FF}:1 -> {FAE010C0-65D3-42A1-94C4-291B49356492}:1
  EDGE REMOVED  {2519D576-B5DB-4229-8C6D-F4A2AA5D8D84}:1 -> {CAF9A2C9-667D-4601-A6A9-2FF31DE4883D}:1
  EDGE REMOVED  {3AFF1DF4-DDF3-4E27-BF4C-FB3B3BAEFD93}:1 -> {5FBBD4C7-C719-4249-9888-7057FE721DC8}:1
  EDGE REMOVED  {6D1C199D-2426-47B8-8560-B04159B08F69}:1 -> {174735C2-3BBB-4F29-935C-6C60A5E506FF}:1
  EDGE REMOVED  {6D1C199D-2426-47B8-8560-B04159B08F69}:1 -> {BEC71C3A-A66D-4C68-9A31-B346284B331B}:1
  EDGE REMOVED  {8232434E-1800-492B-919D-6F8058D3642A}:1 -> {91FAE488-F32C-4676-8EA7-63E8529C6690}:1
  EDGE REMOVED  {91FAE488-F32C-4676-8EA7-63E8529C6690}:1 -> {233E313F-F86D-45F7-BD2E-657F3FF270D7}:1
  EDGE REMOVED  {93197FBC-87C4-4B41-A2D8-B7671B3B13D3}:1 -> {130E30F1-EDAF-492E-BE02-FBD75DB56146}:1
  EDGE REMOVED  {9605A2BD-1DAB-48AE-B729-45B6C38F9B4F}:1 -> {EE4F7DA5-CD50-4C79-9F87-7E303E01A8AE}:1
  EDGE REMOVED  {B5008827-FB42-4E68-95BB-FAF96E22CA26}:1 -> {E5CCC38E-871B-498A-86E1-4B69C98A0335}:1
  EDGE REMOVED  {B6F379CF-74A1-4189-8132-E926F6684AE0}:1 -> {2519D576-B5DB-4229-8C6D-F4A2AA5D8D84}:1
  EDGE REMOVED  {B6F379CF-74A1-4189-8132-E926F6684AE0}:1 -> {3D07F7C4-3443-4C9B-A89E-F45804C59791}:1
  EDGE REMOVED  {B8F14867-4A5E-423E-B271-5808B61B1B97}:1 -> {1CCF5999-5F44-4E84-8E5E-6EC37DB3F43E}:1
  EDGE REMOVED  {D4A305F0-6B64-48DE-8651-643EC2767B60}:1 -> {8232434E-1800-492B-919D-6F8058D3642A}:1
  EDGE ADDED    {0049AB22-5409-4FA0-8C7F-3418FC23A67B}:1 -> {9CF695A0-A2D5-4BA2-AFFC-4FA13E213C1B}:1
  EDGE ADDED    {04662152-C8D2-42ED-852C-8BF8762EA82B}:1 -> {37F941B8-A111-492D-8298-65E0181CC59A}:1
  EDGE ADDED    {130E30F1-EDAF-492E-BE02-FBD75DB56146}:1 -> {87EEE79B-46AA-4524-BF95-3B46A12FC9EE}:1
  EDGE ADDED    {174735C2-3BBB-4F29-935C-6C60A5E506FF}:1 -> {8805F0E5-DDFF-43F9-8070-22427DD47189}:1
  EDGE ADDED    {2519D576-B5DB-4229-8C6D-F4A2AA5D8D84}:1 -> {CFE73BE5-04CE-4012-B921-C5698298CE83}:1
  EDGE ADDED    {2C722F34-8EEF-43C0-B586-9917D9445AD5}:1 -> {FAE010C0-65D3-42A1-94C4-291B49356492}:1
  EDGE ADDED    {331B46C6-43E7-4C71-BF57-D9D577C01A20}:1 -> {1CCF5999-5F44-4E84-8E5E-6EC37DB3F43E}:1
  EDGE ADDED    {3AFF1DF4-DDF3-4E27-BF4C-FB3B3BAEFD93}:1 -> {A048FD43-8A9E-49AE-86DA-EE75F23BDCB0}:1
  EDGE ADDED    {5260E0EE-71F7-497B-A533-CD741597ABD7}:1 -> {EE4F7DA5-CD50-4C79-9F87-7E303E01A8AE}:1
  EDGE ADDED    {6D1C199D-2426-47B8-8560-B04159B08F69}:1 -> {2C722F34-8EEF-43C0-B586-9917D9445AD5}:1
  EDGE ADDED    {6D1C199D-2426-47B8-8560-B04159B08F69}:1 -> {70522397-4FB6-4082-A492-E0E04A2E9FCF}:1
  EDGE ADDED    {70522397-4FB6-4082-A492-E0E04A2E9FCF}:1 -> {130E30F1-EDAF-492E-BE02-FBD75DB56146}:1
  EDGE ADDED    {8232434E-1800-492B-919D-6F8058D3642A}:1 -> {C3B9C3C4-BED3-4451-9221-8EF6CE59D72C}:1
  EDGE ADDED    {8518CC8F-7CC3-4C66-97D9-1CB4BED2DE88}:1 -> {8232434E-1800-492B-919D-6F8058D3642A}:1
  EDGE ADDED    {87EEE79B-46AA-4524-BF95-3B46A12FC9EE}:1 -> {5260E0EE-71F7-497B-A533-CD741597ABD7}:1
  EDGE ADDED    {91FAE488-F32C-4676-8EA7-63E8529C6690}:1 -> {4CF6AE1B-28E9-4AF6-B0F0-07C8A0F268B1}:1
  EDGE ADDED    {93197FBC-87C4-4B41-A2D8-B7671B3B13D3}:1 -> {C3DD5375-7827-48B7-A7BF-052BADE90932}:1
  EDGE ADDED    {9605A2BD-1DAB-48AE-B729-45B6C38F9B4F}:1 -> {72E3C236-FBA0-4C88-B4EF-C643E4D0018C}:1
  EDGE ADDED    {A4BE7E10-7294-4AD2-9666-7C465AB61474}:1 -> {3D07F7C4-3443-4C9B-A89E-F45804C59791}:1
  EDGE ADDED    {B5008827-FB42-4E68-95BB-FAF96E22CA26}:1 -> {F25020C4-50DE-4063-89AB-258CE875AA94}:1
  EDGE ADDED    {B6F379CF-74A1-4189-8132-E926F6684AE0}:1 -> {8518CC8F-7CC3-4C66-97D9-1CB4BED2DE88}:1
  EDGE ADDED    {B6F379CF-74A1-4189-8132-E926F6684AE0}:1 -> {BA75048C-22D3-411D-8BB3-910034C126F9}:1
  EDGE ADDED    {B8790A40-BE60-47E2-9918-480D7659EB7D}:1 -> {E5CCC38E-871B-498A-86E1-4B69C98A0335}:1
  EDGE ADDED    {B8F14867-4A5E-423E-B271-5808B61B1B97}:1 -> {E561FC0F-6D1B-4CC3-90AC-3A71B6248E80}:1
  EDGE ADDED    {BA36EB48-1BAB-49FB-83D6-FA2BFEC706A6}:1 -> {174735C2-3BBB-4F29-935C-6C60A5E506FF}:1
  EDGE ADDED    {BA75048C-22D3-411D-8BB3-910034C126F9}:1 -> {CAF9A2C9-667D-4601-A6A9-2FF31DE4883D}:1
  EDGE ADDED    {BE5AABB2-A817-4C66-B0E4-1CA06020DD45}:1 -> {6B12A1CF-4629-4ECD-BFF5-3558C8EB5EB2}:1
  EDGE ADDED    {C3B9C3C4-BED3-4451-9221-8EF6CE59D72C}:1 -> {233E313F-F86D-45F7-BD2E-657F3FF270D7}:1
  EDGE ADDED    {C796DCD3-A969-4551-A740-2C59AD529F22}:1 -> {BEC71C3A-A66D-4C68-9A31-B346284B331B}:1
  EDGE ADDED    {D4A305F0-6B64-48DE-8651-643EC2767B60}:1 -> {4BF3BD54-B48B-4039-8042-C8BD02E40573}:1
  EDGE ADDED    {DB0D0422-0E1D-460F-AF7F-D2A386DD12E2}:1 -> {91FAE488-F32C-4676-8EA7-63E8529C6690}:1
  EDGE ADDED    {DF04229F-E133-4772-9FC1-3F9B468A85EF}:1 -> {717C0F26-EF43-4C6E-8346-74BF0E70D1DA}:1
  EDGE ADDED    {E561FC0F-6D1B-4CC3-90AC-3A71B6248E80}:1 -> {5FBBD4C7-C719-4249-9888-7057FE721DC8}:1
  EDGE ADDED    {E67962B3-0325-473E-8BFB-4B3D2BA98406}:1 -> {2519D576-B5DB-4229-8C6D-F4A2AA5D8D84}:1
  EDGE ADDED    {F25020C4-50DE-4063-89AB-258CE875AA94}:1 -> {5FBBD4C7-C719-4249-9888-7057FE721DC8}:1
  EDGE: 17 removed, 35 added, 28 unchanged
  DUTY: 0 removed, 0 added, 23 unchanged

-- full graph after grouping --

== SYSTEM 1 {F60AFCB5-93C0-42D4-A6D2-6A9A98CA1A4F} name="AHU Two" Multiplicity=1 components=20 ducts=22 zones=5
  -- top-level components (system.GetComponent(i)) --
  ComponentType="Junction" {1837B06E-81FA-4F1F-BEEB-88BA990B1045} name="Junction Fresh Air" type="Junction" inPorts=1 outPorts=1 group=<none>
        outPort 1: 1 duct(s)
  ComponentType="Junction" {16A50CED-5F48-4944-AC33-44E803FE100B} name="Junction Exhaust Air" type="Junction" inPorts=1 outPorts=1 group=<none>
        inPort 1: 1 duct(s)
  ComponentType="Junction" {C41C0368-6351-4D35-A319-EA3810E675EB} name="Junction Return" type="Junction" inPorts=1 outPorts=1 group=<none>
        inPort 1: 1 duct(s)
        outPort 1: 1 duct(s)
  ComponentType="Fan"    {2D5E283D-CCEE-4717-9D89-65A9BB1F3772} name="Return Air Fan" type="Fan" inPorts=1 outPorts=1 group=<none>
        inPort 1: 1 duct(s)
        outPort 1: 1 duct(s)
  ComponentType="Fan"    {D2D86A42-CBC5-49DD-AAA0-FCDAC738AA0A} name="Fresh Air Fan" type="Fan" inPorts=1 outPorts=1 group=<none>
        inPort 1: 1 duct(s)
        outPort 1: 1 duct(s)
  ComponentType="Damper" {CF5CE3FF-C8B7-42AE-B195-D8F594228907} name="Damper 1" type="Damper" inPorts=1 outPorts=1 group=<none>
        inPort 1: 1 duct(s)
        outPort 1: 1 duct(s)
  ComponentType="Damper" {4B7C4FCF-9DFF-4784-9B40-B40215908C2D} name="Extract Damper Ensuite_8" type="Damper" inPorts=1 outPorts=1 group=<none>
        inPort 1: 1 duct(s)
        outPort 1: 1 duct(s)
  ComponentType="Damper" {B5008827-FB42-4E68-95BB-FAF96E22CA26} name="Transfer Damper Kitchen_4" type="Damper" inPorts=1 outPorts=1 group=<none>
        inPort 1: 1 duct(s)
        outPort 1: 1 duct(s)
  ComponentType="Damper" {B8F14867-4A5E-423E-B271-5808B61B1B97} name="Transfer Damper Kitchen_4" type="Damper" inPorts=1 outPorts=1 group=<none>
        inPort 1: 1 duct(s)
        outPort 1: 1 duct(s)
  ComponentType="Damper" {171098D2-BDF7-4B67-A820-EAB11F7FA6C4} name="Transfer Damper Ensuite_8" type="Damper" inPorts=1 outPorts=1 group=<none>
        inPort 1: 1 duct(s)
        outPort 1: 1 duct(s)
  ComponentType="Junction" {5FBBD4C7-C719-4249-9888-7057FE721DC8} name="Part O Branch Junction" type="Junction" inPorts=1 outPorts=1 group=<none>
        inPort 1: 3 duct(s)
        outPort 1: 1 duct(s)
  ComponentType="Junction" {B6F379CF-74A1-4189-8132-E926F6684AE0} name="Part O Branch Junction" type="Junction" inPorts=1 outPorts=1 group=<none>
        inPort 1: 1 duct(s)
        outPort 1: 2 duct(s)
  ComponentType="Junction" {CAF9A2C9-667D-4601-A6A9-2FF31DE4883D} name="Part O Branch Junction" type="Junction" inPorts=1 outPorts=1 group=<none>
        inPort 1: 1 duct(s)
        outPort 1: 2 duct(s)
  ComponentType="Junction" {8232434E-1800-492B-919D-6F8058D3642A} name="Part O Branch Junction" type="Junction" inPorts=1 outPorts=1 group=<none>
        inPort 1: 2 duct(s)
        outPort 1: 1 duct(s)
  ComponentType="Junction" {233E313F-F86D-45F7-BD2E-657F3FF270D7} name="Part O Branch Junction" type="Junction" inPorts=1 outPorts=1 group=<none>
        inPort 1: 1 duct(s)
        outPort 1: 2 duct(s)
  ComponentType="ComponentGroup" {8518CC8F-7CC3-4C66-97D9-1CB4BED2DE88} name="Group 1" type="ComponentGroup" inPorts=1 outPorts=1 group=<none>
        inPort 1: 1 duct(s)
        outPort 1: 1 duct(s)
  ComponentType="ComponentGroup" {BA75048C-22D3-411D-8BB3-910034C126F9} name="Group 2" type="ComponentGroup" inPorts=1 outPorts=1 group=<none>
        inPort 1: 1 duct(s)
        outPort 1: 1 duct(s)
  ComponentType="ComponentGroup" {C3B9C3C4-BED3-4451-9221-8EF6CE59D72C} name="Group 3" type="ComponentGroup" inPorts=1 outPorts=1 group=<none>
        inPort 1: 1 duct(s)
        outPort 1: 1 duct(s)
  ComponentType="ComponentGroup" {E561FC0F-6D1B-4CC3-90AC-3A71B6248E80} name="Group 4" type="ComponentGroup" inPorts=1 outPorts=1 group=<none>
        inPort 1: 1 duct(s)
        outPort 1: 1 duct(s)
  ComponentType="ComponentGroup" {F25020C4-50DE-4063-89AB-258CE875AA94} name="Group 5" type="ComponentGroup" inPorts=1 outPorts=1 group=<none>
        inPort 1: 1 duct(s)
        outPort 1: 1 duct(s)
  -- ducts (system.GetDuct(i), endpoints from TAS's own accessors) --
  duct 1   [ComponentType="Junction" {5FBBD4C7-C719-4249-9888-7057FE721DC8} "Part O Branch Junction"]:1  ->  [ComponentType="Fan" {2D5E283D-CCEE-4717-9D89-65A9BB1F3772} "Return Air Fan"]:1   group=<none>
  duct 2   [ComponentType="Damper" {CF5CE3FF-C8B7-42AE-B195-D8F594228907} "Damper 1"]:1  ->  [ComponentType="Junction" {B6F379CF-74A1-4189-8132-E926F6684AE0} "Part O Branch Junction"]:1   group=<none>
  duct 3   [ComponentType="Fan" {2D5E283D-CCEE-4717-9D89-65A9BB1F3772} "Return Air Fan"]:1  ->  [ComponentType="Junction" {C41C0368-6351-4D35-A319-EA3810E675EB} "Junction Return"]:1   group=<none>
  duct 4   [ComponentType="Junction" {233E313F-F86D-45F7-BD2E-657F3FF270D7} "Part O Branch Junction"]:1  ->  [ComponentType="Damper" {B8F14867-4A5E-423E-B271-5808B61B1B97} "Transfer Damper Kitchen_4"]:1   group=<none>
  duct 5   [ComponentType="Junction" {1837B06E-81FA-4F1F-BEEB-88BA990B1045} "Junction Fresh Air"]:1  ->  [ComponentType="Fan" {D2D86A42-CBC5-49DD-AAA0-FCDAC738AA0A} "Fresh Air Fan"]:1   group=<none>
  duct 6   [ComponentType="Damper" {4B7C4FCF-9DFF-4784-9B40-B40215908C2D} "Extract Damper Ensuite_8"]:1  ->  [ComponentType="Junction" {5FBBD4C7-C719-4249-9888-7057FE721DC8} "Part O Branch Junction"]:1   group=<none>
  duct 7   [ComponentType="Junction" {233E313F-F86D-45F7-BD2E-657F3FF270D7} "Part O Branch Junction"]:1  ->  [ComponentType="Damper" {B5008827-FB42-4E68-95BB-FAF96E22CA26} "Transfer Damper Kitchen_4"]:1   group=<none>
  duct 8   [ComponentType="Junction" {C41C0368-6351-4D35-A319-EA3810E675EB} "Junction Return"]:1  ->  [ComponentType="Junction" {16A50CED-5F48-4944-AC33-44E803FE100B} "Junction Exhaust Air"]:1   group=<none>
  duct 9   [ComponentType="Fan" {D2D86A42-CBC5-49DD-AAA0-FCDAC738AA0A} "Fresh Air Fan"]:1  ->  [ComponentType="Damper" {CF5CE3FF-C8B7-42AE-B195-D8F594228907} "Damper 1"]:1   group=<none>
  duct 10  [ComponentType="Junction" {CAF9A2C9-667D-4601-A6A9-2FF31DE4883D} "Part O Branch Junction"]:1  ->  [ComponentType="Damper" {171098D2-BDF7-4B67-A820-EAB11F7FA6C4} "Transfer Damper Ensuite_8"]:1   group=<none>
  duct 11  [ComponentType="Damper" {171098D2-BDF7-4B67-A820-EAB11F7FA6C4} "Transfer Damper Ensuite_8"]:1  ->  [ComponentType="Junction" {8232434E-1800-492B-919D-6F8058D3642A} "Part O Branch Junction"]:1   group=<none>
  duct 12  [ComponentType="Junction" {CAF9A2C9-667D-4601-A6A9-2FF31DE4883D} "Part O Branch Junction"]:1  ->  [ComponentType="Damper" {4B7C4FCF-9DFF-4784-9B40-B40215908C2D} "Extract Damper Ensuite_8"]:1   group=<none>
  duct 13  [ComponentType="Junction" {B6F379CF-74A1-4189-8132-E926F6684AE0} "Part O Branch Junction"]:1  ->  [ComponentType="ComponentGroup" {8518CC8F-7CC3-4C66-97D9-1CB4BED2DE88} "Group 1"]:1   group=<none>
  duct 14  [ComponentType="ComponentGroup" {8518CC8F-7CC3-4C66-97D9-1CB4BED2DE88} "Group 1"]:1  ->  [ComponentType="Junction" {8232434E-1800-492B-919D-6F8058D3642A} "Part O Branch Junction"]:1   group=<none>
  duct 15  [ComponentType="Junction" {B6F379CF-74A1-4189-8132-E926F6684AE0} "Part O Branch Junction"]:1  ->  [ComponentType="ComponentGroup" {BA75048C-22D3-411D-8BB3-910034C126F9} "Group 2"]:1   group=<none>
  duct 16  [ComponentType="ComponentGroup" {BA75048C-22D3-411D-8BB3-910034C126F9} "Group 2"]:1  ->  [ComponentType="Junction" {CAF9A2C9-667D-4601-A6A9-2FF31DE4883D} "Part O Branch Junction"]:1   group=<none>
  duct 17  [ComponentType="Junction" {8232434E-1800-492B-919D-6F8058D3642A} "Part O Branch Junction"]:1  ->  [ComponentType="ComponentGroup" {C3B9C3C4-BED3-4451-9221-8EF6CE59D72C} "Group 3"]:1   group=<none>
  duct 18  [ComponentType="ComponentGroup" {C3B9C3C4-BED3-4451-9221-8EF6CE59D72C} "Group 3"]:1  ->  [ComponentType="Junction" {233E313F-F86D-45F7-BD2E-657F3FF270D7} "Part O Branch Junction"]:1   group=<none>
  duct 19  [ComponentType="Damper" {B8F14867-4A5E-423E-B271-5808B61B1B97} "Transfer Damper Kitchen_4"]:1  ->  [ComponentType="ComponentGroup" {E561FC0F-6D1B-4CC3-90AC-3A71B6248E80} "Group 4"]:1   group=<none>
  duct 20  [ComponentType="ComponentGroup" {E561FC0F-6D1B-4CC3-90AC-3A71B6248E80} "Group 4"]:1  ->  [ComponentType="Junction" {5FBBD4C7-C719-4249-9888-7057FE721DC8} "Part O Branch Junction"]:1   group=<none>
  duct 21  [ComponentType="Damper" {B5008827-FB42-4E68-95BB-FAF96E22CA26} "Transfer Damper Kitchen_4"]:1  ->  [ComponentType="ComponentGroup" {F25020C4-50DE-4063-89AB-258CE875AA94} "Group 5"]:1   group=<none>
  duct 22  [ComponentType="ComponentGroup" {F25020C4-50DE-4063-89AB-258CE875AA94} "Group 5"]:1  ->  [ComponentType="Junction" {5FBBD4C7-C719-4249-9888-7057FE721DC8} "Part O Branch Junction"]:1   group=<none>
  -- component groups --
  GROUP {8518CC8F-7CC3-4C66-97D9-1CB4BED2DE88} name="Group 1" multiplicity=1 components=4 baseComponents=2 ducts=3 baseDucts=3
        member  ComponentType="GroupJunction" {4BF3BD54-B48B-4039-8042-C8BD02E40573} "Group Junction" inPorts=1 outPorts=1 groupOfMember={8518CC8F-7CC3-4C66-97D9-1CB4BED2DE88}
        member  ComponentType="GroupJunction" {A4BE7E10-7294-4AD2-9666-7C465AB61474} "Group Junction" inPorts=1 outPorts=1 groupOfMember={8518CC8F-7CC3-4C66-97D9-1CB4BED2DE88}
        member  ComponentType="SystemZone" {3D07F7C4-3443-4C9B-A89E-F45804C59791} "Studio 1_0" inPorts=1 outPorts=1 groupOfMember={8518CC8F-7CC3-4C66-97D9-1CB4BED2DE88}
                  Flags=1 FlowRate=13/1 FreshAir=13/1
                  inputDuct  : [ComponentType="GroupJunction" {A4BE7E10-7294-4AD2-9666-7C465AB61474} "Group Junction"]:1  ->  [ComponentType="SystemZone" {3D07F7C4-3443-4C9B-A89E-F45804C59791} "Studio 1_0"]:1
                  outputDuct : [ComponentType="SystemZone" {3D07F7C4-3443-4C9B-A89E-F45804C59791} "Studio 1_0"]:1  ->  [ComponentType="Damper" {D4A305F0-6B64-48DE-8651-643EC2767B60} "Transfer Damper Studio 1_0"]:1
        member  ComponentType="Damper" {D4A305F0-6B64-48DE-8651-643EC2767B60} "Transfer Damper Studio 1_0" inPorts=1 outPorts=1 groupOfMember={8518CC8F-7CC3-4C66-97D9-1CB4BED2DE88}
                  DesignFlowType=1 DesignFlowRate=13/1
        ownduct [ComponentType="GroupJunction" {A4BE7E10-7294-4AD2-9666-7C465AB61474} "Group Junction"]:1  ->  [ComponentType="SystemZone" {3D07F7C4-3443-4C9B-A89E-F45804C59791} "Studio 1_0"]:1
        ownduct [ComponentType="SystemZone" {3D07F7C4-3443-4C9B-A89E-F45804C59791} "Studio 1_0"]:1  ->  [ComponentType="Damper" {D4A305F0-6B64-48DE-8651-643EC2767B60} "Transfer Damper Studio 1_0"]:1
        ownduct [ComponentType="Damper" {D4A305F0-6B64-48DE-8651-643EC2767B60} "Transfer Damper Studio 1_0"]:1  ->  [ComponentType="GroupJunction" {4BF3BD54-B48B-4039-8042-C8BD02E40573} "Group Junction"]:1
        zoneLoadGroup = <null or no accessor>
        (components answering GetGroup() = this group: 0)
  GROUP {BA75048C-22D3-411D-8BB3-910034C126F9} name="Group 2" multiplicity=1 components=3 baseComponents=1 ducts=2 baseDucts=2
        member  ComponentType="GroupJunction" {CFE73BE5-04CE-4012-B921-C5698298CE83} "Group Junction" inPorts=1 outPorts=1 groupOfMember={BA75048C-22D3-411D-8BB3-910034C126F9}
        member  ComponentType="GroupJunction" {E67962B3-0325-473E-8BFB-4B3D2BA98406} "Group Junction" inPorts=1 outPorts=1 groupOfMember={BA75048C-22D3-411D-8BB3-910034C126F9}
        member  ComponentType="SystemZone" {2519D576-B5DB-4229-8C6D-F4A2AA5D8D84} "Ensuite_8" inPorts=1 outPorts=1 groupOfMember={BA75048C-22D3-411D-8BB3-910034C126F9}
                  Flags=1 FlowRate=31/1 FreshAir=31/1
                  inputDuct  : [ComponentType="GroupJunction" {E67962B3-0325-473E-8BFB-4B3D2BA98406} "Group Junction"]:1  ->  [ComponentType="SystemZone" {2519D576-B5DB-4229-8C6D-F4A2AA5D8D84} "Ensuite_8"]:1
                  outputDuct : [ComponentType="SystemZone" {2519D576-B5DB-4229-8C6D-F4A2AA5D8D84} "Ensuite_8"]:1  ->  [ComponentType="GroupJunction" {CFE73BE5-04CE-4012-B921-C5698298CE83} "Group Junction"]:1
        ownduct [ComponentType="GroupJunction" {E67962B3-0325-473E-8BFB-4B3D2BA98406} "Group Junction"]:1  ->  [ComponentType="SystemZone" {2519D576-B5DB-4229-8C6D-F4A2AA5D8D84} "Ensuite_8"]:1
        ownduct [ComponentType="SystemZone" {2519D576-B5DB-4229-8C6D-F4A2AA5D8D84} "Ensuite_8"]:1  ->  [ComponentType="GroupJunction" {CFE73BE5-04CE-4012-B921-C5698298CE83} "Group Junction"]:1
        zoneLoadGroup = <null or no accessor>
        (components answering GetGroup() = this group: 0)
  GROUP {C3B9C3C4-BED3-4451-9221-8EF6CE59D72C} name="Group 3" multiplicity=1 components=3 baseComponents=1 ducts=2 baseDucts=2
        member  ComponentType="GroupJunction" {4CF6AE1B-28E9-4AF6-B0F0-07C8A0F268B1} "Group Junction" inPorts=1 outPorts=1 groupOfMember={C3B9C3C4-BED3-4451-9221-8EF6CE59D72C}
        member  ComponentType="GroupJunction" {DB0D0422-0E1D-460F-AF7F-D2A386DD12E2} "Group Junction" inPorts=1 outPorts=1 groupOfMember={C3B9C3C4-BED3-4451-9221-8EF6CE59D72C}
        member  ComponentType="SystemZone" {91FAE488-F32C-4676-8EA7-63E8529C6690} "Kitchen_4" inPorts=1 outPorts=1 groupOfMember={C3B9C3C4-BED3-4451-9221-8EF6CE59D72C}
                  Flags=1 FlowRate=0/1 FreshAir=0/1
                  inputDuct  : [ComponentType="GroupJunction" {DB0D0422-0E1D-460F-AF7F-D2A386DD12E2} "Group Junction"]:1  ->  [ComponentType="SystemZone" {91FAE488-F32C-4676-8EA7-63E8529C6690} "Kitchen_4"]:1
                  outputDuct : [ComponentType="SystemZone" {91FAE488-F32C-4676-8EA7-63E8529C6690} "Kitchen_4"]:1  ->  [ComponentType="GroupJunction" {4CF6AE1B-28E9-4AF6-B0F0-07C8A0F268B1} "Group Junction"]:1
        ownduct [ComponentType="GroupJunction" {DB0D0422-0E1D-460F-AF7F-D2A386DD12E2} "Group Junction"]:1  ->  [ComponentType="SystemZone" {91FAE488-F32C-4676-8EA7-63E8529C6690} "Kitchen_4"]:1
        ownduct [ComponentType="SystemZone" {91FAE488-F32C-4676-8EA7-63E8529C6690} "Kitchen_4"]:1  ->  [ComponentType="GroupJunction" {4CF6AE1B-28E9-4AF6-B0F0-07C8A0F268B1} "Group Junction"]:1
        zoneLoadGroup = <null or no accessor>
        (components answering GetGroup() = this group: 0)
  GROUP {E561FC0F-6D1B-4CC3-90AC-3A71B6248E80} name="Group 4" multiplicity=1 components=4 baseComponents=2 ducts=3 baseDucts=3
        member  ComponentType="GroupJunction" {9CF695A0-A2D5-4BA2-AFFC-4FA13E213C1B} "Group Junction" inPorts=1 outPorts=1 groupOfMember={E561FC0F-6D1B-4CC3-90AC-3A71B6248E80}
        member  ComponentType="GroupJunction" {331B46C6-43E7-4C71-BF57-D9D577C01A20} "Group Junction" inPorts=1 outPorts=1 groupOfMember={E561FC0F-6D1B-4CC3-90AC-3A71B6248E80}
        member  ComponentType="SystemZone" {1CCF5999-5F44-4E84-8E5E-6EC37DB3F43E} "Bathroom_2" inPorts=1 outPorts=1 groupOfMember={E561FC0F-6D1B-4CC3-90AC-3A71B6248E80}
                  Flags=1 FlowRate=0/1 FreshAir=0/1
                  inputDuct  : [ComponentType="GroupJunction" {331B46C6-43E7-4C71-BF57-D9D577C01A20} "Group Junction"]:1  ->  [ComponentType="SystemZone" {1CCF5999-5F44-4E84-8E5E-6EC37DB3F43E} "Bathroom_2"]:1
                  outputDuct : [ComponentType="SystemZone" {1CCF5999-5F44-4E84-8E5E-6EC37DB3F43E} "Bathroom_2"]:1  ->  [ComponentType="Damper" {0049AB22-5409-4FA0-8C7F-3418FC23A67B} "Extract Damper Bathroom_2"]:1
        member  ComponentType="Damper" {0049AB22-5409-4FA0-8C7F-3418FC23A67B} "Extract Damper Bathroom_2" inPorts=1 outPorts=1 groupOfMember={E561FC0F-6D1B-4CC3-90AC-3A71B6248E80}
                  DesignFlowType=1 DesignFlowRate=15/1
        ownduct [ComponentType="GroupJunction" {331B46C6-43E7-4C71-BF57-D9D577C01A20} "Group Junction"]:1  ->  [ComponentType="SystemZone" {1CCF5999-5F44-4E84-8E5E-6EC37DB3F43E} "Bathroom_2"]:1
        ownduct [ComponentType="SystemZone" {1CCF5999-5F44-4E84-8E5E-6EC37DB3F43E} "Bathroom_2"]:1  ->  [ComponentType="Damper" {0049AB22-5409-4FA0-8C7F-3418FC23A67B} "Extract Damper Bathroom_2"]:1
        ownduct [ComponentType="Damper" {0049AB22-5409-4FA0-8C7F-3418FC23A67B} "Extract Damper Bathroom_2"]:1  ->  [ComponentType="GroupJunction" {9CF695A0-A2D5-4BA2-AFFC-4FA13E213C1B} "Group Junction"]:1
        zoneLoadGroup = <null or no accessor>
        (components answering GetGroup() = this group: 0)
  GROUP {F25020C4-50DE-4063-89AB-258CE875AA94} name="Group 5" multiplicity=1 components=4 baseComponents=2 ducts=3 baseDucts=3
        member  ComponentType="GroupJunction" {A048FD43-8A9E-49AE-86DA-EE75F23BDCB0} "Group Junction" inPorts=1 outPorts=1 groupOfMember={F25020C4-50DE-4063-89AB-258CE875AA94}
        member  ComponentType="GroupJunction" {B8790A40-BE60-47E2-9918-480D7659EB7D} "Group Junction" inPorts=1 outPorts=1 groupOfMember={F25020C4-50DE-4063-89AB-258CE875AA94}
        member  ComponentType="SystemZone" {E5CCC38E-871B-498A-86E1-4B69C98A0335} "Bedroom 2_3" inPorts=1 outPorts=1 groupOfMember={F25020C4-50DE-4063-89AB-258CE875AA94}
                  Flags=1 FlowRate=0/1 FreshAir=0/1
                  inputDuct  : [ComponentType="GroupJunction" {B8790A40-BE60-47E2-9918-480D7659EB7D} "Group Junction"]:1  ->  [ComponentType="SystemZone" {E5CCC38E-871B-498A-86E1-4B69C98A0335} "Bedroom 2_3"]:1
                  outputDuct : [ComponentType="SystemZone" {E5CCC38E-871B-498A-86E1-4B69C98A0335} "Bedroom 2_3"]:1  ->  [ComponentType="Damper" {3AFF1DF4-DDF3-4E27-BF4C-FB3B3BAEFD93} "Extract Damper Bedroom 2_3"]:1
        member  ComponentType="Damper" {3AFF1DF4-DDF3-4E27-BF4C-FB3B3BAEFD93} "Extract Damper Bedroom 2_3" inPorts=1 outPorts=1 groupOfMember={F25020C4-50DE-4063-89AB-258CE875AA94}
                  DesignFlowType=1 DesignFlowRate=10/1
        ownduct [ComponentType="GroupJunction" {B8790A40-BE60-47E2-9918-480D7659EB7D} "Group Junction"]:1  ->  [ComponentType="SystemZone" {E5CCC38E-871B-498A-86E1-4B69C98A0335} "Bedroom 2_3"]:1
        ownduct [ComponentType="SystemZone" {E5CCC38E-871B-498A-86E1-4B69C98A0335} "Bedroom 2_3"]:1  ->  [ComponentType="Damper" {3AFF1DF4-DDF3-4E27-BF4C-FB3B3BAEFD93} "Extract Damper Bedroom 2_3"]:1
        ownduct [ComponentType="Damper" {3AFF1DF4-DDF3-4E27-BF4C-FB3B3BAEFD93} "Extract Damper Bedroom 2_3"]:1  ->  [ComponentType="GroupJunction" {A048FD43-8A9E-49AE-86DA-EE75F23BDCB0} "Group Junction"]:1
        zoneLoadGroup = <null or no accessor>
        (components answering GetGroup() = this group: 0)

== SYSTEM 2 {45E5EA75-2613-412E-8183-D7BC9418EEDC} name="AHU One" Multiplicity=1 components=16 ducts=17 zones=4
  -- top-level components (system.GetComponent(i)) --
  ComponentType="Junction" {55135DE0-BB6D-41E6-952C-1EC68B015D98} name="Junction Fresh Air" type="Junction" inPorts=1 outPorts=1 group=<none>
        outPort 1: 1 duct(s)
  ComponentType="Junction" {48640075-9CA1-445A-A09D-C35AA0EC2637} name="Junction Exhaust Air" type="Junction" inPorts=1 outPorts=1 group=<none>
        inPort 1: 1 duct(s)
  ComponentType="Junction" {044EB1DB-9314-479D-9C29-3F0531FCB4CF} name="Junction Return" type="Junction" inPorts=1 outPorts=1 group=<none>
        inPort 1: 1 duct(s)
        outPort 1: 1 duct(s)
  ComponentType="Fan"    {5A070C23-DB99-4033-B146-9A44A1681156} name="Return Air Fan" type="Fan" inPorts=1 outPorts=1 group=<none>
        inPort 1: 1 duct(s)
        outPort 1: 1 duct(s)
  ComponentType="Fan"    {D13372AF-FBD2-4A8B-BC58-FF1F88CA9608} name="Fresh Air Fan" type="Fan" inPorts=1 outPorts=1 group=<none>
        inPort 1: 1 duct(s)
        outPort 1: 1 duct(s)
  ComponentType="Damper" {BA5EEF4B-A427-48EA-9336-99A53B51FA42} name="Damper 1" type="Damper" inPorts=1 outPorts=1 group=<none>
        inPort 1: 1 duct(s)
        outPort 1: 1 duct(s)
  ComponentType="Damper" {3938E22D-262A-4DB7-9C96-997FBCCB5633} name="Extract Damper Kitchen_7" type="Damper" inPorts=1 outPorts=1 group=<none>
        inPort 1: 1 duct(s)
        outPort 1: 1 duct(s)
  ComponentType="Damper" {35FD5C6D-C91F-4FEE-8D02-777B52572009} name="Transfer Damper Kitchen_7" type="Damper" inPorts=1 outPorts=1 group=<none>
        inPort 1: 1 duct(s)
        outPort 1: 1 duct(s)
  ComponentType="Junction" {6D1C199D-2426-47B8-8560-B04159B08F69} name="Part O Branch Junction" type="Junction" inPorts=1 outPorts=1 group=<none>
        inPort 1: 1 duct(s)
        outPort 1: 2 duct(s)
  ComponentType="Junction" {130E30F1-EDAF-492E-BE02-FBD75DB56146} name="Part O Branch Junction" type="Junction" inPorts=1 outPorts=1 group=<none>
        inPort 1: 2 duct(s)
        outPort 1: 1 duct(s)
  ComponentType="Junction" {EE4F7DA5-CD50-4C79-9F87-7E303E01A8AE} name="Part O Branch Junction" type="Junction" inPorts=1 outPorts=1 group=<none>
        inPort 1: 2 duct(s)
        outPort 1: 1 duct(s)
  ComponentType="Junction" {FAE010C0-65D3-42A1-94C4-291B49356492} name="Part O Branch Junction" type="Junction" inPorts=1 outPorts=1 group=<none>
        inPort 1: 1 duct(s)
        outPort 1: 2 duct(s)
  ComponentType="ComponentGroup" {70522397-4FB6-4082-A492-E0E04A2E9FCF} name="Group 1" type="ComponentGroup" inPorts=1 outPorts=1 group=<none>
        inPort 1: 1 duct(s)
        outPort 1: 1 duct(s)
  ComponentType="ComponentGroup" {2C722F34-8EEF-43C0-B586-9917D9445AD5} name="Group 2" type="ComponentGroup" inPorts=1 outPorts=1 group=<none>
        inPort 1: 1 duct(s)
        outPort 1: 1 duct(s)
  ComponentType="ComponentGroup" {87EEE79B-46AA-4524-BF95-3B46A12FC9EE} name="Group 3" type="ComponentGroup" inPorts=1 outPorts=1 group=<none>
        inPort 1: 1 duct(s)
        outPort 1: 1 duct(s)
  ComponentType="ComponentGroup" {5260E0EE-71F7-497B-A533-CD741597ABD7} name="Group 4" type="ComponentGroup" inPorts=1 outPorts=1 group=<none>
        inPort 1: 1 duct(s)
        outPort 1: 1 duct(s)
  -- ducts (system.GetDuct(i), endpoints from TAS's own accessors) --
  duct 1   [ComponentType="Damper" {BA5EEF4B-A427-48EA-9336-99A53B51FA42} "Damper 1"]:1  ->  [ComponentType="Junction" {6D1C199D-2426-47B8-8560-B04159B08F69} "Part O Branch Junction"]:1   group=<none>
  duct 2   [ComponentType="Junction" {EE4F7DA5-CD50-4C79-9F87-7E303E01A8AE} "Part O Branch Junction"]:1  ->  [ComponentType="Fan" {5A070C23-DB99-4033-B146-9A44A1681156} "Return Air Fan"]:1   group=<none>
  duct 3   [ComponentType="Fan" {5A070C23-DB99-4033-B146-9A44A1681156} "Return Air Fan"]:1  ->  [ComponentType="Junction" {044EB1DB-9314-479D-9C29-3F0531FCB4CF} "Junction Return"]:1   group=<none>
  duct 4   [ComponentType="Damper" {35FD5C6D-C91F-4FEE-8D02-777B52572009} "Transfer Damper Kitchen_7"]:1  ->  [ComponentType="Junction" {130E30F1-EDAF-492E-BE02-FBD75DB56146} "Part O Branch Junction"]:1   group=<none>
  duct 5   [ComponentType="Junction" {55135DE0-BB6D-41E6-952C-1EC68B015D98} "Junction Fresh Air"]:1  ->  [ComponentType="Fan" {D13372AF-FBD2-4A8B-BC58-FF1F88CA9608} "Fresh Air Fan"]:1   group=<none>
  duct 6   [ComponentType="Fan" {D13372AF-FBD2-4A8B-BC58-FF1F88CA9608} "Fresh Air Fan"]:1  ->  [ComponentType="Damper" {BA5EEF4B-A427-48EA-9336-99A53B51FA42} "Damper 1"]:1   group=<none>
  duct 7   [ComponentType="Junction" {FAE010C0-65D3-42A1-94C4-291B49356492} "Part O Branch Junction"]:1  ->  [ComponentType="Damper" {35FD5C6D-C91F-4FEE-8D02-777B52572009} "Transfer Damper Kitchen_7"]:1   group=<none>
  duct 8   [ComponentType="Damper" {3938E22D-262A-4DB7-9C96-997FBCCB5633} "Extract Damper Kitchen_7"]:1  ->  [ComponentType="Junction" {EE4F7DA5-CD50-4C79-9F87-7E303E01A8AE} "Part O Branch Junction"]:1   group=<none>
  duct 9   [ComponentType="Junction" {044EB1DB-9314-479D-9C29-3F0531FCB4CF} "Junction Return"]:1  ->  [ComponentType="Junction" {48640075-9CA1-445A-A09D-C35AA0EC2637} "Junction Exhaust Air"]:1   group=<none>
  duct 10  [ComponentType="Junction" {FAE010C0-65D3-42A1-94C4-291B49356492} "Part O Branch Junction"]:1  ->  [ComponentType="Damper" {3938E22D-262A-4DB7-9C96-997FBCCB5633} "Extract Damper Kitchen_7"]:1   group=<none>
  duct 11  [ComponentType="Junction" {6D1C199D-2426-47B8-8560-B04159B08F69} "Part O Branch Junction"]:1  ->  [ComponentType="ComponentGroup" {70522397-4FB6-4082-A492-E0E04A2E9FCF} "Group 1"]:1   group=<none>
  duct 12  [ComponentType="ComponentGroup" {70522397-4FB6-4082-A492-E0E04A2E9FCF} "Group 1"]:1  ->  [ComponentType="Junction" {130E30F1-EDAF-492E-BE02-FBD75DB56146} "Part O Branch Junction"]:1   group=<none>
  duct 13  [ComponentType="Junction" {6D1C199D-2426-47B8-8560-B04159B08F69} "Part O Branch Junction"]:1  ->  [ComponentType="ComponentGroup" {2C722F34-8EEF-43C0-B586-9917D9445AD5} "Group 2"]:1   group=<none>
  duct 14  [ComponentType="ComponentGroup" {2C722F34-8EEF-43C0-B586-9917D9445AD5} "Group 2"]:1  ->  [ComponentType="Junction" {FAE010C0-65D3-42A1-94C4-291B49356492} "Part O Branch Junction"]:1   group=<none>
  duct 15  [ComponentType="Junction" {130E30F1-EDAF-492E-BE02-FBD75DB56146} "Part O Branch Junction"]:1  ->  [ComponentType="ComponentGroup" {87EEE79B-46AA-4524-BF95-3B46A12FC9EE} "Group 3"]:1   group=<none>
  duct 16  [ComponentType="ComponentGroup" {87EEE79B-46AA-4524-BF95-3B46A12FC9EE} "Group 3"]:1  ->  [ComponentType="ComponentGroup" {5260E0EE-71F7-497B-A533-CD741597ABD7} "Group 4"]:1   group=<none>
  duct 17  [ComponentType="ComponentGroup" {5260E0EE-71F7-497B-A533-CD741597ABD7} "Group 4"]:1  ->  [ComponentType="Junction" {EE4F7DA5-CD50-4C79-9F87-7E303E01A8AE} "Part O Branch Junction"]:1   group=<none>
  -- component groups --
  GROUP {70522397-4FB6-4082-A492-E0E04A2E9FCF} name="Group 1" multiplicity=1 components=4 baseComponents=2 ducts=3 baseDucts=3
        member  ComponentType="GroupJunction" {C3DD5375-7827-48B7-A7BF-052BADE90932} "Group Junction" inPorts=1 outPorts=1 groupOfMember={70522397-4FB6-4082-A492-E0E04A2E9FCF}
        member  ComponentType="GroupJunction" {C796DCD3-A969-4551-A740-2C59AD529F22} "Group Junction" inPorts=1 outPorts=1 groupOfMember={70522397-4FB6-4082-A492-E0E04A2E9FCF}
        member  ComponentType="SystemZone" {BEC71C3A-A66D-4C68-9A31-B346284B331B} "Ensuite_5" inPorts=1 outPorts=1 groupOfMember={70522397-4FB6-4082-A492-E0E04A2E9FCF}
                  Flags=1 FlowRate=13/1 FreshAir=13/1
                  inputDuct  : [ComponentType="GroupJunction" {C796DCD3-A969-4551-A740-2C59AD529F22} "Group Junction"]:1  ->  [ComponentType="SystemZone" {BEC71C3A-A66D-4C68-9A31-B346284B331B} "Ensuite_5"]:1
                  outputDuct : [ComponentType="SystemZone" {BEC71C3A-A66D-4C68-9A31-B346284B331B} "Ensuite_5"]:1  ->  [ComponentType="Damper" {93197FBC-87C4-4B41-A2D8-B7671B3B13D3} "Transfer Damper Ensuite_5"]:1
        member  ComponentType="Damper" {93197FBC-87C4-4B41-A2D8-B7671B3B13D3} "Transfer Damper Ensuite_5" inPorts=1 outPorts=1 groupOfMember={70522397-4FB6-4082-A492-E0E04A2E9FCF}
                  DesignFlowType=1 DesignFlowRate=13/1
        ownduct [ComponentType="GroupJunction" {C796DCD3-A969-4551-A740-2C59AD529F22} "Group Junction"]:1  ->  [ComponentType="SystemZone" {BEC71C3A-A66D-4C68-9A31-B346284B331B} "Ensuite_5"]:1
        ownduct [ComponentType="SystemZone" {BEC71C3A-A66D-4C68-9A31-B346284B331B} "Ensuite_5"]:1  ->  [ComponentType="Damper" {93197FBC-87C4-4B41-A2D8-B7671B3B13D3} "Transfer Damper Ensuite_5"]:1
        ownduct [ComponentType="Damper" {93197FBC-87C4-4B41-A2D8-B7671B3B13D3} "Transfer Damper Ensuite_5"]:1  ->  [ComponentType="GroupJunction" {C3DD5375-7827-48B7-A7BF-052BADE90932} "Group Junction"]:1
        zoneLoadGroup = <null or no accessor>
        (components answering GetGroup() = this group: 0)
  GROUP {2C722F34-8EEF-43C0-B586-9917D9445AD5} name="Group 2" multiplicity=1 components=3 baseComponents=1 ducts=2 baseDucts=2
        member  ComponentType="GroupJunction" {8805F0E5-DDFF-43F9-8070-22427DD47189} "Group Junction" inPorts=1 outPorts=1 groupOfMember={2C722F34-8EEF-43C0-B586-9917D9445AD5}
        member  ComponentType="GroupJunction" {BA36EB48-1BAB-49FB-83D6-FA2BFEC706A6} "Group Junction" inPorts=1 outPorts=1 groupOfMember={2C722F34-8EEF-43C0-B586-9917D9445AD5}
        member  ComponentType="SystemZone" {174735C2-3BBB-4F29-935C-6C60A5E506FF} "Kitchen_7" inPorts=1 outPorts=1 groupOfMember={2C722F34-8EEF-43C0-B586-9917D9445AD5}
                  Flags=1 FlowRate=31/1 FreshAir=31/1
                  inputDuct  : [ComponentType="GroupJunction" {BA36EB48-1BAB-49FB-83D6-FA2BFEC706A6} "Group Junction"]:1  ->  [ComponentType="SystemZone" {174735C2-3BBB-4F29-935C-6C60A5E506FF} "Kitchen_7"]:1
                  outputDuct : [ComponentType="SystemZone" {174735C2-3BBB-4F29-935C-6C60A5E506FF} "Kitchen_7"]:1  ->  [ComponentType="GroupJunction" {8805F0E5-DDFF-43F9-8070-22427DD47189} "Group Junction"]:1
        ownduct [ComponentType="GroupJunction" {BA36EB48-1BAB-49FB-83D6-FA2BFEC706A6} "Group Junction"]:1  ->  [ComponentType="SystemZone" {174735C2-3BBB-4F29-935C-6C60A5E506FF} "Kitchen_7"]:1
        ownduct [ComponentType="SystemZone" {174735C2-3BBB-4F29-935C-6C60A5E506FF} "Kitchen_7"]:1  ->  [ComponentType="GroupJunction" {8805F0E5-DDFF-43F9-8070-22427DD47189} "Group Junction"]:1
        zoneLoadGroup = <null or no accessor>
        (components answering GetGroup() = this group: 0)
  GROUP {87EEE79B-46AA-4524-BF95-3B46A12FC9EE} name="Group 3" multiplicity=1 components=4 baseComponents=2 ducts=3 baseDucts=3
        member  ComponentType="GroupJunction" {37F941B8-A111-492D-8298-65E0181CC59A} "Group Junction" inPorts=1 outPorts=1 groupOfMember={87EEE79B-46AA-4524-BF95-3B46A12FC9EE}
        member  ComponentType="GroupJunction" {BE5AABB2-A817-4C66-B0E4-1CA06020DD45} "Group Junction" inPorts=1 outPorts=1 groupOfMember={87EEE79B-46AA-4524-BF95-3B46A12FC9EE}
        member  ComponentType="SystemZone" {6B12A1CF-4629-4ECD-BFF5-3558C8EB5EB2} "Bedroom 2_6" inPorts=1 outPorts=1 groupOfMember={87EEE79B-46AA-4524-BF95-3B46A12FC9EE}
                  Flags=1 FlowRate=0/1 FreshAir=0/1
                  inputDuct  : [ComponentType="GroupJunction" {BE5AABB2-A817-4C66-B0E4-1CA06020DD45} "Group Junction"]:1  ->  [ComponentType="SystemZone" {6B12A1CF-4629-4ECD-BFF5-3558C8EB5EB2} "Bedroom 2_6"]:1
                  outputDuct : [ComponentType="SystemZone" {6B12A1CF-4629-4ECD-BFF5-3558C8EB5EB2} "Bedroom 2_6"]:1  ->  [ComponentType="Damper" {04662152-C8D2-42ED-852C-8BF8762EA82B} "Transfer Damper Bedroom 2_6"]:1
        member  ComponentType="Damper" {04662152-C8D2-42ED-852C-8BF8762EA82B} "Transfer Damper Bedroom 2_6" inPorts=1 outPorts=1 groupOfMember={87EEE79B-46AA-4524-BF95-3B46A12FC9EE}
                  DesignFlowType=1 DesignFlowRate=25/1
        ownduct [ComponentType="GroupJunction" {BE5AABB2-A817-4C66-B0E4-1CA06020DD45} "Group Junction"]:1  ->  [ComponentType="SystemZone" {6B12A1CF-4629-4ECD-BFF5-3558C8EB5EB2} "Bedroom 2_6"]:1
        ownduct [ComponentType="SystemZone" {6B12A1CF-4629-4ECD-BFF5-3558C8EB5EB2} "Bedroom 2_6"]:1  ->  [ComponentType="Damper" {04662152-C8D2-42ED-852C-8BF8762EA82B} "Transfer Damper Bedroom 2_6"]:1
        ownduct [ComponentType="Damper" {04662152-C8D2-42ED-852C-8BF8762EA82B} "Transfer Damper Bedroom 2_6"]:1  ->  [ComponentType="GroupJunction" {37F941B8-A111-492D-8298-65E0181CC59A} "Group Junction"]:1
        zoneLoadGroup = <null or no accessor>
        (components answering GetGroup() = this group: 0)
  GROUP {5260E0EE-71F7-497B-A533-CD741597ABD7} name="Group 4" multiplicity=1 components=4 baseComponents=2 ducts=3 baseDucts=3
        member  ComponentType="GroupJunction" {72E3C236-FBA0-4C88-B4EF-C643E4D0018C} "Group Junction" inPorts=1 outPorts=1 groupOfMember={5260E0EE-71F7-497B-A533-CD741597ABD7}
        member  ComponentType="GroupJunction" {DF04229F-E133-4772-9FC1-3F9B468A85EF} "Group Junction" inPorts=1 outPorts=1 groupOfMember={5260E0EE-71F7-497B-A533-CD741597ABD7}
        member  ComponentType="SystemZone" {717C0F26-EF43-4C6E-8346-74BF0E70D1DA} "Corridor_1" inPorts=1 outPorts=1 groupOfMember={5260E0EE-71F7-497B-A533-CD741597ABD7}
                  Flags=1 FlowRate=0/1 FreshAir=0/1
                  inputDuct  : [ComponentType="GroupJunction" {DF04229F-E133-4772-9FC1-3F9B468A85EF} "Group Junction"]:1  ->  [ComponentType="SystemZone" {717C0F26-EF43-4C6E-8346-74BF0E70D1DA} "Corridor_1"]:1
                  outputDuct : [ComponentType="SystemZone" {717C0F26-EF43-4C6E-8346-74BF0E70D1DA} "Corridor_1"]:1  ->  [ComponentType="Damper" {9605A2BD-1DAB-48AE-B729-45B6C38F9B4F} "Extract Damper Corridor_1"]:1
        member  ComponentType="Damper" {9605A2BD-1DAB-48AE-B729-45B6C38F9B4F} "Extract Damper Corridor_1" inPorts=1 outPorts=1 groupOfMember={5260E0EE-71F7-497B-A533-CD741597ABD7}
                  DesignFlowType=1 DesignFlowRate=25/1
        ownduct [ComponentType="GroupJunction" {DF04229F-E133-4772-9FC1-3F9B468A85EF} "Group Junction"]:1  ->  [ComponentType="SystemZone" {717C0F26-EF43-4C6E-8346-74BF0E70D1DA} "Corridor_1"]:1
        ownduct [ComponentType="SystemZone" {717C0F26-EF43-4C6E-8346-74BF0E70D1DA} "Corridor_1"]:1  ->  [ComponentType="Damper" {9605A2BD-1DAB-48AE-B729-45B6C38F9B4F} "Extract Damper Corridor_1"]:1
        ownduct [ComponentType="Damper" {9605A2BD-1DAB-48AE-B729-45B6C38F9B4F} "Extract Damper Corridor_1"]:1  ->  [ComponentType="GroupJunction" {72E3C236-FBA0-4C88-B4EF-C643E4D0018C} "Group Junction"]:1
        zoneLoadGroup = <null or no accessor>
        (components answering GetGroup() = this group: 0)
simulate {F60AFCB5-93C0-42D4-A6D2-6A9A98CA1A4F} answered "Done"
  zone {3D07F7C4-3443-4C9B-A89E-F45804C59791} values=8760
  zone {2519D576-B5DB-4229-8C6D-F4A2AA5D8D84} values=8760
  zone {91FAE488-F32C-4676-8EA7-63E8529C6690} values=8760
  zone {1CCF5999-5F44-4E84-8E5E-6EC37DB3F43E} values=8760
  zone {E5CCC38E-871B-498A-86E1-4B69C98A0335} values=8760
simulate {45E5EA75-2613-412E-8183-D7BC9418EEDC} answered "Done"
  zone {BEC71C3A-A66D-4C68-9A31-B346284B331B} values=8760
  zone {174735C2-3BBB-4F29-935C-6C60A5E506FF} values=8760
  zone {6B12A1CF-4629-4ECD-BFF5-3558C8EB5EB2} values=8760
  zone {717C0F26-EF43-4C6E-8346-74BF0E70D1DA} values=8760

written C:/TasOut/rev/groupexp.txt and C:/TasOut/rev/zt_group.csv
