weather years 31, using 'Leeds_TRY'
EXCEPTION COMException: The RPC server is unavailable. (0x800706BA)
   at System.RuntimeType.InvokeMember(String name, BindingFlags bindingFlags, Binder binder, Object target, Object[] providedArgs, ParameterModifier[] modifiers, CultureInfo culture, String[] namedParams)
   at System.RuntimeType.ForwardCallToInvokeMember(String memberName, BindingFlags flags, Object target, Object[] aArgs, Boolean[] aArgsIsByRef, Int32[] aArgsWrapperTypes, Type[] aArgsTypes, Type retType)
   at TSD.ITSD.close()
   at SAM.Core.Tas.SAMTSDDocument.Dispose(Boolean disposing) in C:\Users\michal.dengusiak\Documents\GitHub\SAM-BIM\SAM_Tas\SAM_Tas\SAM.Core.Tas\Classes\SAMTSDDocument.cs:line 90
   at SAM.Core.Tas.SAMTSDDocument.Dispose() in C:\Users\michal.dengusiak\Documents\GitHub\SAM-BIM\SAM_Tas\SAM_Tas\SAM.Core.Tas\Classes\SAMTSDDocument.cs:line 107
   at SAM.Analytical.Tas.Modify.AddResults(String path_TSD, AdjacencyCluster adjacencyCluster) in C:\Users\michal.dengusiak\Documents\GitHub\SAM-BIM\SAM_Tas\SAM_Tas\SAM.Analytical.Tas\Modify\AddResults.cs:line 23
   at SAM.Analytical.Tas.WorkflowCalculator.Calculate(AnalyticalModel analyticalModel, Boolean analyticalModel_Owned) in C:\Users\michal.dengusiak\Documents\GitHub\SAM-BIM\SAM_Tas\SAM_Tas\SAM.Analytical.Tas\Classes\WorkflowCalculator.cs:line 681
   at SAM.Analytical.Tas.WorkflowCalculator.Calculate(AnalyticalModel analyticalModel) in C:\Users\michal.dengusiak\Documents\GitHub\SAM-BIM\SAM_Tas\SAM_Tas\SAM.Analytical.Tas\Classes\WorkflowCalculator.cs:line 146
   at Inv.Diag.Main(String path_SAM, String directory, String path_TWD, String mode) in C:\TasOut\pr2r\Diag.cs:line 64

== steps, in order, with the last one being where it got to ==
       285.8 ms  Opening TBD file
        20.5 ms  Updating Weather Data
        87.5 ms  Updating HDD and CDD Day Types
      8609.2 ms  Opening T3D file
        41.7 ms  Importing gbXML
       238.0 ms  Updating T3D file
     17013.5 ms  T3D to TBD -> Shading
       270.6 ms  Opening TBD
        69.8 ms  Updating Facing External Elements
        22.9 ms  Assigning Adiabatic Constructions
       964.2 ms  Setting Adiabatic
       431.9 ms  Updating Building Elements
      2035.0 ms  Updating Ids
       531.4 ms  Reusing Aperture Definitions
        59.0 ms  Updating Thermal Parameters
       880.8 ms  Updating Zones
        49.6 ms  Adding Design Days
        15.3 ms  Creating Zone Groups
      1373.0 ms  Updating Aperture Types
         0.9 ms  Removing IZAMs
       162.5 ms  Removing Mechanical Ventilation Gains
      1727.0 ms  Sizing
       611.9 ms  Simulating Model

== notes ==
  Building elements: 0 opening(s) requested an availability schedule, 0 of those read a schedule back off the TBD profile.
  Aperture definitions: 40 aperture part(s) considered; 40 rebound onto a shared definition, 0 already on one. 40 aperture building element(s) and 0 per-aperture construction(s) removed afterwards.
  Aperture definitions: 40 definition(s) already in the TBD are named after a physical aperture and so were not reused as shared definitions; definition-named ones were created instead.
  Aperture definitions: 1 aperture construction(s) are referenced by nothing but name no physical aperture, so they were KEPT as library definitions: Windows: SIM_EXT_GLZ -frame.
  Aperture types: 20 TBD apertures seen, 20 updated, 0 opening(s) requested an availability schedule, 0 of those read a schedule back off the TBD profile.
  Removing IZAMs: none remain.
  Removing Mechanical Ventilation Gains: ticV zeroed on 30 internal condition(s): Studio 1_0, Studio 1_0 - HDD, Corridor_1, Corridor_1 - HDD, Bathroom_2, Bathroom_2 - HDD, Bedroom 2_3, Bedroom 2_3 - HDD, Kitchen_4, Kitchen_4 - HDD, Ensuite_5, Ensuite_5 - HDD, Bedroom 2_6, Bedroom 2_6 - HDD, Kitchen_7, Kitchen_7 - HDD, Ensuite_8, Ensuite_8 - HDD, Studio, 1 Bed Apt. Living Room/Kitchen, 1 Bed Apt. Living Room, 1 Bed Apt. Kitchen, 2 Bed Apt. Living Room/Kitchen, 2 Bed Apt. Living Room, 2 Bed Apt. Kitchen, 3 Bed Apt. Living Room/Kitchen, 3 Bed Apt. Living Room, 3 Bed Apt. Kitchen, Double Bedroom, Single Bedroom. Infiltration (ticI) and natural ventilation (aperture types and opening schedules) are untouched - they are separate carriers.
