PHASE B - PR1 materialisation of the real design
  model     C:/TasOut/pr2r/a2/prepared.sam
  template  C:\Users\michal.dengusiak\Documents\GitHub\SAM-BIM\SAM_Systems\files\resources\Analytical\Systems\SystemEnergyCentre\MV.json

  system scope rule: noterminal, 3 system(s) taken out of scope
    out of scope: ventilation system 'NV 1' of type 'NV' carries 0 design terminal(s) and names unit '<none>'.
    out of scope: ventilation system 'UV 1' of type 'UV' carries 0 design terminal(s) and names unit '<none>'.
    out of scope: ventilation system 'MV 1' of type 'MV' carries 0 design terminal(s) and names unit 'AHU1'.
  scope: 8 space(s) carry a design ventilation terminal.
  scope: 8 space(s) in scope after closing over the design's own transfer legs: Bathroom_2, Bedroom 2_3, Bedroom 2_6, Ensuite_5, Ensuite_8, Kitchen_4, Kitchen_7, Studio 1_0.

== PRODUCTION SAM_Systems Create.MechanicalVentilation ==
  note: Air handling unit 'MVHR-03' materialised as one air system serving 3 space(s).
  note: Air handling unit 'MVHR-02' materialised as one air system serving 3 space(s).
  note: Air handling unit 'MVHR-01' materialised as one air system serving 2 space(s).
  note: 3 air system(s), 8 room(s) and 25 lineage binding(s) materialised and reconciled against the design.

  IsMaterialised: True

== the materialised graph ==
  plant room 'Main PlantRoom'
    air system 'MVHR-03'  3 system space(s): Bedroom 2_6, Ensuite_8, Kitchen_7
    air system 'MVHR-02'  3 system space(s): Bedroom 2_3, Ensuite_5, Kitchen_4
    air system 'MVHR-01'  2 system space(s): Bathroom_2, Studio 1_0

== the lineage bindings ==
  AirSystem               analytical 01745c3c-0ec9-443b-9b50-eb0816cb6bbe  
  AirSystem               analytical 0c6cd0f2-e7fa-4216-8e96-3056b3da0432  
  AirSystem               analytical 965e89b1-6f2c-479e-b454-520c9826ffac  
  ExtractConnection       analytical 15415606-e57a-40b9-8081-9ad79df14231  
  ExtractConnection       analytical 47bb7dbf-ada5-4d07-bca1-71bcad6a6650  
  ExtractConnection       analytical 4c71311b-31e8-4ec2-8eb4-d5e6e1aef735  
  ExtractConnection       analytical 72aa16e9-2603-4d2e-a5d6-e576ed6faf40  
  ExtractConnection       analytical c5e6ca82-3030-4665-bbc2-8437b3f2b76e  
  ExtractConnection       analytical e8df636a-4d76-43c5-a29d-1a6ca19e58ad  
  SupplyConnection        analytical 49afa482-26bc-43b6-bbe2-64f42ea746e4  
  SupplyConnection        analytical 5b20c92f-a87c-463e-b623-616cca1330c3  
  SupplyConnection        analytical 7c0344f9-bb8a-4154-b1a7-6e0a0f4b7914  
  SystemSpace             analytical 407a5b91-8248-4992-abeb-000fdced341d  Ensuite_5
  SystemSpace             analytical 59709f58-9e71-4ad9-9ba1-a7b8c84c2fcc  Kitchen_7
  SystemSpace             analytical 6011108b-0d83-4602-ba4f-1ac620e6219e  Bedroom 2_6
  SystemSpace             analytical 75b28088-2415-44c0-bea8-3179b3475df0  Studio 1_0
  SystemSpace             analytical b62f342b-f86a-4c46-8feb-616bd976e525  Ensuite_8
  SystemSpace             analytical cfd0fd57-5017-4003-9e6c-3d3d40468bd4  Kitchen_4
  SystemSpace             analytical e2c8a683-410d-42fd-92cb-bcf1e87e5a3a  Bathroom_2
  SystemSpace             analytical e4d79f26-bd86-4334-831a-fe4048c0e6cc  Bedroom 2_3
  TransferConnection      analytical 0c28b457-7ae5-454a-8c72-269a14e39f33  
  TransferConnection      analytical 30b782dc-4807-40a1-8a39-34c2b25cbb67  
  TransferConnection      analytical 48c00518-fe32-4858-beea-542e8435b04a  
  TransferConnection      analytical aa61e266-bdeb-4c48-91c8-92b7a83a7500  
  TransferConnection      analytical e8945877-79f5-468b-b80a-8a10faf2cb39  
