PHASE A - prove the fixture
  model  C:/TasOut/pr2r/src/fixture.sam
  bytes  172542

== the model as it arrives ==
  spaces                9
  zones                 4
  zone categories       Flats
  spaces with PartFSpaceData    8 of 9
  AirHandlingUnit               4
  VentilationSystem             6
  VentilationTerminal           9
  SpaceAirMovement              17
  zone  88b4fad2-6cf3-4b62-9024-385d5b1c6bf4  Flat 1                        category=Flats  spaces=2
  zone  a1e8caf6-e6c5-4a53-8e5a-8d3f47f06e7d  Corridor                      category=Flats  spaces=1
  zone  5b0ca5f7-a3f1-4f96-95e7-c3a4a246975e  Flat 2                        category=Flats  spaces=3
  zone  b5b9e52e-fdb4-4fb9-a97e-6e1ac9aab5a0  Flat 3                        category=Flats  spaces=3

== PRODUCTION PartFCalculator.Calculate ==
  rule set setback factor 0.3
  zone category: Flats
  Calculate returned True, 3 dwelling result(s)

== PRODUCTION Query.PartFDwellingZones ==
  4 zone(s) on the model, 3 of them dwelling zone(s)
    dwelling zone  88b4fad2-6cf3-4b62-9024-385d5b1c6bf4  Flat 1
    dwelling zone  5b0ca5f7-a3f1-4f96-95e7-c3a4a246975e  Flat 2
    dwelling zone  b5b9e52e-fdb4-4fb9-a97e-6e1ac9aab5a0  Flat 3

== PRODUCTION Modify.PreparePartOIteration  (BasePassive / Base MVHR) ==
  VentilationMode      MVHR
  AirflowApplication   Apply
  Successful           True
  DesignSupplyDuty     156 l/s
  DesignExtractDuty    156 l/s
  systems              3
  terminals            9

  note: Space 'Studio 1_0': supply 0.03 m3/s (30 l/s), extract 0.022 m3/s (22 l/s) at the Continuous Design condition.
  note: Space 'Bathroom_2': supply 0 m3/s (0 l/s), extract 0.008 m3/s (8 l/s) at the Continuous Design condition.
  note: Space 'Bedroom 2_3': supply 0.063 m3/s (63 l/s), extract 0 m3/s (0 l/s) at the Continuous Design condition.
  note: Space 'Kitchen_4': supply 0 m3/s (0 l/s), extract 0.055 m3/s (55 l/s) at the Continuous Design condition.
  note: Space 'Ensuite_5': supply 0 m3/s (0 l/s), extract 0.008 m3/s (8 l/s) at the Continuous Design condition.
  note: Space 'Bedroom 2_6': supply 0.063 m3/s (63 l/s), extract 0 m3/s (0 l/s) at the Continuous Design condition.
  note: Space 'Kitchen_7': supply 0 m3/s (0 l/s), extract 0.055 m3/s (55 l/s) at the Continuous Design condition.
  note: Space 'Ensuite_8': supply 0 m3/s (0 l/s), extract 0.008 m3/s (8 l/s) at the Continuous Design condition.
  note: Design ventilation terminal 'Studio 1_0 - supply terminal' in space 'Studio 1_0' was re-linked from Approved Document F requirement e8eac6e7-d363-4aad-8f5a-ac7bceeb243d to fe097d94-46be-4fe2-bb65-643df99ba9e7, which is the same requirement recalculated - the Supply requirement of space 75b28088-2415-44c0-bea8-3179b3475df0 (Approved Document F, Volume 1: Dwellings (2021 edition), paragraph 1.67 (page 16)).
  note: Design ventilation terminal 'Studio 1_0 - local kitchen extract terminal' in space 'Studio 1_0' was re-linked from Approved Document F requirement af8f1fcc-bdc3-4b4f-bceb-bf2796f54b40 to b70016c1-57e1-49f6-a38d-1a08c72e9989, which is the same requirement recalculated - the Local Kitchen Extract requirement of space 75b28088-2415-44c0-bea8-3179b3475df0 (Approved Document F, Volume 1: Dwellings (2021 edition), paragraph 1.17a (page 8), Table 1.2 (page 10) and paragraph 1.70 (page 17)).
  note: Design ventilation terminal 'Bathroom_2 - general extract terminal' in space 'Bathroom_2' was re-linked from Approved Document F requirement 01cdda0b-c961-48f8-9905-f84e730d504e to 669c8e47-a0df-49e4-870d-56a46218284d, which is the same requirement recalculated - the General Extract requirement of space e2c8a683-410d-42fd-92cb-bcf1e87e5a3a (Approved Document F, Volume 1: Dwellings (2021 edition), paragraph 1.17 (page 8), Table 1.2 (page 10) and paragraph 1.70 (page 17)).
  note: Design ventilation terminal 'Bedroom 2_3 - supply terminal' in space 'Bedroom 2_3' was re-linked from Approved Document F requirement 5fbdf51d-6e26-4ab3-ba7b-e682f64f804a to 274936d4-4c8c-48b8-8e84-f924622506be, which is the same requirement recalculated - the Supply requirement of space e4d79f26-bd86-4334-831a-fe4048c0e6cc (Approved Document F, Volume 1: Dwellings (2021 edition), paragraph 1.67 (page 16)).
  note: Design ventilation terminal 'Kitchen_4 - local kitchen extract terminal' in space 'Kitchen_4' was re-linked from Approved Document F requirement e8c48d25-c464-4107-a4f5-af39de4b11a4 to 8a2b1486-ccb8-4e81-beaa-fe03dcc16d0c, which is the same requirement recalculated - the Local Kitchen Extract requirement of space cfd0fd57-5017-4003-9e6c-3d3d40468bd4 (Approved Document F, Volume 1: Dwellings (2021 edition), paragraph 1.17a (page 8), Table 1.2 (page 10) and paragraph 1.70 (page 17)).
  note: Design ventilation terminal 'Ensuite_5 - general extract terminal' in space 'Ensuite_5' was re-linked from Approved Document F requirement ba392197-ecc5-4fb0-96d4-0b0a216e9ad0 to 7c131aa7-0f77-4a3c-beb6-1122d1fad3b5, which is the same requirement recalculated - the General Extract requirement of space 407a5b91-8248-4992-abeb-000fdced341d (Approved Document F, Volume 1: Dwellings (2021 edition), paragraph 1.17 (page 8), Table 1.2 (page 10) and paragraph 1.70 (page 17)).
  note: Design ventilation terminal 'Bedroom 2_6 - supply terminal' in space 'Bedroom 2_6' was re-linked from Approved Document F requirement c472732d-c407-4efd-b4c6-5d1ada8692e5 to 0cf0ae6d-6dba-441b-b056-0e023cd8ebcc, which is the same requirement recalculated - the Supply requirement of space 6011108b-0d83-4602-ba4f-1ac620e6219e (Approved Document F, Volume 1: Dwellings (2021 edition), paragraph 1.67 (page 16)).
  note: Design ventilation terminal 'Kitchen_7 - local kitchen extract terminal' in space 'Kitchen_7' was re-linked from Approved Document F requirement 4a714ded-a8fd-44ab-985f-76cc47440b5a to 237f6ffd-b7d1-4ab6-8c87-2da70b1dd3d9, which is the same requirement recalculated - the Local Kitchen Extract requirement of space 59709f58-9e71-4ad9-9ba1-a7b8c84c2fcc (Approved Document F, Volume 1: Dwellings (2021 edition), paragraph 1.17a (page 8), Table 1.2 (page 10) and paragraph 1.70 (page 17)).
  note: Design ventilation terminal 'Ensuite_8 - general extract terminal' in space 'Ensuite_8' was re-linked from Approved Document F requirement ff52de99-e49d-4745-ab33-d68e87ea4f34 to e27ff0cf-52ee-4b70-a989-a198231b1f69, which is the same requirement recalculated - the General Extract requirement of space b62f342b-f86a-4c46-8feb-616bd976e525 (Approved Document F, Volume 1: Dwellings (2021 edition), paragraph 1.17 (page 8), Table 1.2 (page 10) and paragraph 1.70 (page 17)).
  note: 3 assessed dwelling zone(s) were found (Flat 1, Flat 2, Flat 3), so a separate Base MVHR system was built for each - PartFCalculator sizes each dwelling independently, and this configuration does not combine them onto shared plant.
  note: Reused ventilation system 'MVHR 1' of type 'MVHR' and its air handling unit 'MVHR-01', found through the design terminals already connected to them. Nothing was added beside it.
  note: Ventilation system 'MVHR 1' serves 2 space(s) through 3 design terminal(s).
  note: Space 'Studio 1_0' is still related to ventilation system 'NV 1' of type 'NV', which this iteration did not build and has not changed. The Base MVHR design terminals and the air movements the simulation reads belong to the system built here; that relation is left as the model authored it.
  note: Space 'Bathroom_2' is still related to ventilation system 'NV 1' of type 'NV', which this iteration did not build and has not changed. The Base MVHR design terminals and the air movements the simulation reads belong to the system built here; that relation is left as the model authored it.
  note: Ventilation system 'MVHR 1' design duty: supply 30 l/s, extract 30 l/s, summed from 3 design terminal(s) and meeting the Approved Document F requirement its spaces carry.
  note: The dwelling transfer air is routed over the 2 space(s) the system serves. No further internal space belongs to the dwelling(s) they are in, so nothing was added to the network.
  note: Realized 5 air movement object(s) for the Base MVHR design-rate operating state: supply into each space from 'MVHR-01' and extract from each space back to it, each direction sized from that space's own design terminals.
  note: Realized 1 internal transfer air movement(s) over 1 internal connection(s), routed by the Approved Document F airflow network from the spaces with air to pass on to the spaces that have to draw it in.
  note: Every space and the air handling unit of 'MVHR 1' balance: each passes on exactly what it receives, which is what TAS requires of a zone carrying inter-zone air movements.
  note: Reused ventilation system 'MVHR 2' of type 'MVHR' and its air handling unit 'MVHR-02', found through the design terminals already connected to them. Nothing was added beside it.
  note: Ventilation system 'MVHR 2' serves 3 space(s) through 3 design terminal(s).
  note: Space 'Bedroom 2_3' is still related to ventilation system 'MV 1' of type 'MV', which this iteration did not build and has not changed. The Base MVHR design terminals and the air movements the simulation reads belong to the system built here; that relation is left as the model authored it.
  note: Space 'Kitchen_4' is still related to ventilation system 'MV 1' of type 'MV', which this iteration did not build and has not changed. The Base MVHR design terminals and the air movements the simulation reads belong to the system built here; that relation is left as the model authored it.
  note: Space 'Ensuite_5' is still related to ventilation system 'MV 1' of type 'MV', which this iteration did not build and has not changed. The Base MVHR design terminals and the air movements the simulation reads belong to the system built here; that relation is left as the model authored it.
  note: Ventilation system 'MVHR 2' design duty: supply 63 l/s, extract 63 l/s, summed from 3 design terminal(s) and meeting the Approved Document F requirement its spaces carry.
  note: The dwelling transfer air is routed over the 3 space(s) the system serves. No further internal space belongs to the dwelling(s) they are in, so nothing was added to the network.
  note: Realized 5 air movement object(s) for the Base MVHR design-rate operating state: supply into each space from 'MVHR-02' and extract from each space back to it, each direction sized from that space's own design terminals.
  note: Realized 2 internal transfer air movement(s) over 2 internal connection(s), routed by the Approved Document F airflow network from the spaces with air to pass on to the spaces that have to draw it in.
  note: Every space and the air handling unit of 'MVHR 2' balance: each passes on exactly what it receives, which is what TAS requires of a zone carrying inter-zone air movements.
  note: Reused ventilation system 'MVHR 3' of type 'MVHR' and its air handling unit 'MVHR-03', found through the design terminals already connected to them. Nothing was added beside it.
  note: Ventilation system 'MVHR 3' serves 3 space(s) through 3 design terminal(s).
  note: Space 'Bedroom 2_6' is still related to ventilation system 'MV 1' of type 'MV', which this iteration did not build and has not changed. The Base MVHR design terminals and the air movements the simulation reads belong to the system built here; that relation is left as the model authored it.
  note: Space 'Kitchen_7' is still related to ventilation system 'MV 1' of type 'MV', which this iteration did not build and has not changed. The Base MVHR design terminals and the air movements the simulation reads belong to the system built here; that relation is left as the model authored it.
  note: Space 'Ensuite_8' is still related to ventilation system 'MV 1' of type 'MV', which this iteration did not build and has not changed. The Base MVHR design terminals and the air movements the simulation reads belong to the system built here; that relation is left as the model authored it.
  note: Ventilation system 'MVHR 3' design duty: supply 63 l/s, extract 63 l/s, summed from 3 design terminal(s) and meeting the Approved Document F requirement its spaces carry.
  note: The dwelling transfer air is routed over the 3 space(s) the system serves. No further internal space belongs to the dwelling(s) they are in, so nothing was added to the network.
  note: Realized 5 air movement object(s) for the Base MVHR design-rate operating state: supply into each space from 'MVHR-03' and extract from each space back to it, each direction sized from that space's own design terminals.
  note: Realized 2 internal transfer air movement(s) over 2 internal connection(s), routed by the Approved Document F airflow network from the spaces with air to pass on to the spaces that have to draw it in.
  note: Every space and the air handling unit of 'MVHR 3' balance: each passes on exactly what it receives, which is what TAS requires of a zone carrying inter-zone air movements.
  warning: Space 'Studio 1_0' is still related to ventilation system 'NV 1' of type 'NV', which this iteration did not build and has not changed. The Base MVHR design terminals and the air movements the simulation reads belong to the system built here; that relation is left as the model authored it.
  warning: Space 'Bathroom_2' is still related to ventilation system 'NV 1' of type 'NV', which this iteration did not build and has not changed. The Base MVHR design terminals and the air movements the simulation reads belong to the system built here; that relation is left as the model authored it.
  warning: Space 'Bedroom 2_3' is still related to ventilation system 'MV 1' of type 'MV', which this iteration did not build and has not changed. The Base MVHR design terminals and the air movements the simulation reads belong to the system built here; that relation is left as the model authored it.
  warning: Space 'Kitchen_4' is still related to ventilation system 'MV 1' of type 'MV', which this iteration did not build and has not changed. The Base MVHR design terminals and the air movements the simulation reads belong to the system built here; that relation is left as the model authored it.
  warning: Space 'Ensuite_5' is still related to ventilation system 'MV 1' of type 'MV', which this iteration did not build and has not changed. The Base MVHR design terminals and the air movements the simulation reads belong to the system built here; that relation is left as the model authored it.
  warning: Space 'Bedroom 2_6' is still related to ventilation system 'MV 1' of type 'MV', which this iteration did not build and has not changed. The Base MVHR design terminals and the air movements the simulation reads belong to the system built here; that relation is left as the model authored it.
  warning: Space 'Kitchen_7' is still related to ventilation system 'MV 1' of type 'MV', which this iteration did not build and has not changed. The Base MVHR design terminals and the air movements the simulation reads belong to the system built here; that relation is left as the model authored it.
  warning: Space 'Ensuite_8' is still related to ventilation system 'MV 1' of type 'MV', which this iteration did not build and has not changed. The Base MVHR design terminals and the air movements the simulation reads belong to the system built here; that relation is left as the model authored it.
prepared model saved: C:/TasOut/pr2r/a2\prepared.sam  (172797 bytes)

=================================== THE ANALYTICAL DESIGN ===================================

air handling unit(s): AHU1, MVHR-01, MVHR-02, MVHR-03

system                     | space                  | supply l/s | extract l/s
------------------------------------------------------------------------------
MVHR 1                     | Bathroom_2             |         0 |         8
MVHR 1                     | Studio 1_0             |        30 |        22
MVHR 2                     | Bedroom 2_3            |        63 |         0
MVHR 2                     | Ensuite_5              |         0 |         8
MVHR 2                     | Kitchen_4              |         0 |        55
MVHR 3                     | Bedroom 2_6            |        63 |         0
MVHR 3                     | Ensuite_8              |         0 |         8
MVHR 3                     | Kitchen_7              |         0 |        55

transfer from          | transfer to            | l/s       | dwelling
------------------------------------------------------------------------------
Bedroom 2_3            | Kitchen_4              |        63 | Flat 2
Bedroom 2_6            | Kitchen_7              |        63 | Flat 3
Kitchen_4              | Ensuite_5              |         8 | Flat 2
Kitchen_7              | Ensuite_8              |         8 | Flat 3
Studio 1_0             | Bathroom_2             |         8 | Flat 1

room                   | in l/s    | out l/s   | continuity
--------------------------------------------------------------------
Bathroom_2             |         8 |         8 | ok
Bedroom 2_3            |        63 |        63 | ok
Bedroom 2_6            |        63 |        63 | ok
Ensuite_5              |         8 |         8 | ok
Ensuite_8              |         8 |         8 | ok
Kitchen_4              |        63 |        63 | ok
Kitchen_7              |        63 |        63 | ok
Studio 1_0             |        30 |        30 | ok

PHASE A: 8 room(s), 5 transfer leg(s), 0 discontinuous room(s), 0 cross-dwelling leg(s)
PHASE A VERDICT: the fixture is a valid real-design reference
