PR3 bridgecheck - raw read-back through TAS's own accessors, independent of the code under test
  8 room(s) in zt.tsv

A. INPUT TRANSFER - every slot of ticLL (heating) and ticUL (cooling) on every IC of each zone
  space guid                           name            ZT  IC   heat   cool       max|d|
  407a5b91-8248-4992-abeb-000fdced341d Ensuite_5     8760   2   8760   8760            0
  59709f58-9e71-4ad9-9ba1-a7b8c84c2fcc Kitchen_7     8760   2   8760   8760            0
  6011108b-0d83-4602-ba4f-1ac620e6219e Bedroom 2_6   8760   2   8760   8760            0
  75b28088-2415-44c0-bea8-3179b3475df0 Studio 1_0    8760   2   8760   8760            0
  b62f342b-f86a-4c46-8feb-616bd976e525 Ensuite_8     8760   2   8760   8760            0
  cfd0fd57-5017-4003-9e6c-3d3d40468bd4 Kitchen_4     8760   2   8760   8760            0
  e2c8a683-410d-42fd-92cb-bcf1e87e5a3a Bathroom_2    8760   2   8760   8760            0
  e4d79f26-bd86-4334-831a-fe4048c0e6cc Bedroom 2_3   8760   2   8760   8760            0
  MAX ABSOLUTE TRANSFER DELTA (read-back single vs Systems double) = 0
  rooms with 8760/8760 heating and cooling slots exactly as written: 8 of 8

B. COMPLETENESS and ACHIEVED AIR - second TSD read by zoneGUID
  space guid                           name            RT   fin    air-1h      air0    air+1h   air0max  prod=raw
  407a5b91-8248-4992-abeb-000fdced341d Ensuite_5     8760  8760    0.2876    0.0009    0.2872    0.0010         0
  59709f58-9e71-4ad9-9ba1-a7b8c84c2fcc Kitchen_7     8760  8760    0.2036    0.0009    0.2039    0.0010         0
  6011108b-0d83-4602-ba4f-1ac620e6219e Bedroom 2_6   8760  8760    0.2416    0.0008    0.2415    0.0010         0
  75b28088-2415-44c0-bea8-3179b3475df0 Studio 1_0    8760  8760    0.2510    0.0009    0.2509    0.0010         0
  b62f342b-f86a-4c46-8feb-616bd976e525 Ensuite_8     8760  8760    0.2729    0.0008    0.2724    0.0010         0
  cfd0fd57-5017-4003-9e6c-3d3d40468bd4 Kitchen_4     8760  8760    0.2053    0.0009    0.2056    0.0010         0
  e2c8a683-410d-42fd-92cb-bcf1e87e5a3a Bathroom_2    8760  8760    0.4368    0.0009    0.4365    0.0010         0
  e4d79f26-bd86-4334-831a-fe4048c0e6cc Bedroom 2_3   8760  8760    0.2419    0.0008    0.2417    0.0010         0
  rooms with 8760 finite ResultantTemperature: 8 of 8; production series vs raw read max|d| = 0
  zones in the bridge TSD: 9; not bridged (free-running, not a ventilation-system member): 7cd4bd07-3c41-4bde-89c6-5c8c427264cd

C. HOUR ALIGNMENT - Systems ZoneTemperature vs the no-IZAM source's own free-running dry bulb (mean|d| K)
  Ensuite_5    ZT[h] vs srcDB[h-1] 1.8911  [h] 1.8611  [h+1] 1.8652
  Kitchen_7    ZT[h] vs srcDB[h-1] 0.8488  [h] 0.8024  [h+1] 0.8550
  Bedroom 2_6  ZT[h] vs srcDB[h-1] 2.1269  [h] 2.0989  [h+1] 2.1226
  Studio 1_0   ZT[h] vs srcDB[h-1] 1.6901  [h] 1.6401  [h+1] 1.6920
  Ensuite_8    ZT[h] vs srcDB[h-1] 2.1774  [h] 2.1614  [h+1] 2.1620
  Kitchen_4    ZT[h] vs srcDB[h-1] 0.7714  [h] 0.7237  [h+1] 0.7771
  Bathroom_2   ZT[h] vs srcDB[h-1] 1.4959  [h] 1.3708  [h+1] 1.4642
  Bedroom 2_3  ZT[h] vs srcDB[h-1] 2.1372  [h] 2.1092  [h+1] 2.1330

================================ ACCEPTANCE SUMMARY ================================
