PR3 rename - identity challenge: every zone in a copy of the source renamed to ONE shared string
  zone {4A05E23B-38DF-4636-AC4C-EAB26628341B} 'Studio 1_0' -> 'Zone'
  zone {7CD4BD07-3C41-4BDE-89C6-5C8C427264CD} 'Corridor_1' -> 'Zone'
  zone {C314BEA7-5214-4A13-85AF-F33E9FF7D695} 'Bathroom_2' -> 'Zone'
  zone {9BCC98E0-5C1A-4E49-909D-34CDE64D9A21} 'Bedroom 2_3' -> 'Zone'
  zone {4ADC0A50-6E5F-4CB4-A2F4-D220A63188F0} 'Kitchen_4' -> 'Zone'
  zone {147C4969-043F-476E-A38A-E77113F55654} 'Ensuite_5' -> 'Zone'
  zone {DCB2741B-F088-411D-9D49-BE8A49E5BD5E} 'Bedroom 2_6' -> 'Zone'
  zone {C18844D4-F835-456F-9E39-C958F9A148EB} 'Kitchen_7' -> 'Zone'
  zone {E390237D-B1BB-4E81-8FD6-116019019178} 'Ensuite_8' -> 'Zone'
  9 zone(s) renamed; renamed source sha256 38A3F0CDC219162D037D0F34E4B1109D04392A2B3A535E8489FB00C8A0EC15A4
  rebuilt route IsComplete True (8 room(s))

== PRODUCTION TPD.Create.ThermostatBridge ==
  elapsed 77.0 s
  note: No-IZAM source C:\TasOut\pr3\rename\src.tbd (sha256 38A3F0CDC219162D037D0F34E4B1109D04392A2B3A535E8489FB00C8A0EC15A4) copied to C:\TasOut\pr3\rename\bridge.tbd.
  note: Heating and cooling thermostats written and read back for 8 room(s), 8760 hour(s) each.
  note: The TAS call returned without throwing.
  note: Output produced by this run: 4953629 bytes, written 2026-09-10T20:30:11.6978894Z.
  note: Room 407a5b91-8248-4992-abeb-000fdced341d zone {147C4969-043F-476E-A38A-E77113F55654}: ZoneTemperature 8760, IC 2, heating 8760, cooling 8760, max transfer delta 0, ResultantTemperature 8760 (8760 finite), achieved air deviation max 0.0010 mean 0.0009 K
  note: Room 59709f58-9e71-4ad9-9ba1-a7b8c84c2fcc zone {C18844D4-F835-456F-9E39-C958F9A148EB}: ZoneTemperature 8760, IC 2, heating 8760, cooling 8760, max transfer delta 0, ResultantTemperature 8760 (8760 finite), achieved air deviation max 0.0010 mean 0.0009 K
  note: Room 6011108b-0d83-4602-ba4f-1ac620e6219e zone {DCB2741B-F088-411D-9D49-BE8A49E5BD5E}: ZoneTemperature 8760, IC 2, heating 8760, cooling 8760, max transfer delta 0, ResultantTemperature 8760 (8760 finite), achieved air deviation max 0.0010 mean 0.0008 K
  note: Room 75b28088-2415-44c0-bea8-3179b3475df0 zone {4A05E23B-38DF-4636-AC4C-EAB26628341B}: ZoneTemperature 8760, IC 2, heating 8760, cooling 8760, max transfer delta 0, ResultantTemperature 8760 (8760 finite), achieved air deviation max 0.0010 mean 0.0009 K
  note: Room b62f342b-f86a-4c46-8feb-616bd976e525 zone {E390237D-B1BB-4E81-8FD6-116019019178}: ZoneTemperature 8760, IC 2, heating 8760, cooling 8760, max transfer delta 0, ResultantTemperature 8760 (8760 finite), achieved air deviation max 0.0010 mean 0.0008 K
  note: Room cfd0fd57-5017-4003-9e6c-3d3d40468bd4 zone {4ADC0A50-6E5F-4CB4-A2F4-D220A63188F0}: ZoneTemperature 8760, IC 2, heating 8760, cooling 8760, max transfer delta 0, ResultantTemperature 8760 (8760 finite), achieved air deviation max 0.0010 mean 0.0009 K
  note: Room e2c8a683-410d-42fd-92cb-bcf1e87e5a3a zone {C314BEA7-5214-4A13-85AF-F33E9FF7D695}: ZoneTemperature 8760, IC 2, heating 8760, cooling 8760, max transfer delta 0, ResultantTemperature 8760 (8760 finite), achieved air deviation max 0.0010 mean 0.0009 K
  note: Room e4d79f26-bd86-4334-831a-fe4048c0e6cc zone {9BCC98E0-5C1A-4E49-909D-34CDE64D9A21}: ZoneTemperature 8760, IC 2, heating 8760, cooling 8760, max transfer delta 0, ResultantTemperature 8760 (8760 finite), achieved air deviation max 0.0010 mean 0.0008 K
  note: Lineage: route TPD C:\TasOut\pr3\final\acc.tpd; source TBD C:\TasOut\pr3\rename\src.tbd sha256 38A3F0CDC219162D037D0F34E4B1109D04392A2B3A535E8489FB00C8A0EC15A4 (after 38A3F0CDC219162D037D0F34E4B1109D04392A2B3A535E8489FB00C8A0EC15A4); bridge TBD C:\TasOut\pr3\rename\bridge.tbd sha256 E62A7DBA1F57149AEC593D78C06C7F994FBBB16DAEC09C11F27AD562F8E2DA4C; bridge TSD C:\TasOut\pr3\rename\bridge.tsd sha256 5B71CBCD3B01AEAD687766CF4CA2DAE40005BA24EFB3AFA4F3BF7F8AAC4027AD.
  note: Resultant temperature complete for 8 of 8 room(s), 8760 finite value(s) each over hours 0..8759.
  evidence: The TAS call returned without throwing.
  evidence: Output produced by this run: 4953629 bytes, written 2026-09-10T20:30:11.6978894Z.
  evidence: Results read back and reconciled: 8 rooms, hours 0-8759 inclusive.
  evidence Completed: True  ResultsReconciled: True  CallReturned: True
  evidence result: 4953629 bytes, written 2026-09-10T20:30:11.6978894Z, run started 2026-09-10T20:29:00.8769011Z
  source TBD  C:\TasOut\pr3\rename\src.tbd  before 38A3F0CDC219162D037D0F34E4B1109D04392A2B3A535E8489FB00C8A0EC15A4  after 38A3F0CDC219162D037D0F34E4B1109D04392A2B3A535E8489FB00C8A0EC15A4
  source TSD  C:\TasOut\pr3\rename\src.tsd  before 16CED2B62541EA77F078EA84D54B690EF1EBC77FC6A74FE1F76FB1919F94F1C1  after 16CED2B62541EA77F078EA84D54B690EF1EBC77FC6A74FE1F76FB1919F94F1C1
  bridge TBD  C:\TasOut\pr3\rename\bridge.tbd  copied 38A3F0CDC219162D037D0F34E4B1109D04392A2B3A535E8489FB00C8A0EC15A4  final E62A7DBA1F57149AEC593D78C06C7F994FBBB16DAEC09C11F27AD562F8E2DA4C
  bridge TSD  C:\TasOut\pr3\rename\bridge.tsd  5B71CBCD3B01AEAD687766CF4CA2DAE40005BA24EFB3AFA4F3BF7F8AAC4027AD
  IsComplete  True

  space guid                            name             ZT  IC  heat  cool    maxXfer    RT   fin   maxDev  meanDev
  407a5b91-8248-4992-abeb-000fdced341d  Ensuite_5      8760   2  8760  8760          0  8760  8760   0.0010   0.0009
  59709f58-9e71-4ad9-9ba1-a7b8c84c2fcc  Kitchen_7      8760   2  8760  8760          0  8760  8760   0.0010   0.0009
  6011108b-0d83-4602-ba4f-1ac620e6219e  Bedroom 2_6    8760   2  8760  8760          0  8760  8760   0.0010   0.0008
  75b28088-2415-44c0-bea8-3179b3475df0  Studio 1_0     8760   2  8760  8760          0  8760  8760   0.0010   0.0009
  b62f342b-f86a-4c46-8feb-616bd976e525  Ensuite_8      8760   2  8760  8760          0  8760  8760   0.0010   0.0008
  cfd0fd57-5017-4003-9e6c-3d3d40468bd4  Kitchen_4      8760   2  8760  8760          0  8760  8760   0.0010   0.0009
  e2c8a683-410d-42fd-92cb-bcf1e87e5a3a  Bathroom_2     8760   2  8760  8760          0  8760  8760   0.0010   0.0009
  e4d79f26-bd86-4334-831a-fe4048c0e6cc  Bedroom 2_3    8760   2  8760  8760          0  8760  8760   0.0010   0.0008
  8 complete resultant series written to resultant.tsv

C. IDENTITY - renamed-source bridge vs canonical bridge, ResultantTemperature per room guid
  407a5b91-8248-4992-abeb-000fdced341d Ensuite_5    identical hours 8760/8760  max|d| 0
  59709f58-9e71-4ad9-9ba1-a7b8c84c2fcc Kitchen_7    identical hours 8760/8760  max|d| 0
  6011108b-0d83-4602-ba4f-1ac620e6219e Bedroom 2_6  identical hours 8760/8760  max|d| 0
  75b28088-2415-44c0-bea8-3179b3475df0 Studio 1_0   identical hours 8760/8760  max|d| 0
  b62f342b-f86a-4c46-8feb-616bd976e525 Ensuite_8    identical hours 8760/8760  max|d| 0
  cfd0fd57-5017-4003-9e6c-3d3d40468bd4 Kitchen_4    identical hours 8760/8760  max|d| 0
  e2c8a683-410d-42fd-92cb-bcf1e87e5a3a Bathroom_2   identical hours 8760/8760  max|d| 0
  e4d79f26-bd86-4334-831a-fe4048c0e6cc Bedroom 2_3  identical hours 8760/8760  max|d| 0
  rooms bit-identical: 8 of 8

================================ ACCEPTANCE SUMMARY ================================
