PR3 - the ResultantTemperature thermostat bridge on the real chain
  design    C:\TasOut\pr3\a2\prepared.sam  sha256 5DC91DB46E67363E528404CB727CB93564BAB4063A4CFBFE41A963D69959034B
  src.tbd   sha256 FC5C677F7A6A13AAB6D11607BB62BBC07B97DC16A3A64923BBDEEB2AD2063537  (copied from C:\TasOut\pr3\c1)
  src.tsd   sha256 16CED2B62541EA77F078EA84D54B690EF1EBC77FC6A74FE1F76FB1919F94F1C1
  tolerance 0.5 K (achieved air vs imposed)

3 ventilation system(s) out of scope (no design terminal).
intent table BYTE-IDENTICAL before and after the scoping step.
thermal source IsComplete: True, 9 room identities
PR1 IsMaterialised: True

== PRODUCTION TPD.Create.SystemVentilationRoute, hours 0..8759 ==
  IsComplete: True  NativeDiagnostic [Done]
  route output persisted: zt.tsv (8 room(s)), bindings.tsv

== PRODUCTION TPD.Create.ThermostatBridge ==
  elapsed 77.4 s
  note: No-IZAM source C:\TasOut\pr3\final\src.tbd (sha256 FC5C677F7A6A13AAB6D11607BB62BBC07B97DC16A3A64923BBDEEB2AD2063537) copied to C:\TasOut\pr3\final\bridge.tbd.
  note: Heating and cooling thermostats written and read back for 8 room(s), 8760 hour(s) each.
  note: The TAS call returned without throwing.
  note: Output produced by this run: 4953965 bytes, written 2026-09-10T20:26:36.0576552Z.
  note: Room 407a5b91-8248-4992-abeb-000fdced341d zone {147C4969-043F-476E-A38A-E77113F55654}: ZoneTemperature 8760, IC 2, heating 8760, cooling 8760, max transfer delta 0, ResultantTemperature 8760 (8760 finite), achieved air deviation max 0.0010 mean 0.0009 K
  note: Room 59709f58-9e71-4ad9-9ba1-a7b8c84c2fcc zone {C18844D4-F835-456F-9E39-C958F9A148EB}: ZoneTemperature 8760, IC 2, heating 8760, cooling 8760, max transfer delta 0, ResultantTemperature 8760 (8760 finite), achieved air deviation max 0.0010 mean 0.0009 K
  note: Room 6011108b-0d83-4602-ba4f-1ac620e6219e zone {DCB2741B-F088-411D-9D49-BE8A49E5BD5E}: ZoneTemperature 8760, IC 2, heating 8760, cooling 8760, max transfer delta 0, ResultantTemperature 8760 (8760 finite), achieved air deviation max 0.0010 mean 0.0008 K
  note: Room 75b28088-2415-44c0-bea8-3179b3475df0 zone {4A05E23B-38DF-4636-AC4C-EAB26628341B}: ZoneTemperature 8760, IC 2, heating 8760, cooling 8760, max transfer delta 0, ResultantTemperature 8760 (8760 finite), achieved air deviation max 0.0010 mean 0.0009 K
  note: Room b62f342b-f86a-4c46-8feb-616bd976e525 zone {E390237D-B1BB-4E81-8FD6-116019019178}: ZoneTemperature 8760, IC 2, heating 8760, cooling 8760, max transfer delta 0, ResultantTemperature 8760 (8760 finite), achieved air deviation max 0.0010 mean 0.0008 K
  note: Room cfd0fd57-5017-4003-9e6c-3d3d40468bd4 zone {4ADC0A50-6E5F-4CB4-A2F4-D220A63188F0}: ZoneTemperature 8760, IC 2, heating 8760, cooling 8760, max transfer delta 0, ResultantTemperature 8760 (8760 finite), achieved air deviation max 0.0010 mean 0.0009 K
  note: Room e2c8a683-410d-42fd-92cb-bcf1e87e5a3a zone {C314BEA7-5214-4A13-85AF-F33E9FF7D695}: ZoneTemperature 8760, IC 2, heating 8760, cooling 8760, max transfer delta 0, ResultantTemperature 8760 (8760 finite), achieved air deviation max 0.0010 mean 0.0009 K
  note: Room e4d79f26-bd86-4334-831a-fe4048c0e6cc zone {9BCC98E0-5C1A-4E49-909D-34CDE64D9A21}: ZoneTemperature 8760, IC 2, heating 8760, cooling 8760, max transfer delta 0, ResultantTemperature 8760 (8760 finite), achieved air deviation max 0.0010 mean 0.0008 K
  note: Lineage: route TPD C:\TasOut\pr3\final\acc.tpd; source TBD C:\TasOut\pr3\final\src.tbd sha256 FC5C677F7A6A13AAB6D11607BB62BBC07B97DC16A3A64923BBDEEB2AD2063537 (after FC5C677F7A6A13AAB6D11607BB62BBC07B97DC16A3A64923BBDEEB2AD2063537); bridge TBD C:\TasOut\pr3\final\bridge.tbd sha256 3FD9F2AE0830E8CE2808C6630BAB8F7CBDF47880BA7C4F6953456528E20A6EFB; bridge TSD C:\TasOut\pr3\final\bridge.tsd sha256 9881487F8D065885390D4B774B5C5F56B098118EB2E7B6F7AE006AF2A2AD2028.
  note: Resultant temperature complete for 8 of 8 room(s), 8760 finite value(s) each over hours 0..8759.
  evidence: The TAS call returned without throwing.
  evidence: Output produced by this run: 4953965 bytes, written 2026-09-10T20:26:36.0576552Z.
  evidence: Results read back and reconciled: 8 rooms, hours 0-8759 inclusive.
  evidence Completed: True  ResultsReconciled: True  CallReturned: True
  evidence result: 4953965 bytes, written 2026-09-10T20:26:36.0576552Z, run started 2026-09-10T20:25:24.7005505Z
  source TBD  C:\TasOut\pr3\final\src.tbd  before FC5C677F7A6A13AAB6D11607BB62BBC07B97DC16A3A64923BBDEEB2AD2063537  after FC5C677F7A6A13AAB6D11607BB62BBC07B97DC16A3A64923BBDEEB2AD2063537
  source TSD  C:\TasOut\pr3\final\src.tsd  before 16CED2B62541EA77F078EA84D54B690EF1EBC77FC6A74FE1F76FB1919F94F1C1  after 16CED2B62541EA77F078EA84D54B690EF1EBC77FC6A74FE1F76FB1919F94F1C1
  bridge TBD  C:\TasOut\pr3\final\bridge.tbd  copied FC5C677F7A6A13AAB6D11607BB62BBC07B97DC16A3A64923BBDEEB2AD2063537  final 3FD9F2AE0830E8CE2808C6630BAB8F7CBDF47880BA7C4F6953456528E20A6EFB
  bridge TSD  C:\TasOut\pr3\final\bridge.tsd  9881487F8D065885390D4B774B5C5F56B098118EB2E7B6F7AE006AF2A2AD2028
  IsComplete  True

  space guid                            name             ZT  IC  heat  cool    maxXfer    RT   fin   maxDev  meanDev
  407a5b91-8248-4992-abeb-000fdced341d  Ensuite_5      8760   2  8760  8760          0  8760  8760   0.0010   0.0009
  59709f58-9e71-4ad9-9ba1-a7b8c84c2fcc  Kitchen_7      8760   2  8760  8760          0  8760  8760   0.0010   0.0009
  6011108b-0d83-4602-ba4f-1ac620e6219e  Bedroom 2_6    8760   2  8760  8760          0  8760  8760   0.0010   0.0008
  75b28088-2415-44c0-bea8-3179b3475df0  Studio 1_0     8760   2  8760  8760          0  8760  8760   0.0010   0.0009
  b62f342b-f86a-4c46-8feb-616bd976e525  Ensuite_8      8760   2  8760  8760          0  8760  8760   0.0010   0.0008
  cfd0fd57-5017-4003-9e6c-3d3d40468bd4  Kitchen_4      8760   2  8760  8760          0  8760  8760   0.0010   0.0009
  e2c8a683-410d-42fd-92cb-bcf1e87e5a3a  Bathroom_2     8760   2  8760  8760          0  8760  8760   0.0010   0.0009
  e4d79f26-bd86-4334-831a-fe4048c0e6cc  Bedroom 2_3    8760   2  8760  8760          0  8760  8760   0.0010   0.0008
  8 complete resultant series written to resultant.tsv

== provenance, after the run ==
  src.tbd  sha256 FC5C677F7A6A13AAB6D11607BB62BBC07B97DC16A3A64923BBDEEB2AD2063537  UNCHANGED
  src.tsd  sha256 16CED2B62541EA77F078EA84D54B690EF1EBC77FC6A74FE1F76FB1919F94F1C1  UNCHANGED
  acc.tpd  sha256 FE46B2830327B4038AE09B2FD9551120FB80EA88AAA296812FB3195BE0E0D0CE

================================ ACCEPTANCE SUMMARY ================================
