building year 2002
IZAM count 0
building IC count 36
IC[0] 'Studio 1_0' zones=1 [{C0B7E340-E8B6-4210-B698-9E8089D8F545}] dayTypes=[Weekday,Saturday,Sunday,CDD]
IC[1] 'Studio 1_0 - HDD' zones=1 [{C0B7E340-E8B6-4210-B698-9E8089D8F545}] dayTypes=[HDD]
IC[2] 'Corridor_1' zones=1 [{4877F992-B7CB-45EE-96E9-85EC7DB244DA}] dayTypes=[Weekday,Saturday,Sunday,CDD]
IC[3] 'Corridor_1 - HDD' zones=1 [{4877F992-B7CB-45EE-96E9-85EC7DB244DA}] dayTypes=[HDD]
IC[4] 'Bathroom_2' zones=1 [{C71B14DB-CF09-4F93-B221-98C294C465CF}] dayTypes=[Weekday,Saturday,Sunday,CDD]
IC[5] 'Bathroom_2 - HDD' zones=1 [{C71B14DB-CF09-4F93-B221-98C294C465CF}] dayTypes=[HDD]
IC[6] 'Bedroom 2_3' zones=1 [{52C7409C-CADF-440B-92DD-8B425139D48B}] dayTypes=[Weekday,Saturday,Sunday,CDD]
IC[7] 'Bedroom 2_3 - HDD' zones=1 [{52C7409C-CADF-440B-92DD-8B425139D48B}] dayTypes=[HDD]
IC[8] 'Kitchen_4' zones=1 [{FA0BFF3A-A4F7-4B08-A668-3E27BB7279FF}] dayTypes=[Weekday,Saturday,Sunday,CDD]
IC[9] 'Kitchen_4 - HDD' zones=1 [{FA0BFF3A-A4F7-4B08-A668-3E27BB7279FF}] dayTypes=[HDD]
IC[10] 'Ensuite_5' zones=1 [{09305878-3B7A-46D6-82B4-3350F32FC93E}] dayTypes=[Weekday,Saturday,Sunday,CDD]
IC[11] 'Ensuite_5 - HDD' zones=1 [{09305878-3B7A-46D6-82B4-3350F32FC93E}] dayTypes=[HDD]
IC[12] 'Bedroom 2_6' zones=1 [{B9D1680E-94E9-4D9C-A0B3-2BDDD5B53C4C}] dayTypes=[Weekday,Saturday,Sunday,CDD]
IC[13] 'Bedroom 2_6 - HDD' zones=1 [{B9D1680E-94E9-4D9C-A0B3-2BDDD5B53C4C}] dayTypes=[HDD]
IC[14] 'Kitchen_7' zones=1 [{79ADDCC5-E6F5-4755-AF40-71A3DE6D2178}] dayTypes=[Weekday,Saturday,Sunday,CDD]
IC[15] 'Kitchen_7 - HDD' zones=1 [{79ADDCC5-E6F5-4755-AF40-71A3DE6D2178}] dayTypes=[HDD]
IC[16] 'Ensuite_8' zones=1 [{A4ED3D6F-64BC-47B0-B6A8-E848EA60FD30}] dayTypes=[Weekday,Saturday,Sunday,CDD]
IC[17] 'Ensuite_8 - HDD' zones=1 [{A4ED3D6F-64BC-47B0-B6A8-E848EA60FD30}] dayTypes=[HDD]
IC[18] 'Studio' zones=0 [] dayTypes=[Weekday,Saturday,Sunday,CDD]
IC[19] '1 Bed Apt. Living Room/Kitchen' zones=0 [] dayTypes=[Weekday,Saturday,Sunday,CDD]
IC[20] '1 Bed Apt. Living Room' zones=0 [] dayTypes=[Weekday,Saturday,Sunday,CDD]
IC[21] '1 Bed Apt. Kitchen' zones=0 [] dayTypes=[Weekday,Saturday,Sunday,CDD]
IC[22] '2 Bed Apt. Living Room/Kitchen' zones=0 [] dayTypes=[Weekday,Saturday,Sunday,CDD]
IC[23] '2 Bed Apt. Living Room' zones=0 [] dayTypes=[Weekday,Saturday,Sunday,CDD]
IC[24] '2 Bed Apt. Kitchen' zones=0 [] dayTypes=[Weekday,Saturday,Sunday,CDD]
IC[25] '3 Bed Apt. Living Room/Kitchen' zones=0 [] dayTypes=[Weekday,Saturday,Sunday,CDD]
IC[26] '3 Bed Apt. Living Room' zones=0 [] dayTypes=[Weekday,Saturday,Sunday,CDD]
IC[27] '3 Bed Apt. Kitchen' zones=0 [] dayTypes=[Weekday,Saturday,Sunday,CDD]
IC[28] 'Double Bedroom' zones=0 [] dayTypes=[Weekday,Saturday,Sunday,CDD]
IC[29] 'Single Bedroom' zones=0 [] dayTypes=[Weekday,Saturday,Sunday,CDD]
IC[30] 'TM59_Bathroom/internal corridors' zones=0 [] dayTypes=[Weekday,Saturday,Sunday,CDD]
IC[31] 'TM59_Communal Corridor (including pipework gains)' zones=0 [] dayTypes=[Weekday,Saturday,Sunday,CDD]
IC[32] 'TM59_Stairs' zones=0 [] dayTypes=[Weekday,Saturday,Sunday,CDD]
IC[33] 'TM59_Cupboard/riser/lift/void' zones=0 [] dayTypes=[Weekday,Saturday,Sunday,CDD]
IC[34] 'TM59_Cupboard with HIU' zones=0 [] dayTypes=[Weekday,Saturday,Sunday,CDD]
IC[35] 'TM59_Riser Communal pipework' zones=0 [] dayTypes=[Weekday,Saturday,Sunday,CDD]
ZONE[0] guid={C0B7E340-E8B6-4210-B698-9E8089D8F545} name='Studio 1_0' sizeH=1 sizeC=1 maxH=0 maxC=0
   IC#0 'Studio 1_0' thermostat: controlRange=0 proportional=0 radiantProportion=0 minDeadBand=-274.1176
      ticUL: type=ticHourlyProfile factor=1 value=150 name='No Cooling' extreme(max)=150 extreme(min)=150
      ticLL: type=ticHourlyProfile factor=1 value=-50 name='No Heating' extreme(max)=-50 extreme(min)=-50
      heating emitter '' radiant=0 type=ticHeating | cooling emitter '' radiant=0 type=ticCooling
   IC#1 'Studio 1_0 - HDD' thermostat: controlRange=0 proportional=0 radiantProportion=0 minDeadBand=200
      ticUL: type=ticValueProfile factor=1 value=150 name='Upper Limit' extreme(max)=150 extreme(min)=150
      ticLL: type=ticValueProfile factor=1 value=-50 name='No Heating - HDD' extreme(max)=-50 extreme(min)=-50
      heating emitter 'New Heating Emitter' radiant=0 type=ticHeating | cooling emitter 'New Cooling Emitter' radiant=0 type=ticCooling
ZONE[1] guid={4877F992-B7CB-45EE-96E9-85EC7DB244DA} name='Corridor_1' sizeH=1 sizeC=1 maxH=0 maxC=0
   IC#0 'Corridor_1' thermostat: controlRange=0 proportional=0 radiantProportion=0 minDeadBand=-487529100
      ticUL: type=ticHourlyProfile factor=1 value=150 name='No Cooling' extreme(max)=150 extreme(min)=150
      ticLL: type=ticHourlyProfile factor=1 value=-50 name='No Heating' extreme(max)=-50 extreme(min)=-50
      heating emitter '' radiant=0.1 type=ticHeating | cooling emitter '' radiant=0 type=ticCooling
   IC#1 'Corridor_1 - HDD' thermostat: controlRange=0 proportional=0 radiantProportion=0 minDeadBand=200
      ticUL: type=ticValueProfile factor=1 value=150 name='Upper Limit' extreme(max)=150 extreme(min)=150
      ticLL: type=ticValueProfile factor=1 value=-50 name='No Heating - HDD' extreme(max)=-50 extreme(min)=-50
      heating emitter 'New Heating Emitter' radiant=0 type=ticHeating | cooling emitter 'New Cooling Emitter' radiant=0 type=ticCooling
ZONE[2] guid={C71B14DB-CF09-4F93-B221-98C294C465CF} name='Bathroom_2' sizeH=0 sizeC=0 maxH=1139.8732 maxC=0
   IC#0 'Bathroom_2' thermostat: controlRange=0 proportional=0 radiantProportion=0 minDeadBand=-1.826584E+29
      ticUL: type=ticHourlyProfile factor=1 value=150 name='No Cooling' extreme(max)=150 extreme(min)=150
      ticLL: type=ticHourlyProfile factor=1 value=-50 name='HTG_1to24_16' extreme(max)=16 extreme(min)=16
      heating emitter '' radiant=0 type=ticHeating | cooling emitter '' radiant=0 type=ticCooling
   IC#1 'Bathroom_2 - HDD' thermostat: controlRange=0 proportional=0 radiantProportion=0 minDeadBand=134
      ticUL: type=ticValueProfile factor=1 value=150 name='Upper Limit' extreme(max)=150 extreme(min)=150
      ticLL: type=ticValueProfile factor=1 value=16 name='HTG_1to24_16 - HDD' extreme(max)=16 extreme(min)=16
      heating emitter 'New Heating Emitter' radiant=0 type=ticHeating | cooling emitter 'New Cooling Emitter' radiant=0 type=ticCooling
ZONE[3] guid={52C7409C-CADF-440B-92DD-8B425139D48B} name='Bedroom 2_3' sizeH=1 sizeC=1 maxH=0 maxC=0
   IC#0 'Bedroom 2_3' thermostat: controlRange=0 proportional=0 radiantProportion=0 minDeadBand=-2.0752585E+18
      ticUL: type=ticHourlyProfile factor=1 value=150 name='No Cooling' extreme(max)=150 extreme(min)=150
      ticLL: type=ticHourlyProfile factor=1 value=-50 name='No Heating' extreme(max)=-50 extreme(min)=-50
      heating emitter '' radiant=0 type=ticHeating | cooling emitter '' radiant=0 type=ticCooling
   IC#1 'Bedroom 2_3 - HDD' thermostat: controlRange=0 proportional=0 radiantProportion=0 minDeadBand=200
      ticUL: type=ticValueProfile factor=1 value=150 name='Upper Limit' extreme(max)=150 extreme(min)=150
      ticLL: type=ticValueProfile factor=1 value=-50 name='No Heating - HDD' extreme(max)=-50 extreme(min)=-50
      heating emitter 'New Heating Emitter' radiant=0 type=ticHeating | cooling emitter 'New Cooling Emitter' radiant=0 type=ticCooling
ZONE[4] guid={FA0BFF3A-A4F7-4B08-A668-3E27BB7279FF} name='Kitchen_4' sizeH=1 sizeC=1 maxH=0 maxC=0
   IC#0 'Kitchen_4' thermostat: controlRange=0 proportional=0 radiantProportion=0 minDeadBand=-9.008291E+25
      ticUL: type=ticHourlyProfile factor=1 value=150 name='No Cooling' extreme(max)=150 extreme(min)=150
      ticLL: type=ticHourlyProfile factor=1 value=-50 name='No Heating' extreme(max)=-50 extreme(min)=-50
      heating emitter '' radiant=0 type=ticHeating | cooling emitter '' radiant=0 type=ticCooling
   IC#1 'Kitchen_4 - HDD' thermostat: controlRange=0 proportional=0 radiantProportion=0 minDeadBand=200
      ticUL: type=ticValueProfile factor=1 value=150 name='Upper Limit' extreme(max)=150 extreme(min)=150
      ticLL: type=ticValueProfile factor=1 value=-50 name='No Heating - HDD' extreme(max)=-50 extreme(min)=-50
      heating emitter 'New Heating Emitter' radiant=0 type=ticHeating | cooling emitter 'New Cooling Emitter' radiant=0 type=ticCooling
ZONE[5] guid={09305878-3B7A-46D6-82B4-3350F32FC93E} name='Ensuite_5' sizeH=0 sizeC=0 maxH=1182.2205 maxC=0
   IC#0 'Ensuite_5' thermostat: controlRange=0 proportional=0 radiantProportion=0 minDeadBand=-242508.12
      ticUL: type=ticHourlyProfile factor=1 value=150 name='No Cooling' extreme(max)=150 extreme(min)=150
      ticLL: type=ticHourlyProfile factor=1 value=-50 name='HTG_1to24_16' extreme(max)=16 extreme(min)=16
      heating emitter '' radiant=0 type=ticHeating | cooling emitter '' radiant=0 type=ticCooling
   IC#1 'Ensuite_5 - HDD' thermostat: controlRange=0 proportional=0 radiantProportion=0 minDeadBand=134
      ticUL: type=ticValueProfile factor=1 value=150 name='Upper Limit' extreme(max)=150 extreme(min)=150
      ticLL: type=ticValueProfile factor=1 value=16 name='HTG_1to24_16 - HDD' extreme(max)=16 extreme(min)=16
      heating emitter 'New Heating Emitter' radiant=0 type=ticHeating | cooling emitter 'New Cooling Emitter' radiant=0 type=ticCooling
ZONE[6] guid={B9D1680E-94E9-4D9C-A0B3-2BDDD5B53C4C} name='Bedroom 2_6' sizeH=1 sizeC=1 maxH=0 maxC=0
   IC#0 'Bedroom 2_6' thermostat: controlRange=0 proportional=0 radiantProportion=0 minDeadBand=-3.0459837E+21
      ticUL: type=ticHourlyProfile factor=1 value=150 name='No Cooling' extreme(max)=150 extreme(min)=150
      ticLL: type=ticHourlyProfile factor=1 value=-50 name='No Heating' extreme(max)=-50 extreme(min)=-50
      heating emitter '' radiant=0 type=ticHeating | cooling emitter '' radiant=0 type=ticCooling
   IC#1 'Bedroom 2_6 - HDD' thermostat: controlRange=0 proportional=0 radiantProportion=0 minDeadBand=200
      ticUL: type=ticValueProfile factor=1 value=150 name='Upper Limit' extreme(max)=150 extreme(min)=150
      ticLL: type=ticValueProfile factor=1 value=-50 name='No Heating - HDD' extreme(max)=-50 extreme(min)=-50
      heating emitter 'New Heating Emitter' radiant=0 type=ticHeating | cooling emitter 'New Cooling Emitter' radiant=0 type=ticCooling
ZONE[7] guid={79ADDCC5-E6F5-4755-AF40-71A3DE6D2178} name='Kitchen_7' sizeH=1 sizeC=1 maxH=0 maxC=0
   IC#0 'Kitchen_7' thermostat: controlRange=0 proportional=0 radiantProportion=0 minDeadBand=-1.3301602E+27
      ticUL: type=ticHourlyProfile factor=1 value=150 name='No Cooling' extreme(max)=150 extreme(min)=150
      ticLL: type=ticHourlyProfile factor=1 value=-50 name='No Heating' extreme(max)=-50 extreme(min)=-50
      heating emitter '' radiant=0 type=ticHeating | cooling emitter '' radiant=0 type=ticCooling
   IC#1 'Kitchen_7 - HDD' thermostat: controlRange=0 proportional=0 radiantProportion=0 minDeadBand=200
      ticUL: type=ticValueProfile factor=1 value=150 name='Upper Limit' extreme(max)=150 extreme(min)=150
      ticLL: type=ticValueProfile factor=1 value=-50 name='No Heating - HDD' extreme(max)=-50 extreme(min)=-50
      heating emitter 'New Heating Emitter' radiant=0 type=ticHeating | cooling emitter 'New Cooling Emitter' radiant=0 type=ticCooling
ZONE[8] guid={A4ED3D6F-64BC-47B0-B6A8-E848EA60FD30} name='Ensuite_8' sizeH=0 sizeC=0 maxH=955.9757 maxC=0
   IC#0 'Ensuite_8' thermostat: controlRange=0 proportional=0 radiantProportion=0 minDeadBand=-342741440
      ticUL: type=ticHourlyProfile factor=1 value=150 name='No Cooling' extreme(max)=150 extreme(min)=150
      ticLL: type=ticHourlyProfile factor=1 value=-50 name='HTG_1to24_16' extreme(max)=16 extreme(min)=16
      heating emitter '' radiant=0 type=ticHeating | cooling emitter '' radiant=0 type=ticCooling
   IC#1 'Ensuite_8 - HDD' thermostat: controlRange=0 proportional=0 radiantProportion=0 minDeadBand=134
      ticUL: type=ticValueProfile factor=1 value=150 name='Upper Limit' extreme(max)=150 extreme(min)=150
      ticLL: type=ticValueProfile factor=1 value=16 name='HTG_1to24_16 - HDD' extreme(max)=16 extreme(min)=16
      heating emitter 'New Heating Emitter' radiant=0 type=ticHeating | cooling emitter 'New Cooling Emitter' radiant=0 type=ticCooling
calendar dayTypes []
calendar days 1:Weekday 2:Weekday 3:Weekday 364:Sunday 365:Weekday 366:<null>
