SetYearlyValues(float[8760]), element i = 1000+i:
   yearlyValues[0] = 0
   yearlyValues[1] = 1001
   yearlyValues[2] = 1002
   yearlyValues[8759] = 9759
   yearlyValues[8760] = 9759
   yearlyValues[8761] = 0
   GetYearlyValues -> Single[*] rank=1 lb=1 ub=8760 first=1001 last=9759
SetYearlyValues(float[8761]), element i = 1000+i:
   yearlyValues[0] = 0
   yearlyValues[1] = 1001
   yearlyValues[2] = 1002
   yearlyValues[8759] = 9759
   yearlyValues[8760] = 9760
   yearlyValues[8761] = 0
   GetYearlyValues -> Single[*] rank=1 lb=1 ub=8760 first=1001 last=9760
set_yearlyValues(h, 5000+h) for h=1..8760:
   yearlyValues[1] = 5001
   yearlyValues[2] = 5002
   yearlyValues[8760] = 13760
   GetYearlyValues lb=1 ub=8760 first=5001 second=5002 last=13760
   extreme(max)=13760 extreme(min)=5001
